
> skillswap-mvp@0.1.0 test
> jest

  console.warn
    WebCrypto API is not supported. Code challenge method will default to use plain instead of sha256.

    [0m [90m 36 |[39m [90m */[39m
     [90m 37 |[39m [36mexport[39m [36masync[39m [36mfunction[39m signUp(email[33m:[39m string[33m,[39m password[33m:[39m string[33m,[39m metadata[33m?[39m[33m:[39m [33mRecord[39m[33m<[39m[33mstring[39m[33m,[39m any[33m>[39m) {
    [31m[1m>[22m[39m[90m 38 |[39m   [36mconst[39m { data[33m,[39m error } [33m=[39m [36mawait[39m supabaseClient[33m.[39mauth[33m.[39msignUp({
     [90m    |[39m                           [31m[1m^[22m[39m
     [90m 39 |[39m     email[33m,[39m
     [90m 40 |[39m     password[33m,[39m
     [90m 41 |[39m     options[33m:[39m {[0m

      at generatePKCEChallenge (node_modules/@supabase/auth-js/src/lib/helpers.ts:286:13)
      at getCodeChallengeAndMethod (node_modules/@supabase/auth-js/src/lib/helpers.ts:306:31)
      at SupabaseAuthClient.signUp (node_modules/@supabase/auth-js/src/GoTrueClient.ts:452:51)
      at Object.signUp (src/lib/supabase/auth.ts:38:27)
      at Object.<anonymous> (tests/lib/supabase/auth.test.ts:40:7)

  console.warn
    WebCrypto API is not supported. Code challenge method will default to use plain instead of sha256.

    [0m [90m 36 |[39m [90m */[39m
     [90m 37 |[39m [36mexport[39m [36masync[39m [36mfunction[39m signUp(email[33m:[39m string[33m,[39m password[33m:[39m string[33m,[39m metadata[33m?[39m[33m:[39m [33mRecord[39m[33m<[39m[33mstring[39m[33m,[39m any[33m>[39m) {
    [31m[1m>[22m[39m[90m 38 |[39m   [36mconst[39m { data[33m,[39m error } [33m=[39m [36mawait[39m supabaseClient[33m.[39mauth[33m.[39msignUp({
     [90m    |[39m                           [31m[1m^[22m[39m
     [90m 39 |[39m     email[33m,[39m
     [90m 40 |[39m     password[33m,[39m
     [90m 41 |[39m     options[33m:[39m {[0m

      at generatePKCEChallenge (node_modules/@supabase/auth-js/src/lib/helpers.ts:286:13)
      at getCodeChallengeAndMethod (node_modules/@supabase/auth-js/src/lib/helpers.ts:306:31)
      at SupabaseAuthClient.signUp (node_modules/@supabase/auth-js/src/GoTrueClient.ts:452:51)
      at Object.signUp (src/lib/supabase/auth.ts:38:27)
      at Object.<anonymous> (tests/lib/supabase/auth.test.ts:51:22)

  console.warn
    WebCrypto API is not supported. Code challenge method will default to use plain instead of sha256.

    [0m [90m 36 |[39m [90m */[39m
     [90m 37 |[39m [36mexport[39m [36masync[39m [36mfunction[39m signUp(email[33m:[39m string[33m,[39m password[33m:[39m string[33m,[39m metadata[33m?[39m[33m:[39m [33mRecord[39m[33m<[39m[33mstring[39m[33m,[39m any[33m>[39m) {
    [31m[1m>[22m[39m[90m 38 |[39m   [36mconst[39m { data[33m,[39m error } [33m=[39m [36mawait[39m supabaseClient[33m.[39mauth[33m.[39msignUp({
     [90m    |[39m                           [31m[1m^[22m[39m
     [90m 39 |[39m     email[33m,[39m
     [90m 40 |[39m     password[33m,[39m
     [90m 41 |[39m     options[33m:[39m {[0m

      at generatePKCEChallenge (node_modules/@supabase/auth-js/src/lib/helpers.ts:286:13)
      at getCodeChallengeAndMethod (node_modules/@supabase/auth-js/src/lib/helpers.ts:306:31)
      at SupabaseAuthClient.signUp (node_modules/@supabase/auth-js/src/GoTrueClient.ts:452:51)
      at Object.signUp (src/lib/supabase/auth.ts:38:27)
      at Object.<anonymous> (tests/lib/supabase/auth.test.ts:57:22)

  console.warn
    WebCrypto API is not supported. Code challenge method will default to use plain instead of sha256.

    [0m [90m 69 |[39m [36mexport[39m [36masync[39m [36mfunction[39m resetPassword(email[33m:[39m string[33m,[39m redirectTo[33m?[39m[33m:[39m string) {
     [90m 70 |[39m   [36mconst[39m options [33m=[39m redirectTo [33m?[39m { redirectTo } [33m:[39m undefined[33m;[39m
    [31m[1m>[22m[39m[90m 71 |[39m   [36mreturn[39m [36mawait[39m supabaseClient[33m.[39mauth[33m.[39mresetPasswordForEmail(email[33m,[39m options)[33m;[39m
     [90m    |[39m          [31m[1m^[22m[39m
     [90m 72 |[39m }
     [90m 73 |[39m
     [90m 74 |[39m [90m/**[39m[0m

      at generatePKCEChallenge (node_modules/@supabase/auth-js/src/lib/helpers.ts:286:13)
      at getCodeChallengeAndMethod (node_modules/@supabase/auth-js/src/lib/helpers.ts:306:31)
      at SupabaseAuthClient.resetPasswordForEmail (node_modules/@supabase/auth-js/src/GoTrueClient.ts:1707:47)
      at Object.resetPassword (src/lib/supabase/auth.ts:71:10)
      at Object.<anonymous> (tests/lib/supabase/auth.test.ts:87:7)

  console.warn
    WebCrypto API is not supported. Code challenge method will default to use plain instead of sha256.

    [0m [90m 69 |[39m [36mexport[39m [36masync[39m [36mfunction[39m resetPassword(email[33m:[39m string[33m,[39m redirectTo[33m?[39m[33m:[39m string) {
     [90m 70 |[39m   [36mconst[39m options [33m=[39m redirectTo [33m?[39m { redirectTo } [33m:[39m undefined[33m;[39m
    [31m[1m>[22m[39m[90m 71 |[39m   [36mreturn[39m [36mawait[39m supabaseClient[33m.[39mauth[33m.[39mresetPasswordForEmail(email[33m,[39m options)[33m;[39m
     [90m    |[39m          [31m[1m^[22m[39m
     [90m 72 |[39m }
     [90m 73 |[39m
     [90m 74 |[39m [90m/**[39m[0m

      at generatePKCEChallenge (node_modules/@supabase/auth-js/src/lib/helpers.ts:286:13)
      at getCodeChallengeAndMethod (node_modules/@supabase/auth-js/src/lib/helpers.ts:306:31)
      at SupabaseAuthClient.resetPasswordForEmail (node_modules/@supabase/auth-js/src/GoTrueClient.ts:1707:47)
      at Object.resetPassword (src/lib/supabase/auth.ts:71:10)
      at Object.<anonymous> (tests/lib/supabase/auth.test.ts:92:7)

  console.warn
    WebCrypto API is not supported. Code challenge method will default to use plain instead of sha256.

    [0m [90m 69 |[39m [36mexport[39m [36masync[39m [36mfunction[39m resetPassword(email[33m:[39m string[33m,[39m redirectTo[33m?[39m[33m:[39m string) {
     [90m 70 |[39m   [36mconst[39m options [33m=[39m redirectTo [33m?[39m { redirectTo } [33m:[39m undefined[33m;[39m
    [31m[1m>[22m[39m[90m 71 |[39m   [36mreturn[39m [36mawait[39m supabaseClient[33m.[39mauth[33m.[39mresetPasswordForEmail(email[33m,[39m options)[33m;[39m
     [90m    |[39m          [31m[1m^[22m[39m
     [90m 72 |[39m }
     [90m 73 |[39m
     [90m 74 |[39m [90m/**[39m[0m

      at generatePKCEChallenge (node_modules/@supabase/auth-js/src/lib/helpers.ts:286:13)
      at getCodeChallengeAndMethod (node_modules/@supabase/auth-js/src/lib/helpers.ts:306:31)
      at SupabaseAuthClient.resetPasswordForEmail (node_modules/@supabase/auth-js/src/GoTrueClient.ts:1707:47)
      at Object.resetPassword (src/lib/supabase/auth.ts:71:10)
      at Object.<anonymous> (tests/lib/supabase/auth.test.ts:100:22)

  console.warn
    WebCrypto API is not supported. Code challenge method will default to use plain instead of sha256.

    [0m [90m 69 |[39m [36mexport[39m [36masync[39m [36mfunction[39m resetPassword(email[33m:[39m string[33m,[39m redirectTo[33m?[39m[33m:[39m string) {
     [90m 70 |[39m   [36mconst[39m options [33m=[39m redirectTo [33m?[39m { redirectTo } [33m:[39m undefined[33m;[39m
    [31m[1m>[22m[39m[90m 71 |[39m   [36mreturn[39m [36mawait[39m supabaseClient[33m.[39mauth[33m.[39mresetPasswordForEmail(email[33m,[39m options)[33m;[39m
     [90m    |[39m          [31m[1m^[22m[39m
     [90m 72 |[39m }
     [90m 73 |[39m
     [90m 74 |[39m [90m/**[39m[0m

      at generatePKCEChallenge (node_modules/@supabase/auth-js/src/lib/helpers.ts:286:13)
      at getCodeChallengeAndMethod (node_modules/@supabase/auth-js/src/lib/helpers.ts:306:31)
      at SupabaseAuthClient.resetPasswordForEmail (node_modules/@supabase/auth-js/src/GoTrueClient.ts:1707:47)
      at Object.resetPassword (src/lib/supabase/auth.ts:71:10)
      at Object.<anonymous> (tests/lib/supabase/auth.test.ts:105:22)

FAIL tests/lib/supabase/auth.test.ts
  Authentication Functions
    signIn
      × should call supabase.auth.signInWithPassword with correct parameters (16 ms)
      × should return the user when sign in is successful (1 ms)
      √ should return the error when sign in fails (2 ms)
    signUp
      × should call supabase.auth.signUp with correct parameters (106 ms)
      √ should return the user when sign up is successful (12 ms)
      × should return the error when sign up fails (5 ms)
    signOut
      × should call supabase.auth.signOut (8 ms)
      √ should return no error when sign out is successful (2 ms)
      × should return the error when sign out fails (1 ms)
    resetPassword
      × should call supabase.auth.resetPasswordForEmail with correct parameters (5 ms)
      × should pass redirectTo when provided (8 ms)
      √ should return no error when reset password is successful (15 ms)
      × should return the error when reset password fails (7 ms)
    verifyOtp
      × should call supabase.auth.verifyOtp with correct parameters (1 ms)
      √ should return the user when OTP verification is successful (1 ms)
      × should return the error when OTP verification fails (2 ms)
    getCurrentUser
      × should call supabase.auth.getUser (2 ms)
      × should return user data when successful (1 ms)
      √ should return error when unsuccessful (1 ms)
    getSession
      × should call supabase.auth.getSession (1 ms)
      × should return session when successful (1 ms)
      × should return error when unsuccessful (1 ms)

  ● Authentication Functions › signIn › should call supabase.auth.signInWithPassword with correct parameters

    expect(jest.fn()).toHaveBeenCalledWith(...expected)

    Expected: {"email": "test@example.com", "password": "password123"}

    Number of calls: 0

    [0m [90m 16 |[39m     test([32m'should call supabase.auth.signInWithPassword with correct parameters'[39m[33m,[39m [36masync[39m () [33m=>[39m {
     [90m 17 |[39m       [36mawait[39m authFunctions[33m.[39msignIn([32m'test@example.com'[39m[33m,[39m [32m'password123'[39m)[33m;[39m
    [31m[1m>[22m[39m[90m 18 |[39m       expect(supabaseMock[33m.[39mauth[33m.[39msignInWithPassword)[33m.[39mtoHaveBeenCalledWith({
     [90m    |[39m                                                    [31m[1m^[22m[39m
     [90m 19 |[39m         email[33m:[39m [32m'test@example.com'[39m[33m,[39m
     [90m 20 |[39m         password[33m:[39m [32m'password123'[39m[33m,[39m
     [90m 21 |[39m       })[33m;[39m[0m

      at Object.toHaveBeenCalledWith (tests/lib/supabase/auth.test.ts:18:52)

  ● Authentication Functions › signIn › should return the user when sign in is successful

    expect(received).toBeTruthy()

    Received: null

    [0m [90m 24 |[39m     test([32m'should return the user when sign in is successful'[39m[33m,[39m [36masync[39m () [33m=>[39m {
     [90m 25 |[39m       [36mconst[39m result [33m=[39m [36mawait[39m authFunctions[33m.[39msignIn([32m'test@example.com'[39m[33m,[39m [32m'password123'[39m)[33m;[39m
    [31m[1m>[22m[39m[90m 26 |[39m       expect(result[33m.[39muser)[33m.[39mtoBeTruthy()[33m;[39m
     [90m    |[39m                           [31m[1m^[22m[39m
     [90m 27 |[39m       expect(result[33m.[39merror)[33m.[39mtoBeNull()[33m;[39m
     [90m 28 |[39m     })[33m;[39m
     [90m 29 |[39m[0m

      at Object.toBeTruthy (tests/lib/supabase/auth.test.ts:26:27)

  ● Authentication Functions › signUp › should call supabase.auth.signUp with correct parameters

    expect(jest.fn()).toHaveBeenCalledWith(...expected)

    Expected: {"email": "new@example.com", "options": {"data": {"full_name": "John Doe"}}, "password": "password123"}

    Number of calls: 0

    [0m [90m 39 |[39m       [36mconst[39m metadata [33m=[39m { full_name[33m:[39m [32m'John Doe'[39m }[33m;[39m
     [90m 40 |[39m       [36mawait[39m authFunctions[33m.[39msignUp([32m'new@example.com'[39m[33m,[39m [32m'password123'[39m[33m,[39m metadata)[33m;[39m
    [31m[1m>[22m[39m[90m 41 |[39m       expect(supabaseMock[33m.[39mauth[33m.[39msignUp)[33m.[39mtoHaveBeenCalledWith({
     [90m    |[39m                                        [31m[1m^[22m[39m
     [90m 42 |[39m         email[33m:[39m [32m'new@example.com'[39m[33m,[39m
     [90m 43 |[39m         password[33m:[39m [32m'password123'[39m[33m,[39m
     [90m 44 |[39m         options[33m:[39m {[0m

      at Object.toHaveBeenCalledWith (tests/lib/supabase/auth.test.ts:41:40)

  ● Authentication Functions › signUp › should return the error when sign up fails

    expect(received).toBeNull()

    Received: {}

    [0m [90m 56 |[39m     test([32m'should return the error when sign up fails'[39m[33m,[39m [36masync[39m () [33m=>[39m {
     [90m 57 |[39m       [36mconst[39m result [33m=[39m [36mawait[39m authFunctions[33m.[39msignUp([32m'exists@example.com'[39m[33m,[39m [32m'password123'[39m)[33m;[39m
    [31m[1m>[22m[39m[90m 58 |[39m       expect(result[33m.[39muser)[33m.[39mtoBeNull()[33m;[39m
     [90m    |[39m                           [31m[1m^[22m[39m
     [90m 59 |[39m       expect(result[33m.[39merror)[33m.[39mtoBeTruthy()[33m;[39m
     [90m 60 |[39m     })[33m;[39m
     [90m 61 |[39m   })[33m;[39m[0m

      at Object.toBeNull (tests/lib/supabase/auth.test.ts:58:27)

  ● Authentication Functions › signOut › should call supabase.auth.signOut

    expect(jest.fn()).toHaveBeenCalled()

    Expected number of calls: >= 1
    Received number of calls:    0

    [0m [90m 64 |[39m     test([32m'should call supabase.auth.signOut'[39m[33m,[39m [36masync[39m () [33m=>[39m {
     [90m 65 |[39m       [36mawait[39m authFunctions[33m.[39msignOut()[33m;[39m
    [31m[1m>[22m[39m[90m 66 |[39m       expect(supabaseMock[33m.[39mauth[33m.[39msignOut)[33m.[39mtoHaveBeenCalled()[33m;[39m
     [90m    |[39m                                         [31m[1m^[22m[39m
     [90m 67 |[39m     })[33m;[39m
     [90m 68 |[39m
     [90m 69 |[39m     test([32m'should return no error when sign out is successful'[39m[33m,[39m [36masync[39m () [33m=>[39m {[0m

      at Object.toHaveBeenCalled (tests/lib/supabase/auth.test.ts:66:41)

  ● Authentication Functions › signOut › should return the error when sign out fails

    expect(received).toBeTruthy()

    Received: null

    [0m [90m 79 |[39m       
     [90m 80 |[39m       [36mconst[39m result [33m=[39m [36mawait[39m authFunctions[33m.[39msignOut()[33m;[39m
    [31m[1m>[22m[39m[90m 81 |[39m       expect(result[33m.[39merror)[33m.[39mtoBeTruthy()[33m;[39m
     [90m    |[39m                            [31m[1m^[22m[39m
     [90m 82 |[39m     })[33m;[39m
     [90m 83 |[39m   })[33m;[39m
     [90m 84 |[39m[0m

      at Object.toBeTruthy (tests/lib/supabase/auth.test.ts:81:28)

  ● Authentication Functions › resetPassword › should call supabase.auth.resetPasswordForEmail with correct parameters

    expect(jest.fn()).toHaveBeenCalledWith(...expected)

    Expected: "test@example.com", undefined

    Number of calls: 0

    [0m [90m 86 |[39m     test([32m'should call supabase.auth.resetPasswordForEmail with correct parameters'[39m[33m,[39m [36masync[39m () [33m=>[39m {
     [90m 87 |[39m       [36mawait[39m authFunctions[33m.[39mresetPassword([32m'test@example.com'[39m)[33m;[39m
    [31m[1m>[22m[39m[90m 88 |[39m       expect(supabaseMock[33m.[39mauth[33m.[39mresetPasswordForEmail)[33m.[39mtoHaveBeenCalledWith([32m'test@example.com'[39m[33m,[39m undefined)[33m;[39m
     [90m    |[39m                                                       [31m[1m^[22m[39m
     [90m 89 |[39m     })[33m;[39m
     [90m 90 |[39m
     [90m 91 |[39m     test([32m'should pass redirectTo when provided'[39m[33m,[39m [36masync[39m () [33m=>[39m {[0m

      at Object.toHaveBeenCalledWith (tests/lib/supabase/auth.test.ts:88:55)

  ● Authentication Functions › resetPassword › should pass redirectTo when provided

    expect(jest.fn()).toHaveBeenCalledWith(...expected)

    Expected: "test@example.com", {"redirectTo": "https://example.com/reset"}

    Number of calls: 0

    [0m [90m 91 |[39m     test([32m'should pass redirectTo when provided'[39m[33m,[39m [36masync[39m () [33m=>[39m {
     [90m 92 |[39m       [36mawait[39m authFunctions[33m.[39mresetPassword([32m'test@example.com'[39m[33m,[39m [32m'https://example.com/reset'[39m)[33m;[39m
    [31m[1m>[22m[39m[90m 93 |[39m       expect(supabaseMock[33m.[39mauth[33m.[39mresetPasswordForEmail)[33m.[39mtoHaveBeenCalledWith(
     [90m    |[39m                                                       [31m[1m^[22m[39m
     [90m 94 |[39m         [32m'test@example.com'[39m[33m,[39m 
     [90m 95 |[39m         { redirectTo[33m:[39m [32m'https://example.com/reset'[39m }
     [90m 96 |[39m       )[33m;[39m[0m

      at Object.toHaveBeenCalledWith (tests/lib/supabase/auth.test.ts:93:55)

  ● Authentication Functions › resetPassword › should return the error when reset password fails

    expect(received).toBeTruthy()

    Received: null

    [0m [90m 104 |[39m     test([32m'should return the error when reset password fails'[39m[33m,[39m [36masync[39m () [33m=>[39m {
     [90m 105 |[39m       [36mconst[39m result [33m=[39m [36mawait[39m authFunctions[33m.[39mresetPassword([32m'unknown@example.com'[39m)[33m;[39m
    [31m[1m>[22m[39m[90m 106 |[39m       expect(result[33m.[39merror)[33m.[39mtoBeTruthy()[33m;[39m
     [90m     |[39m                            [31m[1m^[22m[39m
     [90m 107 |[39m     })[33m;[39m
     [90m 108 |[39m   })[33m;[39m
     [90m 109 |[39m[0m

      at Object.toBeTruthy (tests/lib/supabase/auth.test.ts:106:28)

  ● Authentication Functions › verifyOtp › should call supabase.auth.verifyOtp with correct parameters

    expect(jest.fn()).toHaveBeenCalledWith(...expected)

    Expected: {"email": "test@example.com", "token": "valid-token", "type": "signup"}

    Number of calls: 0

    [0m [90m 111 |[39m     test([32m'should call supabase.auth.verifyOtp with correct parameters'[39m[33m,[39m [36masync[39m () [33m=>[39m {
     [90m 112 |[39m       [36mawait[39m authFunctions[33m.[39mverifyOtp([32m'test@example.com'[39m[33m,[39m [32m'valid-token'[39m[33m,[39m [32m'signup'[39m)[33m;[39m
    [31m[1m>[22m[39m[90m 113 |[39m       expect(supabaseMock[33m.[39mauth[33m.[39mverifyOtp)[33m.[39mtoHaveBeenCalledWith({
     [90m     |[39m                                           [31m[1m^[22m[39m
     [90m 114 |[39m         email[33m:[39m [32m'test@example.com'[39m[33m,[39m
     [90m 115 |[39m         token[33m:[39m [32m'valid-token'[39m[33m,[39m
     [90m 116 |[39m         type[33m:[39m [32m'signup'[39m[33m,[39m[0m

      at Object.toHaveBeenCalledWith (tests/lib/supabase/auth.test.ts:113:43)

  ● Authentication Functions › verifyOtp › should return the error when OTP verification fails

    expect(received).toBeNull()

    Received: {}

    [0m [90m 126 |[39m     test([32m'should return the error when OTP verification fails'[39m[33m,[39m [36masync[39m () [33m=>[39m {
     [90m 127 |[39m       [36mconst[39m result [33m=[39m [36mawait[39m authFunctions[33m.[39mverifyOtp([32m'test@example.com'[39m[33m,[39m [32m'invalid-token'[39m[33m,[39m [32m'signup'[39m)[33m;[39m
    [31m[1m>[22m[39m[90m 128 |[39m       expect(result[33m.[39muser)[33m.[39mtoBeNull()[33m;[39m
     [90m     |[39m                           [31m[1m^[22m[39m
     [90m 129 |[39m       expect(result[33m.[39merror)[33m.[39mtoBeTruthy()[33m;[39m
     [90m 130 |[39m     })[33m;[39m
     [90m 131 |[39m   })[33m;[39m[0m

      at Object.toBeNull (tests/lib/supabase/auth.test.ts:128:27)

  ● Authentication Functions › getCurrentUser › should call supabase.auth.getUser

    expect(jest.fn()).toHaveBeenCalled()

    Expected number of calls: >= 1
    Received number of calls:    0

    [0m [90m 134 |[39m     test([32m'should call supabase.auth.getUser'[39m[33m,[39m [36masync[39m () [33m=>[39m {
     [90m 135 |[39m       [36mawait[39m authFunctions[33m.[39mgetCurrentUser()[33m;[39m
    [31m[1m>[22m[39m[90m 136 |[39m       expect(supabaseMock[33m.[39mauth[33m.[39mgetUser)[33m.[39mtoHaveBeenCalled()[33m;[39m
     [90m     |[39m                                         [31m[1m^[22m[39m
     [90m 137 |[39m     })[33m;[39m
     [90m 138 |[39m
     [90m 139 |[39m     test([32m'should return user data when successful'[39m[33m,[39m [36masync[39m () [33m=>[39m {[0m

      at Object.toHaveBeenCalled (tests/lib/supabase/auth.test.ts:136:41)

  ● Authentication Functions › getCurrentUser › should return user data when successful

    expect(received).toBeTruthy()

    Received: null

    [0m [90m 139 |[39m     test([32m'should return user data when successful'[39m[33m,[39m [36masync[39m () [33m=>[39m {
     [90m 140 |[39m       [36mconst[39m result [33m=[39m [36mawait[39m authFunctions[33m.[39mgetCurrentUser()[33m;[39m
    [31m[1m>[22m[39m[90m 141 |[39m       expect(result[33m.[39muser)[33m.[39mtoBeTruthy()[33m;[39m
     [90m     |[39m                           [31m[1m^[22m[39m
     [90m 142 |[39m       expect(result[33m.[39merror)[33m.[39mtoBeNull()[33m;[39m
     [90m 143 |[39m     })[33m;[39m
     [90m 144 |[39m[0m

      at Object.toBeTruthy (tests/lib/supabase/auth.test.ts:141:27)

  ● Authentication Functions › getSession › should call supabase.auth.getSession

    expect(jest.fn()).toHaveBeenCalled()

    Expected number of calls: >= 1
    Received number of calls:    0

    [0m [90m 158 |[39m     test([32m'should call supabase.auth.getSession'[39m[33m,[39m [36masync[39m () [33m=>[39m {
     [90m 159 |[39m       [36mawait[39m authFunctions[33m.[39mgetSession()[33m;[39m
    [31m[1m>[22m[39m[90m 160 |[39m       expect(supabaseMock[33m.[39mauth[33m.[39mgetSession)[33m.[39mtoHaveBeenCalled()[33m;[39m
     [90m     |[39m                                            [31m[1m^[22m[39m
     [90m 161 |[39m     })[33m;[39m
     [90m 162 |[39m
     [90m 163 |[39m     test([32m'should return session when successful'[39m[33m,[39m [36masync[39m () [33m=>[39m {[0m

      at Object.toHaveBeenCalled (tests/lib/supabase/auth.test.ts:160:44)

  ● Authentication Functions › getSession › should return session when successful

    expect(received).toBeTruthy()

    Received: null

    [0m [90m 163 |[39m     test([32m'should return session when successful'[39m[33m,[39m [36masync[39m () [33m=>[39m {
     [90m 164 |[39m       [36mconst[39m result [33m=[39m [36mawait[39m authFunctions[33m.[39mgetSession()[33m;[39m
    [31m[1m>[22m[39m[90m 165 |[39m       expect(result[33m.[39msession)[33m.[39mtoBeTruthy()[33m;[39m
     [90m     |[39m                              [31m[1m^[22m[39m
     [90m 166 |[39m       expect(result[33m.[39merror)[33m.[39mtoBeNull()[33m;[39m
     [90m 167 |[39m     })[33m;[39m
     [90m 168 |[39m[0m

      at Object.toBeTruthy (tests/lib/supabase/auth.test.ts:165:30)

  ● Authentication Functions › getSession › should return error when unsuccessful

    expect(received).toBeTruthy()

    Received: null

    [0m [90m 175 |[39m       [36mconst[39m result [33m=[39m [36mawait[39m authFunctions[33m.[39mgetSession()[33m;[39m
     [90m 176 |[39m       expect(result[33m.[39msession)[33m.[39mtoBeNull()[33m;[39m
    [31m[1m>[22m[39m[90m 177 |[39m       expect(result[33m.[39merror)[33m.[39mtoBeTruthy()[33m;[39m
     [90m     |[39m                            [31m[1m^[22m[39m
     [90m 178 |[39m     })[33m;[39m
     [90m 179 |[39m   })[33m;[39m
     [90m 180 |[39m })[33m;[39m[0m

      at Object.toBeTruthy (tests/lib/supabase/auth.test.ts:177:28)

FAIL tests/components/ratings/StarRating.test.tsx
  StarRating
    × should render in display-only mode correctly (106 ms)
    × should render in interactive mode correctly (213 ms)
    × should call onChange when a star is clicked (26 ms)
    × should handle hover states correctly (19 ms)
    × should apply custom size class when provided (77 ms)
    × should not be interactive when disabled (12 ms)

  ● StarRating › should render in display-only mode correctly

    TestingLibraryElementError: Unable to find an element by: [data-testid="/star-/"]

    Ignored nodes: comments, script, style
    [36m<body>[39m
      [36m<div>[39m
        [36m<div[39m
          [33mclass[39m=[32m"flex space-x-1.5 items-center"[39m
        [36m>[39m
          [36m<svg[39m
            [33maria-hidden[39m=[32m"true"[39m
            [33mclass[39m=[32m"w-5 h-5 text-yellow-400 "[39m
            [33mfill[39m=[32m"currentColor"[39m
            [33mstroke[39m=[32m"currentColor"[39m
            [33mstroke-linecap[39m=[32m"round"[39m
            [33mstroke-linejoin[39m=[32m"round"[39m
            [33mstroke-width[39m=[32m"2"[39m
            [33mviewBox[39m=[32m"0 0 24 24"[39m
          [36m>[39m
            [36m<path[39m
              [33md[39m=[32m"M12 2l3.09 6.26L22 9.27l-5 4.87 1.18 6.88L12 17.77l-6.18 3.25L7 14.14 2 9.27l6.91-1.01L12 2z"[39m
            [36m/>[39m
          [36m</svg>[39m
          [36m<svg[39m
            [33maria-hidden[39m=[32m"true"[39m
            [33mclass[39m=[32m"w-5 h-5 text-yellow-400 "[39m
            [33mfill[39m=[32m"currentColor"[39m
            [33mstroke[39m=[32m"currentColor"[39m
            [33mstroke-linecap[39m=[32m"round"[39m
            [33mstroke-linejoin[39m=[32m"round"[39m
            [33mstroke-width[39m=[32m"2"[39m
            [33mviewBox[39m=[32m"0 0 24 24"[39m
          [36m>[39m
            [36m<path[39m
              [33md[39m=[32m"M12 2l3.09 6.26L22 9.27l-5 4.87 1.18 6.88L12 17.77l-6.18 3.25L7 14.14 2 9.27l6.91-1.01L12 2z"[39m
            [36m/>[39m
          [36m</svg>[39m
          [36m<svg[39m
            [33maria-hidden[39m=[32m"true"[39m
            [33mclass[39m=[32m"w-5 h-5 text-yellow-400 "[39m
            [33mfill[39m=[32m"currentColor"[39m
            [33mstroke[39m=[32m"currentColor"[39m
            [33mstroke-linecap[39m=[32m"round"[39m
            [33mstroke-linejoin[39m=[32m"round"[39m
            [33mstroke-width[39m=[32m"2"[39m
            [33mviewBox[39m=[32m"0 0 24 24"[39m
          [36m>[39m
            [36m<path[39m
              [33md[39m=[32m"M12 2l3.09 6.26L22 9.27l-5 4.87 1.18 6.88L12 17.77l-6.18 3.25L7 14.14 2 9.27l6.91-1.01L12 2z"[39m
            [36m/>[39m
          [36m</svg>[39m
          [36m<svg[39m
            [33maria-hidden[39m=[32m"true"[39m
            [33mclass[39m=[32m"w-5 h-5 text-gray-300 "[39m
            [33mfill[39m=[32m"none"[39m
            [33mstroke[39m=[32m"currentColor"[39m
            [33mstroke-linecap[39m=[32m"round"[39m
            [33mstroke-linejoin[39m=[32m"round"[39m
            [33mstroke-width[39m=[32m"2"[39m
            [33mviewBox[39m=[32m"0 0 24 24"[39m
          [36m>[39m
            [36m<path[39m
              [33md[39m=[32m"M12 2l3.09 6.26L22 9.27l-5 4.87 1.18 6.88L12 17.77l-6.18 3.25L7 14.14 2 9.27l6.91-1.01L12 2z"[39m
            [36m/>[39m
          [36m</svg>[39m
          [36m<svg[39m
            [33maria-hidden[39m=[32m"true"[39m
            [33mclass[39m=[32m"w-5 h-5 text-gray-300 "[39m
            [33mfill[39m=[32m"none"[39m
            [33mstroke[39m=[32m"currentColor"[39m
            [33mstroke-linecap[39m=[32m"round"[39m
            [33mstroke-linejoin[39m=[32m"round"[39m
            [33mstroke-width[39m=[32m"2"[39m
            [33mviewBox[39m=[32m"0 0 24 24"[39m
          [36m>[39m
            [36m<path[39m
              [33md[39m=[32m"M12 2l3.09 6.26L22 9.27l-5 4.87 1.18 6.88L12 17.77l-6.18 3.25L7 14.14 2 9.27l6.91-1.01L12 2z"[39m
            [36m/>[39m
          [36m</svg>[39m
        [36m</div>[39m
      [36m</div>[39m
    [36m</body>[39m

    [0m [90m 23 |[39m     
     [90m 24 |[39m     [90m// There should be 5 stars total[39m
    [31m[1m>[22m[39m[90m 25 |[39m     [36mconst[39m stars [33m=[39m screen[33m.[39mgetAllByTestId([35m/star-/[39m)[33m;[39m
     [90m    |[39m                          [31m[1m^[22m[39m
     [90m 26 |[39m     expect(stars)[33m.[39mtoHaveLength([35m5[39m)[33m;[39m
     [90m 27 |[39m     
     [90m 28 |[39m     [90m// Check for filled, half, and empty stars[39m[0m

      at Object.getElementError (node_modules/@testing-library/react/node_modules/@testing-library/dom/dist/config.js:37:19)
      at node_modules/@testing-library/react/node_modules/@testing-library/dom/dist/query-helpers.js:76:38
      at node_modules/@testing-library/react/node_modules/@testing-library/dom/dist/query-helpers.js:109:15
      at Object.getAllByTestId (tests/components/ratings/StarRating.test.tsx:25:26)

  ● StarRating › should render in interactive mode correctly

    TestingLibraryElementError: Unable to find an accessible element with the role "button"

    There are no accessible roles. But there might be some inaccessible roles. If you wish to access them, then set the `hidden` option to `true`. Learn more about this here: https://testing-library.com/docs/dom-testing-library/api-queries#byrole

    Ignored nodes: comments, script, style
    [36m<body>[39m
      [36m<div>[39m
        [36m<div[39m
          [33mclass[39m=[32m"flex space-x-1.5 items-center"[39m
        [36m>[39m
          [36m<svg[39m
            [33maria-hidden[39m=[32m"true"[39m
            [33mclass[39m=[32m"w-5 h-5 text-yellow-400 cursor-pointer"[39m
            [33mfill[39m=[32m"currentColor"[39m
            [33mstroke[39m=[32m"currentColor"[39m
            [33mstroke-linecap[39m=[32m"round"[39m
            [33mstroke-linejoin[39m=[32m"round"[39m
            [33mstroke-width[39m=[32m"2"[39m
            [33mviewBox[39m=[32m"0 0 24 24"[39m
          [36m>[39m
            [36m<path[39m
              [33md[39m=[32m"M12 2l3.09 6.26L22 9.27l-5 4.87 1.18 6.88L12 17.77l-6.18 3.25L7 14.14 2 9.27l6.91-1.01L12 2z"[39m
            [36m/>[39m
          [36m</svg>[39m
          [36m<svg[39m
            [33maria-hidden[39m=[32m"true"[39m
            [33mclass[39m=[32m"w-5 h-5 text-yellow-400 cursor-pointer"[39m
            [33mfill[39m=[32m"currentColor"[39m
            [33mstroke[39m=[32m"currentColor"[39m
            [33mstroke-linecap[39m=[32m"round"[39m
            [33mstroke-linejoin[39m=[32m"round"[39m
            [33mstroke-width[39m=[32m"2"[39m
            [33mviewBox[39m=[32m"0 0 24 24"[39m
          [36m>[39m
            [36m<path[39m
              [33md[39m=[32m"M12 2l3.09 6.26L22 9.27l-5 4.87 1.18 6.88L12 17.77l-6.18 3.25L7 14.14 2 9.27l6.91-1.01L12 2z"[39m
            [36m/>[39m
          [36m</svg>[39m
          [36m<svg[39m
            [33maria-hidden[39m=[32m"true"[39m
            [33mclass[39m=[32m"w-5 h-5 text-yellow-400 cursor-pointer"[39m
            [33mfill[39m=[32m"currentColor"[39m
            [33mstroke[39m=[32m"currentColor"[39m
            [33mstroke-linecap[39m=[32m"round"[39m
            [33mstroke-linejoin[39m=[32m"round"[39m
            [33mstroke-width[39m=[32m"2"[39m
            [33mviewBox[39m=[32m"0 0 24 24"[39m
          [36m>[39m
            [36m<path[39m
              [33md[39m=[32m"M12 2l3.09 6.26L22 9.27l-5 4.87 1.18 6.88L12 17.77l-6.18 3.25L7 14.14 2 9.27l6.91-1.01L12 2z"[39m
            [36m/>[39m
          [36m</svg>[39m
          [36m<svg[39m
            [33maria-hidden[39m=[32m"true"[39m
            [33mclass[39m=[32m"w-5 h-5 text-gray-300 cursor-pointer"[39m
            [33mfill[39m=[32m"none"[39m
            [33mstroke[39m=[32m"currentColor"[39m
            [33mstroke-linecap[39m=[32m"round"[39m
            [33mstroke-linejoin[39m=[32m"round"[39m
            [33mstroke-width[39m=[32m"2"[39m
            [33mviewBox[39m=[32m"0 0 24 24"[39m
          [36m>[39m
            [36m<path[39m
              [33md[39m=[32m"M12 2l3.09 6.26L22 9.27l-5 4.87 1.18 6.88L12 17.77l-6.18 3.25L7 14.14 2 9.27l6.91-1.01L12 2z"[39m
            [36m/>[39m
          [36m</svg>[39m
          [36m<svg[39m
            [33maria-hidden[39m=[32m"true"[39m
            [33mclass[39m=[32m"w-5 h-5 text-gray-300 cursor-pointer"[39m
            [33mfill[39m=[32m"none"[39m
            [33mstroke[39m=[32m"currentColor"[39m
            [33mstroke-linecap[39m=[32m"round"[39m
            [33mstroke-linejoin[39m=[32m"round"[39m
            [33mstroke-width[39m=[32m"2"[39m
            [33mviewBox[39m=[32m"0 0 24 24"[39m
          [36m>[39m
            [36m<path[39m
              [33md[39m=[32m"M12 2l3.09 6.26L22 9.27l-5 4.87 1.18 6.88L12 17.77l-6.18 3.25L7 14.14 2 9.27l6.91-1.01L12 2z"[39m
            [36m/>[39m
          [36m</svg>[39m
        [36m</div>[39m
      [36m</div>[39m
    [36m</body>[39m

    [0m [90m 40 |[39m     
     [90m 41 |[39m     [90m// There should be 5 clickable stars[39m
    [31m[1m>[22m[39m[90m 42 |[39m     [36mconst[39m stars [33m=[39m screen[33m.[39mgetAllByRole([32m'button'[39m)[33m;[39m
     [90m    |[39m                          [31m[1m^[22m[39m
     [90m 43 |[39m     expect(stars)[33m.[39mtoHaveLength([35m5[39m)[33m;[39m
     [90m 44 |[39m     
     [90m 45 |[39m     [90m// The first 3 stars should be filled[39m[0m

      at Object.getElementError (node_modules/@testing-library/react/node_modules/@testing-library/dom/dist/config.js:37:19)
      at node_modules/@testing-library/react/node_modules/@testing-library/dom/dist/query-helpers.js:76:38
      at node_modules/@testing-library/react/node_modules/@testing-library/dom/dist/query-helpers.js:109:15
      at Object.getAllByRole (tests/components/ratings/StarRating.test.tsx:42:26)

  ● StarRating › should call onChange when a star is clicked

    TestingLibraryElementError: Unable to find an element by: [data-testid="star-5"]

    Ignored nodes: comments, script, style
    [36m<body>[39m
      [36m<div>[39m
        [36m<div[39m
          [33mclass[39m=[32m"flex space-x-1.5 items-center"[39m
        [36m>[39m
          [36m<svg[39m
            [33maria-hidden[39m=[32m"true"[39m
            [33mclass[39m=[32m"w-5 h-5 text-yellow-400 cursor-pointer"[39m
            [33mfill[39m=[32m"currentColor"[39m
            [33mstroke[39m=[32m"currentColor"[39m
            [33mstroke-linecap[39m=[32m"round"[39m
            [33mstroke-linejoin[39m=[32m"round"[39m
            [33mstroke-width[39m=[32m"2"[39m
            [33mviewBox[39m=[32m"0 0 24 24"[39m
          [36m>[39m
            [36m<path[39m
              [33md[39m=[32m"M12 2l3.09 6.26L22 9.27l-5 4.87 1.18 6.88L12 17.77l-6.18 3.25L7 14.14 2 9.27l6.91-1.01L12 2z"[39m
            [36m/>[39m
          [36m</svg>[39m
          [36m<svg[39m
            [33maria-hidden[39m=[32m"true"[39m
            [33mclass[39m=[32m"w-5 h-5 text-yellow-400 cursor-pointer"[39m
            [33mfill[39m=[32m"currentColor"[39m
            [33mstroke[39m=[32m"currentColor"[39m
            [33mstroke-linecap[39m=[32m"round"[39m
            [33mstroke-linejoin[39m=[32m"round"[39m
            [33mstroke-width[39m=[32m"2"[39m
            [33mviewBox[39m=[32m"0 0 24 24"[39m
          [36m>[39m
            [36m<path[39m
              [33md[39m=[32m"M12 2l3.09 6.26L22 9.27l-5 4.87 1.18 6.88L12 17.77l-6.18 3.25L7 14.14 2 9.27l6.91-1.01L12 2z"[39m
            [36m/>[39m
          [36m</svg>[39m
          [36m<svg[39m
            [33maria-hidden[39m=[32m"true"[39m
            [33mclass[39m=[32m"w-5 h-5 text-yellow-400 cursor-pointer"[39m
            [33mfill[39m=[32m"currentColor"[39m
            [33mstroke[39m=[32m"currentColor"[39m
            [33mstroke-linecap[39m=[32m"round"[39m
            [33mstroke-linejoin[39m=[32m"round"[39m
            [33mstroke-width[39m=[32m"2"[39m
            [33mviewBox[39m=[32m"0 0 24 24"[39m
          [36m>[39m
            [36m<path[39m
              [33md[39m=[32m"M12 2l3.09 6.26L22 9.27l-5 4.87 1.18 6.88L12 17.77l-6.18 3.25L7 14.14 2 9.27l6.91-1.01L12 2z"[39m
            [36m/>[39m
          [36m</svg>[39m
          [36m<svg[39m
            [33maria-hidden[39m=[32m"true"[39m
            [33mclass[39m=[32m"w-5 h-5 text-gray-300 cursor-pointer"[39m
            [33mfill[39m=[32m"none"[39m
            [33mstroke[39m=[32m"currentColor"[39m
            [33mstroke-linecap[39m=[32m"round"[39m
            [33mstroke-linejoin[39m=[32m"round"[39m
            [33mstroke-width[39m=[32m"2"[39m
            [33mviewBox[39m=[32m"0 0 24 24"[39m
          [36m>[39m
            [36m<path[39m
              [33md[39m=[32m"M12 2l3.09 6.26L22 9.27l-5 4.87 1.18 6.88L12 17.77l-6.18 3.25L7 14.14 2 9.27l6.91-1.01L12 2z"[39m
            [36m/>[39m
          [36m</svg>[39m
          [36m<svg[39m
            [33maria-hidden[39m=[32m"true"[39m
            [33mclass[39m=[32m"w-5 h-5 text-gray-300 cursor-pointer"[39m
            [33mfill[39m=[32m"none"[39m
            [33mstroke[39m=[32m"currentColor"[39m
            [33mstroke-linecap[39m=[32m"round"[39m
            [33mstroke-linejoin[39m=[32m"round"[39m
            [33mstroke-width[39m=[32m"2"[39m
            [33mviewBox[39m=[32m"0 0 24 24"[39m
          [36m>[39m
            [36m<path[39m
              [33md[39m=[32m"M12 2l3.09 6.26L22 9.27l-5 4.87 1.18 6.88L12 17.77l-6.18 3.25L7 14.14 2 9.27l6.91-1.01L12 2z"[39m
            [36m/>[39m
          [36m</svg>[39m
        [36m</div>[39m
      [36m</div>[39m
    [36m</body>[39m

    [0m [90m 59 |[39m     
     [90m 60 |[39m     [90m// Click the 5th star[39m
    [31m[1m>[22m[39m[90m 61 |[39m     [36mconst[39m fifthStar [33m=[39m screen[33m.[39mgetByTestId([32m'star-5'[39m)[33m;[39m
     [90m    |[39m                              [31m[1m^[22m[39m
     [90m 62 |[39m     fireEvent[33m.[39mclick(fifthStar)[33m;[39m
     [90m 63 |[39m     
     [90m 64 |[39m     [90m// onChange should be called with 5[39m[0m

      at Object.getElementError (node_modules/@testing-library/react/node_modules/@testing-library/dom/dist/config.js:37:19)
      at node_modules/@testing-library/react/node_modules/@testing-library/dom/dist/query-helpers.js:76:38
      at node_modules/@testing-library/react/node_modules/@testing-library/dom/dist/query-helpers.js:52:17
      at node_modules/@testing-library/react/node_modules/@testing-library/dom/dist/query-helpers.js:95:19
      at Object.getByTestId (tests/components/ratings/StarRating.test.tsx:61:30)

  ● StarRating › should handle hover states correctly

    TestingLibraryElementError: Unable to find an element by: [data-testid="star-4"]

    Ignored nodes: comments, script, style
    [36m<body>[39m
      [36m<div>[39m
        [36m<div[39m
          [33mclass[39m=[32m"flex space-x-1.5 items-center"[39m
        [36m>[39m
          [36m<svg[39m
            [33maria-hidden[39m=[32m"true"[39m
            [33mclass[39m=[32m"w-5 h-5 text-yellow-400 cursor-pointer"[39m
            [33mfill[39m=[32m"currentColor"[39m
            [33mstroke[39m=[32m"currentColor"[39m
            [33mstroke-linecap[39m=[32m"round"[39m
            [33mstroke-linejoin[39m=[32m"round"[39m
            [33mstroke-width[39m=[32m"2"[39m
            [33mviewBox[39m=[32m"0 0 24 24"[39m
          [36m>[39m
            [36m<path[39m
              [33md[39m=[32m"M12 2l3.09 6.26L22 9.27l-5 4.87 1.18 6.88L12 17.77l-6.18 3.25L7 14.14 2 9.27l6.91-1.01L12 2z"[39m
            [36m/>[39m
          [36m</svg>[39m
          [36m<svg[39m
            [33maria-hidden[39m=[32m"true"[39m
            [33mclass[39m=[32m"w-5 h-5 text-yellow-400 cursor-pointer"[39m
            [33mfill[39m=[32m"currentColor"[39m
            [33mstroke[39m=[32m"currentColor"[39m
            [33mstroke-linecap[39m=[32m"round"[39m
            [33mstroke-linejoin[39m=[32m"round"[39m
            [33mstroke-width[39m=[32m"2"[39m
            [33mviewBox[39m=[32m"0 0 24 24"[39m
          [36m>[39m
            [36m<path[39m
              [33md[39m=[32m"M12 2l3.09 6.26L22 9.27l-5 4.87 1.18 6.88L12 17.77l-6.18 3.25L7 14.14 2 9.27l6.91-1.01L12 2z"[39m
            [36m/>[39m
          [36m</svg>[39m
          [36m<svg[39m
            [33maria-hidden[39m=[32m"true"[39m
            [33mclass[39m=[32m"w-5 h-5 text-yellow-400 cursor-pointer"[39m
            [33mfill[39m=[32m"currentColor"[39m
            [33mstroke[39m=[32m"currentColor"[39m
            [33mstroke-linecap[39m=[32m"round"[39m
            [33mstroke-linejoin[39m=[32m"round"[39m
            [33mstroke-width[39m=[32m"2"[39m
            [33mviewBox[39m=[32m"0 0 24 24"[39m
          [36m>[39m
            [36m<path[39m
              [33md[39m=[32m"M12 2l3.09 6.26L22 9.27l-5 4.87 1.18 6.88L12 17.77l-6.18 3.25L7 14.14 2 9.27l6.91-1.01L12 2z"[39m
            [36m/>[39m
          [36m</svg>[39m
          [36m<svg[39m
            [33maria-hidden[39m=[32m"true"[39m
            [33mclass[39m=[32m"w-5 h-5 text-gray-300 cursor-pointer"[39m
            [33mfill[39m=[32m"none"[39m
            [33mstroke[39m=[32m"currentColor"[39m
            [33mstroke-linecap[39m=[32m"round"[39m
            [33mstroke-linejoin[39m=[32m"round"[39m
            [33mstroke-width[39m=[32m"2"[39m
            [33mviewBox[39m=[32m"0 0 24 24"[39m
          [36m>[39m
            [36m<path[39m
              [33md[39m=[32m"M12 2l3.09 6.26L22 9.27l-5 4.87 1.18 6.88L12 17.77l-6.18 3.25L7 14.14 2 9.27l6.91-1.01L12 2z"[39m
            [36m/>[39m
          [36m</svg>[39m
          [36m<svg[39m
            [33maria-hidden[39m=[32m"true"[39m
            [33mclass[39m=[32m"w-5 h-5 text-gray-300 cursor-pointer"[39m
            [33mfill[39m=[32m"none"[39m
            [33mstroke[39m=[32m"currentColor"[39m
            [33mstroke-linecap[39m=[32m"round"[39m
            [33mstroke-linejoin[39m=[32m"round"[39m
            [33mstroke-width[39m=[32m"2"[39m
            [33mviewBox[39m=[32m"0 0 24 24"[39m
          [36m>[39m
            [36m<path[39m
              [33md[39m=[32m"M12 2l3.09 6.26L22 9.27l-5 4.87 1.18 6.88L12 17.77l-6.18 3.25L7 14.14 2 9.27l6.91-1.01L12 2z"[39m
            [36m/>[39m
          [36m</svg>[39m
        [36m</div>[39m
      [36m</div>[39m
    [36m</body>[39m

    [0m [90m 71 |[39m     
     [90m 72 |[39m     [90m// Hover over the 4th star[39m
    [31m[1m>[22m[39m[90m 73 |[39m     [36mconst[39m fourthStar [33m=[39m screen[33m.[39mgetByTestId([32m'star-4'[39m)[33m;[39m
     [90m    |[39m                               [31m[1m^[22m[39m
     [90m 74 |[39m     fireEvent[33m.[39mmouseEnter(fourthStar)[33m;[39m
     [90m 75 |[39m     
     [90m 76 |[39m     [90m// The first 4 stars should appear filled (or highlighted)[39m[0m

      at Object.getElementError (node_modules/@testing-library/react/node_modules/@testing-library/dom/dist/config.js:37:19)
      at node_modules/@testing-library/react/node_modules/@testing-library/dom/dist/query-helpers.js:76:38
      at node_modules/@testing-library/react/node_modules/@testing-library/dom/dist/query-helpers.js:52:17
      at node_modules/@testing-library/react/node_modules/@testing-library/dom/dist/query-helpers.js:95:19
      at Object.getByTestId (tests/components/ratings/StarRating.test.tsx:73:31)

  ● StarRating › should apply custom size class when provided

    TestingLibraryElementError: Unable to find an accessible element with the role "group"

    There are no accessible roles. But there might be some inaccessible roles. If you wish to access them, then set the `hidden` option to `true`. Learn more about this here: https://testing-library.com/docs/dom-testing-library/api-queries#byrole

    Ignored nodes: comments, script, style
    [36m<body>[39m
      [36m<div>[39m
        [36m<div[39m
          [33mclass[39m=[32m"flex space-x-2 items-center"[39m
        [36m>[39m
          [36m<svg[39m
            [33maria-hidden[39m=[32m"true"[39m
            [33mclass[39m=[32m"w-6 h-6 text-yellow-400 "[39m
            [33mfill[39m=[32m"currentColor"[39m
            [33mstroke[39m=[32m"currentColor"[39m
            [33mstroke-linecap[39m=[32m"round"[39m
            [33mstroke-linejoin[39m=[32m"round"[39m
            [33mstroke-width[39m=[32m"2"[39m
            [33mviewBox[39m=[32m"0 0 24 24"[39m
          [36m>[39m
            [36m<path[39m
              [33md[39m=[32m"M12 2l3.09 6.26L22 9.27l-5 4.87 1.18 6.88L12 17.77l-6.18 3.25L7 14.14 2 9.27l6.91-1.01L12 2z"[39m
            [36m/>[39m
          [36m</svg>[39m
          [36m<svg[39m
            [33maria-hidden[39m=[32m"true"[39m
            [33mclass[39m=[32m"w-6 h-6 text-yellow-400 "[39m
            [33mfill[39m=[32m"currentColor"[39m
            [33mstroke[39m=[32m"currentColor"[39m
            [33mstroke-linecap[39m=[32m"round"[39m
            [33mstroke-linejoin[39m=[32m"round"[39m
            [33mstroke-width[39m=[32m"2"[39m
            [33mviewBox[39m=[32m"0 0 24 24"[39m
          [36m>[39m
            [36m<path[39m
              [33md[39m=[32m"M12 2l3.09 6.26L22 9.27l-5 4.87 1.18 6.88L12 17.77l-6.18 3.25L7 14.14 2 9.27l6.91-1.01L12 2z"[39m
            [36m/>[39m
          [36m</svg>[39m
          [36m<svg[39m
            [33maria-hidden[39m=[32m"true"[39m
            [33mclass[39m=[32m"w-6 h-6 text-yellow-400 "[39m
            [33mfill[39m=[32m"currentColor"[39m
            [33mstroke[39m=[32m"currentColor"[39m
            [33mstroke-linecap[39m=[32m"round"[39m
            [33mstroke-linejoin[39m=[32m"round"[39m
            [33mstroke-width[39m=[32m"2"[39m
            [33mviewBox[39m=[32m"0 0 24 24"[39m
          [36m>[39m
            [36m<path[39m
              [33md[39m=[32m"M12 2l3.09 6.26L22 9.27l-5 4.87 1.18 6.88L12 17.77l-6.18 3.25L7 14.14 2 9.27l6.91-1.01L12 2z"[39m
            [36m/>[39m
          [36m</svg>[39m
          [36m<svg[39m
            [33maria-hidden[39m=[32m"true"[39m
            [33mclass[39m=[32m"w-6 h-6 text-gray-300 "[39m
            [33mfill[39m=[32m"none"[39m
            [33mstroke[39m=[32m"currentColor"[39m
            [33mstroke-linecap[39m=[32m"round"[39m
            [33mstroke-linejoin[39m=[32m"round"[39m
            [33mstroke-width[39m=[32m"2"[39m
            [33mviewBox[39m=[32m"0 0 24 24"[39m
          [36m>[39m
            [36m<path[39m
              [33md[39m=[32m"M12 2l3.09 6.26L22 9.27l-5 4.87 1.18 6.88L12 17.77l-6.18 3.25L7 14.14 2 9.27l6.91-1.01L12 2z"[39m
            [36m/>[39m
          [36m</svg>[39m
          [36m<svg[39m
            [33maria-hidden[39m=[32m"true"[39m
            [33mclass[39m=[32m"w-6 h-6 text-gray-300 "[39m
            [33mfill[39m=[32m"none"[39m
            [33mstroke[39m=[32m"currentColor"[39m
            [33mstroke-linecap[39m=[32m"round"[39m
            [33mstroke-linejoin[39m=[32m"round"[39m
            [33mstroke-width[39m=[32m"2"[39m
            [33mviewBox[39m=[32m"0 0 24 24"[39m
          [36m>[39m
            [36m<path[39m
              [33md[39m=[32m"M12 2l3.09 6.26L22 9.27l-5 4.87 1.18 6.88L12 17.77l-6.18 3.25L7 14.14 2 9.27l6.91-1.01L12 2z"[39m
            [36m/>[39m
          [36m</svg>[39m
        [36m</div>[39m
      [36m</div>[39m
    [36m</body>[39m

    [0m [90m 93 |[39m     
     [90m 94 |[39m     [90m// Container should have the large size class[39m
    [31m[1m>[22m[39m[90m 95 |[39m     [36mconst[39m container [33m=[39m screen[33m.[39mgetByRole([32m'group'[39m)[33m;[39m
     [90m    |[39m                              [31m[1m^[22m[39m
     [90m 96 |[39m     expect(container)[33m.[39mtoHaveClass([32m'lg'[39m)[33m;[39m
     [90m 97 |[39m   })[33m;[39m
     [90m 98 |[39m   [0m

      at Object.getElementError (node_modules/@testing-library/react/node_modules/@testing-library/dom/dist/config.js:37:19)
      at node_modules/@testing-library/react/node_modules/@testing-library/dom/dist/query-helpers.js:76:38
      at node_modules/@testing-library/react/node_modules/@testing-library/dom/dist/query-helpers.js:52:17
      at node_modules/@testing-library/react/node_modules/@testing-library/dom/dist/query-helpers.js:95:19
      at Object.getByRole (tests/components/ratings/StarRating.test.tsx:95:30)

  ● StarRating › should not be interactive when disabled

    TestingLibraryElementError: Unable to find an element by: [data-testid="star-5"]

    Ignored nodes: comments, script, style
    [36m<body>[39m
      [36m<div>[39m
        [36m<div[39m
          [33mclass[39m=[32m"flex space-x-1.5 items-center"[39m
        [36m>[39m
          [36m<svg[39m
            [33maria-hidden[39m=[32m"true"[39m
            [33mclass[39m=[32m"w-5 h-5 text-yellow-400 "[39m
            [33mfill[39m=[32m"currentColor"[39m
            [33mstroke[39m=[32m"currentColor"[39m
            [33mstroke-linecap[39m=[32m"round"[39m
            [33mstroke-linejoin[39m=[32m"round"[39m
            [33mstroke-width[39m=[32m"2"[39m
            [33mviewBox[39m=[32m"0 0 24 24"[39m
          [36m>[39m
            [36m<path[39m
              [33md[39m=[32m"M12 2l3.09 6.26L22 9.27l-5 4.87 1.18 6.88L12 17.77l-6.18 3.25L7 14.14 2 9.27l6.91-1.01L12 2z"[39m
            [36m/>[39m
          [36m</svg>[39m
          [36m<svg[39m
            [33maria-hidden[39m=[32m"true"[39m
            [33mclass[39m=[32m"w-5 h-5 text-yellow-400 "[39m
            [33mfill[39m=[32m"currentColor"[39m
            [33mstroke[39m=[32m"currentColor"[39m
            [33mstroke-linecap[39m=[32m"round"[39m
            [33mstroke-linejoin[39m=[32m"round"[39m
            [33mstroke-width[39m=[32m"2"[39m
            [33mviewBox[39m=[32m"0 0 24 24"[39m
          [36m>[39m
            [36m<path[39m
              [33md[39m=[32m"M12 2l3.09 6.26L22 9.27l-5 4.87 1.18 6.88L12 17.77l-6.18 3.25L7 14.14 2 9.27l6.91-1.01L12 2z"[39m
            [36m/>[39m
          [36m</svg>[39m
          [36m<svg[39m
            [33maria-hidden[39m=[32m"true"[39m
            [33mclass[39m=[32m"w-5 h-5 text-yellow-400 "[39m
            [33mfill[39m=[32m"currentColor"[39m
            [33mstroke[39m=[32m"currentColor"[39m
            [33mstroke-linecap[39m=[32m"round"[39m
            [33mstroke-linejoin[39m=[32m"round"[39m
            [33mstroke-width[39m=[32m"2"[39m
            [33mviewBox[39m=[32m"0 0 24 24"[39m
          [36m>[39m
            [36m<path[39m
              [33md[39m=[32m"M12 2l3.09 6.26L22 9.27l-5 4.87 1.18 6.88L12 17.77l-6.18 3.25L7 14.14 2 9.27l6.91-1.01L12 2z"[39m
            [36m/>[39m
          [36m</svg>[39m
          [36m<svg[39m
            [33maria-hidden[39m=[32m"true"[39m
            [33mclass[39m=[32m"w-5 h-5 text-gray-300 "[39m
            [33mfill[39m=[32m"none"[39m
            [33mstroke[39m=[32m"currentColor"[39m
            [33mstroke-linecap[39m=[32m"round"[39m
            [33mstroke-linejoin[39m=[32m"round"[39m
            [33mstroke-width[39m=[32m"2"[39m
            [33mviewBox[39m=[32m"0 0 24 24"[39m
          [36m>[39m
            [36m<path[39m
              [33md[39m=[32m"M12 2l3.09 6.26L22 9.27l-5 4.87 1.18 6.88L12 17.77l-6.18 3.25L7 14.14 2 9.27l6.91-1.01L12 2z"[39m
            [36m/>[39m
          [36m</svg>[39m
          [36m<svg[39m
            [33maria-hidden[39m=[32m"true"[39m
            [33mclass[39m=[32m"w-5 h-5 text-gray-300 "[39m
            [33mfill[39m=[32m"none"[39m
            [33mstroke[39m=[32m"currentColor"[39m
            [33mstroke-linecap[39m=[32m"round"[39m
            [33mstroke-linejoin[39m=[32m"round"[39m
            [33mstroke-width[39m=[32m"2"[39m
            [33mviewBox[39m=[32m"0 0 24 24"[39m
          [36m>[39m
            [36m<path[39m
              [33md[39m=[32m"M12 2l3.09 6.26L22 9.27l-5 4.87 1.18 6.88L12 17.77l-6.18 3.25L7 14.14 2 9.27l6.91-1.01L12 2z"[39m
            [36m/>[39m
          [36m</svg>[39m
        [36m</div>[39m
      [36m</div>[39m
    [36m</body>[39m

    [0m [90m 102 |[39m     
     [90m 103 |[39m     [90m// Click the 5th star[39m
    [31m[1m>[22m[39m[90m 104 |[39m     [36mconst[39m fifthStar [33m=[39m screen[33m.[39mgetByTestId([32m'star-5'[39m)[33m;[39m
     [90m     |[39m                              [31m[1m^[22m[39m
     [90m 105 |[39m     fireEvent[33m.[39mclick(fifthStar)[33m;[39m
     [90m 106 |[39m     
     [90m 107 |[39m     [90m// onChange should not be called[39m[0m

      at Object.getElementError (node_modules/@testing-library/react/node_modules/@testing-library/dom/dist/config.js:37:19)
      at node_modules/@testing-library/react/node_modules/@testing-library/dom/dist/query-helpers.js:76:38
      at node_modules/@testing-library/react/node_modules/@testing-library/dom/dist/query-helpers.js:52:17
      at node_modules/@testing-library/react/node_modules/@testing-library/dom/dist/query-helpers.js:95:19
      at Object.getByTestId (tests/components/ratings/StarRating.test.tsx:104:30)

  console.warn
    Supabase URL or anonymous key is missing. Make sure to set NEXT_PUBLIC_SUPABASE_URL and NEXT_PUBLIC_SUPABASE_ANON_KEY environment variables.

    [0m [90m 15 |[39m
     [90m 16 |[39m [36mif[39m ([33m![39msupabaseUrl [33m||[39m [33m![39msupabaseAnonKey) {
    [31m[1m>[22m[39m[90m 17 |[39m   console[33m.[39mwarn(
     [90m    |[39m           [31m[1m^[22m[39m
     [90m 18 |[39m     [32m'Supabase URL or anonymous key is missing. Make sure to set NEXT_PUBLIC_SUPABASE_URL and NEXT_PUBLIC_SUPABASE_ANON_KEY environment variables.'[39m
     [90m 19 |[39m   )[33m;[39m
     [90m 20 |[39m }[0m

      at Object.warn (src/lib/supabase.ts:17:11)
      at Object.<anonymous> (src/components/auth/SignupForm.tsx:20:19)
      at Object.<anonymous> (tests/components/auth/SignupForm.test.tsx:52:60)

  console.warn
    ⚠️ Using mock Supabase client. Please configure your .env.local file with real credentials.

    [0m [90m 28 |[39m [36mif[39m ([33m![39msupabaseUrl [33m||[39m [33m![39msupabaseAnonKey) {
     [90m 29 |[39m   [36mif[39m ([36mtypeof[39m window [33m!==[39m [32m'undefined'[39m) {
    [31m[1m>[22m[39m[90m 30 |[39m     console[33m.[39mwarn([32m'⚠️ Using mock Supabase client. Please configure your .env.local file with real credentials.'[39m)[33m;[39m
     [90m    |[39m             [31m[1m^[22m[39m
     [90m 31 |[39m   }
     [90m 32 |[39m }
     [90m 33 |[39m[0m

      at Object.warn (src/lib/supabase.ts:30:13)
      at Object.<anonymous> (src/components/auth/SignupForm.tsx:20:19)
      at Object.<anonymous> (tests/components/auth/SignupForm.test.tsx:52:60)

  console.warn
    Supabase URL or anonymous key is missing. Make sure to set NEXT_PUBLIC_SUPABASE_URL and NEXT_PUBLIC_SUPABASE_ANON_KEY environment variables.

    [0m [90m 15 |[39m
     [90m 16 |[39m [36mif[39m ([33m![39msupabaseUrl [33m||[39m [33m![39msupabaseAnonKey) {
    [31m[1m>[22m[39m[90m 17 |[39m   console[33m.[39mwarn(
     [90m    |[39m           [31m[1m^[22m[39m
     [90m 18 |[39m     [32m'Supabase URL or anonymous key is missing. Make sure to set NEXT_PUBLIC_SUPABASE_URL and NEXT_PUBLIC_SUPABASE_ANON_KEY environment variables.'[39m
     [90m 19 |[39m   )[33m;[39m
     [90m 20 |[39m }[0m

      at Object.warn (src/lib/supabase.ts:17:11)
      at Object.<anonymous> (src/contexts/SupabaseContext.tsx:30:19)
      at Object.<anonymous> (src/components/auth/LoginForm.tsx:20:26)
      at Object.<anonymous> (tests/components/auth/LoginForm.test.tsx:58:59)

  console.warn
    ⚠️ Using mock Supabase client. Please configure your .env.local file with real credentials.

    [0m [90m 28 |[39m [36mif[39m ([33m![39msupabaseUrl [33m||[39m [33m![39msupabaseAnonKey) {
     [90m 29 |[39m   [36mif[39m ([36mtypeof[39m window [33m!==[39m [32m'undefined'[39m) {
    [31m[1m>[22m[39m[90m 30 |[39m     console[33m.[39mwarn([32m'⚠️ Using mock Supabase client. Please configure your .env.local file with real credentials.'[39m)[33m;[39m
     [90m    |[39m             [31m[1m^[22m[39m
     [90m 31 |[39m   }
     [90m 32 |[39m }
     [90m 33 |[39m[0m

      at Object.warn (src/lib/supabase.ts:30:13)
      at Object.<anonymous> (src/contexts/SupabaseContext.tsx:30:19)
      at Object.<anonymous> (src/components/auth/LoginForm.tsx:20:26)
      at Object.<anonymous> (tests/components/auth/LoginForm.test.tsx:58:59)

FAIL tests/components/SkillCard.test.tsx
  SkillCard
    × renders offered skill correctly (30 ms)
    × renders requested skill correctly (21 ms)
    √ should not show actions when showActions is false (9 ms)

  ● SkillCard › renders offered skill correctly

    TestingLibraryElementError: Unable to find an element with the text: Technology • Development. This could be because the text is broken up by multiple elements. In this case, you can provide a function for your text matcher to make your matcher more flexible.

    Ignored nodes: comments, script, style
    [36m<body>[39m
      [36m<div>[39m
        [36m<div[39m
          [33mclass[39m=[32m"bg-white dark:bg-neutral-800 p-5 rounded-md transition-shadow duration-200 h-full transition-all "[39m
        [36m>[39m
          [36m<div[39m
            [33mclass[39m=[32m"px-5 py-4"[39m
          [36m>[39m
            [36m<div[39m
              [33mclass[39m=[32m"flex justify-between items-start mb-3"[39m
            [36m>[39m
              [36m<h3[39m
                [33mclass[39m=[32m"text-lg font-semibold text-gray-900 mr-2"[39m
              [36m>[39m
                [0mWeb Development[0m
              [36m</h3>[39m
            [36m</div>[39m
            [36m<div[39m
              [33mclass[39m=[32m"flex flex-wrap gap-2 mb-4"[39m
            [36m>[39m
              [36m<span[39m
                [33mclass[39m=[32m"text-xs px-2 py-1 rounded-full font-medium border bg-primary-100 text-primary-800 border-primary-200"[39m
              [36m>[39m
                [0mOffering[0m
              [36m</span>[39m
              [36m<span[39m
                [33mclass[39m=[32m"text-xs px-2 py-1 rounded-full font-medium border bg-purple-100 text-purple-800 border-purple-200"[39m
              [36m>[39m
                [0mExpert[0m
              [36m</span>[39m
              [36m<span[39m
                [33mclass[39m=[32m"text-xs px-2 py-1 rounded-full font-medium border bg-green-50 text-green-700 border-green-200"[39m
              [36m>[39m
                [0mRemote[0m
              [36m</span>[39m
            [36m</div>[39m
            [36m<div[39m
              [33mclass[39m=[32m"mb-4"[39m
            [36m>[39m
              [36m<div[39m
                [33mclass[39m=[32m"text-sm font-medium text-gray-500 mb-1"[39m
              [36m>[39m
                [0mCategory[0m
              [36m</div>[39m
              [36m<div[39m
                [33mclass[39m=[32m"text-gray-700"[39m
              [36m>[39m
                [0mTechnology[0m
                [0m &gt; Development[0m
              [36m</div>[39m
            [36m</div>[39m
            [36m<div[39m
              [33mclass[39m=[32m"mb-4"[39m
            [36m>[39m
              [36m<div[39m
                [33mclass[39m=[32m"text-sm font-medium text-gray-500 mb-1"[39m
              [36m>[39m
                [0mDescription[0m
              [36m</div>[39m
              [36m<p[39m
                [33mclass[39m=[32m"text-gray-700 text-sm line-clamp-3"[39m
              [36m>[39m
                [0mI can teach you how to build responsive websites using modern frameworks[0m
              [36m</p>[39m
            [36m</div>[39m
            [36m<div[39m
              [33mclass[39m=[32m"mb-4"[39m
            [36m>[39m
              [36m<div[39m
                [33mclass[39m=[32m"text-sm font-medium text-gray-500 mb-1"[39m
              [36m>[39m
                [0mValue[0m
              [36m</div>[39m
              [36m<div[39m
                [33mclass[39m=[32m"text-gray-700"[39m
              [36m>[39m
                [0m$[0m
                [0m50[0m
                [0m/hour equivalent[0m
              [36m</div>[39m
            [36m</div>[39m
          [36m</div>[39m
        [36m</div>[39m
      [36m</div>[39m
    [36m</body>[39m

    [0m [90m 65 |[39m     [90m// Check if title, category and description are rendered[39m
     [90m 66 |[39m     expect(screen[33m.[39mgetByText([32m'Web Development'[39m))[33m.[39mtoBeInTheDocument()[33m;[39m
    [31m[1m>[22m[39m[90m 67 |[39m     expect(screen[33m.[39mgetByText([32m'Technology • Development'[39m))[33m.[39mtoBeInTheDocument()[33m;[39m
     [90m    |[39m                   [31m[1m^[22m[39m
     [90m 68 |[39m     expect(screen[33m.[39mgetByText([35m/I can teach you how to build responsive websites/i[39m))[33m.[39mtoBeInTheDocument()[33m;[39m
     [90m 69 |[39m     
     [90m 70 |[39m     [90m// Check if badges are rendered correctly[39m[0m

      at Object.getElementError (node_modules/@testing-library/react/node_modules/@testing-library/dom/dist/config.js:37:19)
      at node_modules/@testing-library/react/node_modules/@testing-library/dom/dist/query-helpers.js:76:38
      at node_modules/@testing-library/react/node_modules/@testing-library/dom/dist/query-helpers.js:52:17
      at node_modules/@testing-library/react/node_modules/@testing-library/dom/dist/query-helpers.js:95:19
      at Object.getByText (tests/components/SkillCard.test.tsx:67:19)

  ● SkillCard › renders requested skill correctly

    TestingLibraryElementError: Unable to find an element with the text: Music • Instruments. This could be because the text is broken up by multiple elements. In this case, you can provide a function for your text matcher to make your matcher more flexible.

    Ignored nodes: comments, script, style
    [36m<body>[39m
      [36m<div>[39m
        [36m<div[39m
          [33mclass[39m=[32m"bg-white dark:bg-neutral-800 p-5 rounded-md transition-shadow duration-200 h-full transition-all "[39m
        [36m>[39m
          [36m<div[39m
            [33mclass[39m=[32m"px-5 py-4"[39m
          [36m>[39m
            [36m<div[39m
              [33mclass[39m=[32m"flex justify-between items-start mb-3"[39m
            [36m>[39m
              [36m<h3[39m
                [33mclass[39m=[32m"text-lg font-semibold text-gray-900 mr-2"[39m
              [36m>[39m
                [0mGuitar Lessons[0m
              [36m</h3>[39m
            [36m</div>[39m
            [36m<div[39m
              [33mclass[39m=[32m"flex flex-wrap gap-2 mb-4"[39m
            [36m>[39m
              [36m<span[39m
                [33mclass[39m=[32m"text-xs px-2 py-1 rounded-full font-medium border bg-secondary-100 text-secondary-800 border-secondary-200"[39m
              [36m>[39m
                [0mSeeking[0m
              [36m</span>[39m
              [36m<span[39m
                [33mclass[39m=[32m"text-xs px-2 py-1 rounded-full font-medium border bg-blue-100 text-blue-800 border-blue-200"[39m
              [36m>[39m
                [0mBeginner[0m
              [36m</span>[39m
              [36m<span[39m
                [33mclass[39m=[32m"text-xs px-2 py-1 rounded-full font-medium border bg-green-50 text-green-700 border-green-200"[39m
              [36m>[39m
                [0mRemote[0m
              [36m</span>[39m
            [36m</div>[39m
            [36m<div[39m
              [33mclass[39m=[32m"mb-4"[39m
            [36m>[39m
              [36m<div[39m
                [33mclass[39m=[32m"text-sm font-medium text-gray-500 mb-1"[39m
              [36m>[39m
                [0mCategory[0m
              [36m</div>[39m
              [36m<div[39m
                [33mclass[39m=[32m"text-gray-700"[39m
              [36m>[39m
                [0mMusic[0m
                [0m &gt; Instruments[0m
              [36m</div>[39m
            [36m</div>[39m
            [36m<div[39m
              [33mclass[39m=[32m"mb-4"[39m
            [36m>[39m
              [36m<div[39m
                [33mclass[39m=[32m"text-sm font-medium text-gray-500 mb-1"[39m
              [36m>[39m
                [0mDescription[0m
              [36m</div>[39m
              [36m<p[39m
                [33mclass[39m=[32m"text-gray-700 text-sm line-clamp-3"[39m
              [36m>[39m
                [0mLooking for someone to teach me guitar basics[0m
              [36m</p>[39m
            [36m</div>[39m
            [36m<div[39m
              [33mclass[39m=[32m"mb-4"[39m
            [36m>[39m
              [36m<div[39m
                [33mclass[39m=[32m"text-sm font-medium text-gray-500 mb-1"[39m
              [36m>[39m
                [0mValue[0m
              [36m</div>[39m
              [36m<div[39m
                [33mclass[39m=[32m"text-gray-700"[39m
              [36m>[39m
                [0m$[0m
                [0m50[0m
                [0m/hour equivalent[0m
              [36m</div>[39m
            [36m</div>[39m
          [36m</div>[39m
        [36m</div>[39m
      [36m</div>[39m
    [36m</body>[39m

    [0m [90m 85 |[39m     [90m// Check if title, category and description are rendered[39m
     [90m 86 |[39m     expect(screen[33m.[39mgetByText([32m'Guitar Lessons'[39m))[33m.[39mtoBeInTheDocument()[33m;[39m
    [31m[1m>[22m[39m[90m 87 |[39m     expect(screen[33m.[39mgetByText([32m'Music • Instruments'[39m))[33m.[39mtoBeInTheDocument()[33m;[39m
     [90m    |[39m                   [31m[1m^[22m[39m
     [90m 88 |[39m     expect(screen[33m.[39mgetByText([35m/Looking for someone to teach me guitar basics/i[39m))[33m.[39mtoBeInTheDocument()[33m;[39m
     [90m 89 |[39m     
     [90m 90 |[39m     [90m// Check if badges are rendered correctly[39m[0m

      at Object.getElementError (node_modules/@testing-library/react/node_modules/@testing-library/dom/dist/config.js:37:19)
      at node_modules/@testing-library/react/node_modules/@testing-library/dom/dist/query-helpers.js:76:38
      at node_modules/@testing-library/react/node_modules/@testing-library/dom/dist/query-helpers.js:52:17
      at node_modules/@testing-library/react/node_modules/@testing-library/dom/dist/query-helpers.js:95:19
      at Object.getByText (tests/components/SkillCard.test.tsx:87:19)

  console.warn
    Supabase URL or anonymous key is missing. Make sure to set NEXT_PUBLIC_SUPABASE_URL and NEXT_PUBLIC_SUPABASE_ANON_KEY environment variables.

    [0m [90m 15 |[39m
     [90m 16 |[39m [36mif[39m ([33m![39msupabaseUrl [33m||[39m [33m![39msupabaseAnonKey) {
    [31m[1m>[22m[39m[90m 17 |[39m   console[33m.[39mwarn(
     [90m    |[39m           [31m[1m^[22m[39m
     [90m 18 |[39m     [32m'Supabase URL or anonymous key is missing. Make sure to set NEXT_PUBLIC_SUPABASE_URL and NEXT_PUBLIC_SUPABASE_ANON_KEY environment variables.'[39m
     [90m 19 |[39m   )[33m;[39m
     [90m 20 |[39m }[0m

      at Object.warn (src/lib/supabase.ts:17:11)
      at Object.<anonymous> (src/contexts/SupabaseContext.tsx:30:19)
      at Object.<anonymous> (src/components/notifications/NotificationSettingsPage.tsx:26:26)
      at Object.<anonymous> (tests/components/notifications/NotificationSettingsPage.test.tsx:10:74)

  console.warn
    ⚠️ Using mock Supabase client. Please configure your .env.local file with real credentials.

    [0m [90m 28 |[39m [36mif[39m ([33m![39msupabaseUrl [33m||[39m [33m![39msupabaseAnonKey) {
     [90m 29 |[39m   [36mif[39m ([36mtypeof[39m window [33m!==[39m [32m'undefined'[39m) {
    [31m[1m>[22m[39m[90m 30 |[39m     console[33m.[39mwarn([32m'⚠️ Using mock Supabase client. Please configure your .env.local file with real credentials.'[39m)[33m;[39m
     [90m    |[39m             [31m[1m^[22m[39m
     [90m 31 |[39m   }
     [90m 32 |[39m }
     [90m 33 |[39m[0m

      at Object.warn (src/lib/supabase.ts:30:13)
      at Object.<anonymous> (src/contexts/SupabaseContext.tsx:30:19)
      at Object.<anonymous> (src/components/notifications/NotificationSettingsPage.tsx:26:26)
      at Object.<anonymous> (tests/components/notifications/NotificationSettingsPage.test.tsx:10:74)

FAIL tests/components/ratings/RatingForm.test.tsx (5.823 s)
  RatingForm
    × renders the form with correct user information (137 ms)
    √ should update rating when star rating changes (41 ms)
    × should submit the rating successfully (18 ms)
    × should show an error message if rating is zero (202 ms)
    × should handle submission errors gracefully (1067 ms)
    × should disable form if user already rated this trade (13 ms)

  ● RatingForm › renders the form with correct user information

    TestingLibraryElementError: Unable to find an element with the text: /Rating for Jane Doe/i. This could be because the text is broken up by multiple elements. In this case, you can provide a function for your text matcher to make your matcher more flexible.

    Ignored nodes: comments, script, style
    [36m<body>[39m
      [36m<div>[39m
        [36m<div[39m
          [33mclass[39m=[32m"bg-white rounded-lg shadow-sm p-6"[39m
        [36m>[39m
          [36m<h2[39m
            [33mclass[39m=[32m"text-xl font-semibold text-gray-900 mb-4"[39m
          [36m>[39m
            [0mRate Your Experience[0m
          [36m</h2>[39m
          [36m<form>[39m
            [36m<div[39m
              [33mclass[39m=[32m"mb-6"[39m
            [36m>[39m
              [36m<label[39m
                [33mclass[39m=[32m"block text-sm font-medium text-gray-700 mb-2"[39m
              [36m>[39m
                [0mHow would you rate this skill exchange?[0m
              [36m</label>[39m
              [36m<div[39m
                [33mclass[39m=[32m"flex items-center space-x-2"[39m
              [36m>[39m
                [36m<div[39m
                  [33mdata-testid[39m=[32m"star-rating-mock"[39m
                [36m>[39m
                  [36m<span>[39m
                    [0mRating: [0m
                    [0m0[0m
                  [36m</span>[39m
                  [36m<button[39m
                    [33mdata-testid[39m=[32m"star-rating-change-button"[39m
                  [36m>[39m
                    [0mChange Rating[0m
                  [36m</button>[39m
                [36m</div>[39m
                [36m<span[39m
                  [33mclass[39m=[32m"text-sm text-gray-500 ml-2"[39m
                [36m>[39m
                  [0mSelect a rating[0m
                [36m</span>[39m
              [36m</div>[39m
            [36m</div>[39m
            [36m<div[39m
              [33mclass[39m=[32m"mb-6"[39m
            [36m>[39m
              [36m<label[39m
                [33mclass[39m=[32m"block text-sm font-medium text-gray-700 mb-2"[39m
                [33mfor[39m=[32m"review-text"[39m
              [36m>[39m
                [0mWrite your review (optional)[0m
              [36m</label>[39m
              [36m<textarea[39m
                [33mclass[39m=[32m"w-full border border-gray-300 rounded-md shadow-sm py-2 px-3 focus:outline-none focus:ring-primary-500 focus:border-primary-500"[39m
                [33mid[39m=[32m"review-text"[39m
                [33mplaceholder[39m=[32m"Tell others about your experience..."[39m
                [33mrows[39m=[32m"4"[39m
              [36m/>[39m
            [36m</div>[39m
            [36m<div[39m
              [33mclass[39m=[32m"mb-6 flex items-center"[39m
            [36m>[39m
              [36m<input[39m
                [33mchecked[39m=[32m""[39m
                [33mclass[39m=[32m"h-4 w-4 text-primary-600 focus:ring-primary-500 border-gray-300 rounded"[39m
                [33mid[39m=[32m"is-public"[39m
                [33mtype[39m=[32m"checkbox"[39m
              [36m/>[39m
              [36m<label[39m
                [33mclass[39m=[32m"ml-2 block text-sm text-gray-700"[39m
                [33mfor[39m=[32m"is-public"[39m
              [36m>[39m
                [0mMake this review public[0m
              [36m</label>[39m
              [36m<div[39m
                [33mclass[39m=[32m"ml-2 text-xs text-gray-500"[39m
              [36m>[39m
                [0mYour review will be visible to all users[0m
              [36m</div>[39m
            [36m</div>[39m
            [36m<div[39m
              [33mclass[39m=[32m"flex justify-end space-x-3"[39m
            [36m>[39m
              [36m<button[39m
                [33mclass[39m=[32m"btn btn-primary"[39m
                [33mtype[39m=[32m"submit"[39m
              [36m>[39m
                [0mSubmit Rating[0m
              [36m</button>[39m
            [36m</div>[39m
          [36m</form>[39m
        [36m</div>[39m
      [36m</div>[39m
    [36m</body>[39m

    [0m [90m 85 |[39m     
     [90m 86 |[39m     [90m// Should show the user's name[39m
    [31m[1m>[22m[39m[90m 87 |[39m     expect(screen[33m.[39mgetByText([35m/Rating for Jane Doe/i[39m))[33m.[39mtoBeInTheDocument()[33m;[39m
     [90m    |[39m                   [31m[1m^[22m[39m
     [90m 88 |[39m     
     [90m 89 |[39m     [90m// Should show the skill title[39m
     [90m 90 |[39m     expect(screen[33m.[39mgetByText([35m/Web Development/i[39m))[33m.[39mtoBeInTheDocument()[33m;[39m[0m

      at Object.getElementError (node_modules/@testing-library/react/node_modules/@testing-library/dom/dist/config.js:37:19)
      at node_modules/@testing-library/react/node_modules/@testing-library/dom/dist/query-helpers.js:76:38
      at node_modules/@testing-library/react/node_modules/@testing-library/dom/dist/query-helpers.js:52:17
      at node_modules/@testing-library/react/node_modules/@testing-library/dom/dist/query-helpers.js:95:19
      at Object.getByText (tests/components/ratings/RatingForm.test.tsx:87:19)

  ● RatingForm › should submit the rating successfully

    TestingLibraryElementError: Unable to find an element with the placeholder text of: /share your experience/i

    Ignored nodes: comments, script, style
    [36m<body>[39m
      [36m<div>[39m
        [36m<div[39m
          [33mclass[39m=[32m"bg-white rounded-lg shadow-sm p-6"[39m
        [36m>[39m
          [36m<h2[39m
            [33mclass[39m=[32m"text-xl font-semibold text-gray-900 mb-4"[39m
          [36m>[39m
            [0mRate Your Experience[0m
          [36m</h2>[39m
          [36m<div[39m
            [33mclass[39m=[32m"mb-4 p-3 bg-error-50 border border-error-200 text-error-700 rounded-md"[39m
          [36m>[39m
            [0mPlease select a star rating[0m
          [36m</div>[39m
          [36m<form>[39m
            [36m<div[39m
              [33mclass[39m=[32m"mb-6"[39m
            [36m>[39m
              [36m<label[39m
                [33mclass[39m=[32m"block text-sm font-medium text-gray-700 mb-2"[39m
              [36m>[39m
                [0mHow would you rate this skill exchange?[0m
              [36m</label>[39m
              [36m<div[39m
                [33mclass[39m=[32m"flex items-center space-x-2"[39m
              [36m>[39m
                [36m<div[39m
                  [33mdata-testid[39m=[32m"star-rating-mock"[39m
                [36m>[39m
                  [36m<span>[39m
                    [0mRating: [0m
                    [0m5[0m
                  [36m</span>[39m
                  [36m<button[39m
                    [33mdata-testid[39m=[32m"star-rating-change-button"[39m
                  [36m>[39m
                    [0mChange Rating[0m
                  [36m</button>[39m
                [36m</div>[39m
                [36m<span[39m
                  [33mclass[39m=[32m"text-sm text-gray-500 ml-2"[39m
                [36m>[39m
                  [0m5 stars[0m
                [36m</span>[39m
              [36m</div>[39m
            [36m</div>[39m
            [36m<div[39m
              [33mclass[39m=[32m"mb-6"[39m
            [36m>[39m
              [36m<label[39m
                [33mclass[39m=[32m"block text-sm font-medium text-gray-700 mb-2"[39m
                [33mfor[39m=[32m"review-text"[39m
              [36m>[39m
                [0mWrite your review (optional)[0m
              [36m</label>[39m
              [36m<textarea[39m
                [33mclass[39m=[32m"w-full border border-gray-300 rounded-md shadow-sm py-2 px-3 focus:outline-none focus:ring-primary-500 focus:border-primary-500"[39m
                [33mid[39m=[32m"review-text"[39m
                [33mplaceholder[39m=[32m"Tell others about your experience..."[39m
                [33mrows[39m=[32m"4"[39m
              [36m/>[39m
            [36m</div>[39m
            [36m<div[39m
              [33mclass[39m=[32m"mb-6 flex items-center"[39m
            [36m>[39m
              [36m<input[39m
                [33mchecked[39m=[32m""[39m
                [33mclass[39m=[32m"h-4 w-4 text-primary-600 focus:ring-primary-500 border-gray-300 rounded"[39m
                [33mid[39m=[32m"is-public"[39m
                [33mtype[39m=[32m"checkbox"[39m
              [36m/>[39m
              [36m<label[39m
                [33mclass[39m=[32m"ml-2 block text-sm text-gray-700"[39m
                [33mfor[39m=[32m"is-public"[39m
              [36m>[39m
                [0mMake this review public[0m
              [36m</label>[39m
              [36m<div[39m
                [33mclass[39m=[32m"ml-2 text-xs text-gray-500"[39m
              [36m>[39m
                [0mYour review will be visible to all users[0m
              [36m</div>[39m
            [36m</div>[39m
            [36m<div[39m
              [33mclass[39m=[32m"flex justify-end space-x-3"[39m
            [36m>[39m
              [36m<button[39m
                [33mclass[39m=[32m"btn btn-primary"[39m
                [33mtype[39m=[32m"submit"[39m
              [36m>[39m
                [0mSubmit Rating[0m
              [36m</button>[39m
            [36m</div>[39m
          [36m</form>[39m
        [36m</div>[39m
      [36m</div>[39m
    [36m</body>[39m

    [0m [90m 120 |[39m     
     [90m 121 |[39m     [90m// Fill in the review text[39m
    [31m[1m>[22m[39m[90m 122 |[39m     [36mconst[39m reviewInput [33m=[39m screen[33m.[39mgetByPlaceholderText([35m/share your experience/i[39m)[33m;[39m
     [90m     |[39m                                [31m[1m^[22m[39m
     [90m 123 |[39m     fireEvent[33m.[39mchange(reviewInput[33m,[39m { target[33m:[39m { value[33m:[39m [32m'Great experience! Learned a lot.'[39m } })[33m;[39m
     [90m 124 |[39m     
     [90m 125 |[39m     [90m// Set it to public[39m[0m

      at Object.getElementError (node_modules/@testing-library/react/node_modules/@testing-library/dom/dist/config.js:37:19)
      at node_modules/@testing-library/react/node_modules/@testing-library/dom/dist/query-helpers.js:76:38
      at node_modules/@testing-library/react/node_modules/@testing-library/dom/dist/query-helpers.js:52:17
      at node_modules/@testing-library/react/node_modules/@testing-library/dom/dist/query-helpers.js:95:19
      at Object.getByPlaceholderText (tests/components/ratings/RatingForm.test.tsx:122:32)

  ● RatingForm › should show an error message if rating is zero

    TestingLibraryElementError: Unable to find an element with the text: /please select a rating before submitting/i. This could be because the text is broken up by multiple elements. In this case, you can provide a function for your text matcher to make your matcher more flexible.

    Ignored nodes: comments, script, style
    [36m<body>[39m
      [36m<div>[39m
        [36m<div[39m
          [33mclass[39m=[32m"bg-white rounded-lg shadow-sm p-6"[39m
        [36m>[39m
          [36m<h2[39m
            [33mclass[39m=[32m"text-xl font-semibold text-gray-900 mb-4"[39m
          [36m>[39m
            [0mRate Your Experience[0m
          [36m</h2>[39m
          [36m<div[39m
            [33mclass[39m=[32m"mb-4 p-3 bg-error-50 border border-error-200 text-error-700 rounded-md"[39m
          [36m>[39m
            [0mPlease select a star rating[0m
          [36m</div>[39m
          [36m<form>[39m
            [36m<div[39m
              [33mclass[39m=[32m"mb-6"[39m
            [36m>[39m
              [36m<label[39m
                [33mclass[39m=[32m"block text-sm font-medium text-gray-700 mb-2"[39m
              [36m>[39m
                [0mHow would you rate this skill exchange?[0m
              [36m</label>[39m
              [36m<div[39m
                [33mclass[39m=[32m"flex items-center space-x-2"[39m
              [36m>[39m
                [36m<div[39m
                  [33mdata-testid[39m=[32m"star-rating-mock"[39m
                [36m>[39m
                  [36m<span>[39m
                    [0mRating: [0m
                    [0m0[0m
                  [36m</span>[39m
                  [36m<button[39m
                    [33mdata-testid[39m=[32m"star-rating-change-button"[39m
                  [36m>[39m
                    [0mChange Rating[0m
                  [36m</button>[39m
                [36m</div>[39m
                [36m<span[39m
                  [33mclass[39m=[32m"text-sm text-gray-500 ml-2"[39m
                [36m>[39m
                  [0mSelect a rating[0m
                [36m</span>[39m
              [36m</div>[39m
            [36m</div>[39m
            [36m<div[39m
              [33mclass[39m=[32m"mb-6"[39m
            [36m>[39m
              [36m<label[39m
                [33mclass[39m=[32m"block text-sm font-medium text-gray-700 mb-2"[39m
                [33mfor[39m=[32m"review-text"[39m
              [36m>[39m
                [0mWrite your review (optional)[0m
              [36m</label>[39m
              [36m<textarea[39m
                [33mclass[39m=[32m"w-full border border-gray-300 rounded-md shadow-sm py-2 px-3 focus:outline-none focus:ring-primary-500 focus:border-primary-500"[39m
                [33mid[39m=[32m"review-text"[39m
                [33mplaceholder[39m=[32m"Tell others about your experience..."[39m
                [33mrows[39m=[32m"4"[39m
              [36m/>[39m
            [36m</div>[39m
            [36m<div[39m
              [33mclass[39m=[32m"mb-6 flex items-center"[39m
            [36m>[39m
              [36m<input[39m
                [33mchecked[39m=[32m""[39m
                [33mclass[39m=[32m"h-4 w-4 text-primary-600 focus:ring-primary-500 border-gray-300 rounded"[39m
                [33mid[39m=[32m"is-public"[39m
                [33mtype[39m=[32m"checkbox"[39m
              [36m/>[39m
              [36m<label[39m
                [33mclass[39m=[32m"ml-2 block text-sm text-gray-700"[39m
                [33mfor[39m=[32m"is-public"[39m
              [36m>[39m
                [0mMake this review public[0m
              [36m</label>[39m
              [36m<div[39m
                [33mclass[39m=[32m"ml-2 text-xs text-gray-500"[39m
              [36m>[39m
                [0mYour review will be visible to all users[0m
              [36m</div>[39m
            [36m</div>[39m
            [36m<div[39m
              [33mclass[39m=[32m"flex justify-end space-x-3"[39m
            [36m>[39m
              [36m<button[39m
                [33mclass[39m=[32m"btn btn-primary"[39m
                [33mtype[39m=[32m"submit"[39m
              [36m>[39m
                [0mSubmit Rating[0m
              [36m</button>[39m
            [36m</div>[39m
          [36m</form>[39m
        [36m</div>[39m
      [36m</div>[39m
    [36m</body>[39m

    [0m [90m 156 |[39m     
     [90m 157 |[39m     [90m// Should show error message[39m
    [31m[1m>[22m[39m[90m 158 |[39m     expect(screen[33m.[39mgetByText([35m/please select a rating before submitting/i[39m))[33m.[39mtoBeInTheDocument()[33m;[39m
     [90m     |[39m                   [31m[1m^[22m[39m
     [90m 159 |[39m   })[33m;[39m
     [90m 160 |[39m   
     [90m 161 |[39m   it([32m'should handle submission errors gracefully'[39m[33m,[39m [36masync[39m () [33m=>[39m {[0m

      at Object.getElementError (node_modules/@testing-library/react/node_modules/@testing-library/dom/dist/config.js:37:19)
      at node_modules/@testing-library/react/node_modules/@testing-library/dom/dist/query-helpers.js:76:38
      at node_modules/@testing-library/react/node_modules/@testing-library/dom/dist/query-helpers.js:52:17
      at node_modules/@testing-library/react/node_modules/@testing-library/dom/dist/query-helpers.js:95:19
      at Object.getByText (tests/components/ratings/RatingForm.test.tsx:158:19)

  ● RatingForm › should handle submission errors gracefully

    Unable to find an element with the text: /error submitting rating/i. This could be because the text is broken up by multiple elements. In this case, you can provide a function for your text matcher to make your matcher more flexible.

    Ignored nodes: comments, script, style
    [36m<body>[39m
      [36m<div>[39m
        [36m<div[39m
          [33mclass[39m=[32m"bg-white rounded-lg shadow-sm p-6"[39m
        [36m>[39m
          [36m<h2[39m
            [33mclass[39m=[32m"text-xl font-semibold text-gray-900 mb-4"[39m
          [36m>[39m
            [0mRate Your Experience[0m
          [36m</h2>[39m
          [36m<div[39m
            [33mclass[39m=[32m"mb-4 p-3 bg-error-50 border border-error-200 text-error-700 rounded-md"[39m
          [36m>[39m
            [0mYou must be logged in to submit a rating[0m
          [36m</div>[39m
          [36m<form>[39m
            [36m<div[39m
              [33mclass[39m=[32m"mb-6"[39m
            [36m>[39m
              [36m<label[39m
                [33mclass[39m=[32m"block text-sm font-medium text-gray-700 mb-2"[39m
              [36m>[39m
                [0mHow would you rate this skill exchange?[0m
              [36m</label>[39m
              [36m<div[39m
                [33mclass[39m=[32m"flex items-center space-x-2"[39m
              [36m>[39m
                [36m<div[39m
                  [33mdata-testid[39m=[32m"star-rating-mock"[39m
                [36m>[39m
                  [36m<span>[39m
                    [0mRating: [0m
                    [0m5[0m
                  [36m</span>[39m
                  [36m<button[39m
                    [33mdata-testid[39m=[32m"star-rating-change-button"[39m
                  [36m>[39m
                    [0mChange Rating[0m
                  [36m</button>[39m
                [36m</div>[39m
                [36m<span[39m
                  [33mclass[39m=[32m"text-sm text-gray-500 ml-2"[39m
                [36m>[39m
                  [0m5 stars[0m
                [36m</span>[39m
              [36m</div>[39m
            [36m</div>[39m
            [36m<div[39m
              [33mclass[39m=[32m"mb-6"[39m
            [36m>[39m
              [36m<label[39m
                [33mclass[39m=[32m"block text-sm font-medium text-gray-700 mb-2"[39m
                [33mfor[39m=[32m"review-text"[39m
              [36m>[39m
                [0mWrite your review (optional)[0m
              [36m</label>[39m
              [36m<textarea[39m
                [33mclass[39m=[32m"w-full border border-gray-300 rounded-md shadow-sm py-2 px-3 focus:outline-none focus:ring-primary-500 focus:border-primary-500"[39m
                [33mid[39m=[32m"review-text"[39m
                [33mplaceholder[39m=[32m"Tell others about your experience..."[39m
                [33mrows[39m=[32m"4"[39m
              [36m/>[39m
            [36m</div>[39m
            [36m<div[39m
              [33mclass[39m=[32m"mb-6 flex items-center"[39m
            [36m>[39m
              [36m<input[39m
                [33mchecked[39m=[32m""[39m
                [33mclass[39m=[32m"h-4 w-4 text-primary-600 focus:ring-primary-500 border-gray-300 rounded"[39m
                [33mid[39m=[32m"is-public"[39m
                [33mtype[39m=[32m"checkbox"[39m
              [36m/>[39m
              [36m<label[39m
                [33mclass[39m=[32m"ml-2 block text-sm text-gray-700"[39m
                [33mfor[39m=[32m"is-public"[39m
              [36m>[39m
                [0mMake this review public[0m
              [36m</label>[39m
              [36m<div[39m
                [33mclass[39m=[32m"ml-2 text-xs text-gray-500"[39m
              [36m>[39m
                [0mYour review will be visible to all users[0m
              [36m</div>[39m
            [36m</div>[39m
            [36m<div[39m
              [33mclass[39m=[32m"flex justify-end space-x-3"[39m
            [36m>[39m
              [36m<button[39m
                [33mclass[39m=[32m"btn btn-primary"[39m
                [33mtype[39m=[32m"submit"[39m
              [36m>[39m
                [0mSubmit Rating[0m
              [36m</button>[39m
            [36m</div>[39m
          [36m</form>[39m
        [36m</div>[39m
      [36m</div>[39m
    [36m</body>[39m

    [0m [90m 194 |[39m     
     [90m 195 |[39m     [90m// Should show error message[39m
    [31m[1m>[22m[39m[90m 196 |[39m     [36mawait[39m waitFor(() [33m=>[39m {
     [90m     |[39m                  [31m[1m^[22m[39m
     [90m 197 |[39m       expect(screen[33m.[39mgetByText([35m/error submitting rating/i[39m))[33m.[39mtoBeInTheDocument()[33m;[39m
     [90m 198 |[39m     })[33m;[39m
     [90m 199 |[39m   })[33m;[39m[0m

      at waitForWrapper (node_modules/@testing-library/react/node_modules/@testing-library/dom/dist/wait-for.js:163:27)
      at Object.<anonymous> (tests/components/ratings/RatingForm.test.tsx:196:18)

  ● RatingForm › should disable form if user already rated this trade

    expect(element).toBeDisabled()

    Received element is not disabled:
      <button data-testid="star-rating-change-button" />

    [0m [90m 213 |[39m     
     [90m 214 |[39m     [90m// Form should be in read-only mode[39m
    [31m[1m>[22m[39m[90m 215 |[39m     expect(screen[33m.[39mgetByTestId([32m'star-rating-change-button'[39m))[33m.[39mtoBeDisabled()[33m;[39m
     [90m     |[39m                                                             [31m[1m^[22m[39m
     [90m 216 |[39m     expect(screen[33m.[39mgetByPlaceholderText([35m/share your experience/i[39m))[33m.[39mtoBeDisabled()[33m;[39m
     [90m 217 |[39m     expect(screen[33m.[39mgetByRole([32m'button'[39m[33m,[39m { name[33m:[39m [35m/submit rating/i[39m }))[33m.[39mtoBeDisabled()[33m;[39m
     [90m 218 |[39m     [0m

      at Object.toBeDisabled (tests/components/ratings/RatingForm.test.tsx:215:61)

FAIL tests/components/EmailPreferences.test.tsx (5.835 s)
  EmailPreferences
    × renders email preferences correctly (126 ms)
    × should toggle preferences when changed (109 ms)
    × should show success message after saving preferences (91 ms)
    √ should handle loading state correctly (5 ms)
    × should handle error state correctly (1070 ms)

  ● EmailPreferences › renders email preferences correctly

    TestingLibraryElementError: Unable to find an element with the text: Email Notification Preferences. This could be because the text is broken up by multiple elements. In this case, you can provide a function for your text matcher to make your matcher more flexible.

    Ignored nodes: comments, script, style
    [36m<body>[39m
      [36m<div>[39m
        [36m<div[39m
          [33mclass[39m=[32m"p-4 bg-white rounded-lg shadow"[39m
        [36m>[39m
          [36m<div[39m
            [33mclass[39m=[32m"animate-pulse space-y-4"[39m
          [36m>[39m
            [36m<div[39m
              [33mclass[39m=[32m"h-6 bg-gray-200 rounded w-3/4"[39m
            [36m/>[39m
            [36m<div[39m
              [33mclass[39m=[32m"space-y-2"[39m
            [36m>[39m
              [36m<div[39m
                [33mclass[39m=[32m"h-4 bg-gray-200 rounded"[39m
              [36m/>[39m
              [36m<div[39m
                [33mclass[39m=[32m"h-4 bg-gray-200 rounded"[39m
              [36m/>[39m
              [36m<div[39m
                [33mclass[39m=[32m"h-4 bg-gray-200 rounded"[39m
              [36m/>[39m
            [36m</div>[39m
          [36m</div>[39m
        [36m</div>[39m
      [36m</div>[39m
    [36m</body>[39m

    [0m [90m 43 |[39m     
     [90m 44 |[39m     [90m// Check for section headings[39m
    [31m[1m>[22m[39m[90m 45 |[39m     expect(screen[33m.[39mgetByText([32m'Email Notification Preferences'[39m))[33m.[39mtoBeInTheDocument()[33m;[39m
     [90m    |[39m                   [31m[1m^[22m[39m
     [90m 46 |[39m     expect(screen[33m.[39mgetByText([32m'Trade Notifications'[39m))[33m.[39mtoBeInTheDocument()[33m;[39m
     [90m 47 |[39m     expect(screen[33m.[39mgetByText([32m'Communication'[39m))[33m.[39mtoBeInTheDocument()[33m;[39m
     [90m 48 |[39m     expect(screen[33m.[39mgetByText([32m'Digest Emails'[39m))[33m.[39mtoBeInTheDocument()[33m;[39m[0m

      at Object.getElementError (node_modules/@testing-library/react/node_modules/@testing-library/dom/dist/config.js:37:19)
      at node_modules/@testing-library/react/node_modules/@testing-library/dom/dist/query-helpers.js:76:38
      at node_modules/@testing-library/react/node_modules/@testing-library/dom/dist/query-helpers.js:52:17
      at node_modules/@testing-library/react/node_modules/@testing-library/dom/dist/query-helpers.js:95:19
      at Object.getByText (tests/components/EmailPreferences.test.tsx:45:19)

  ● EmailPreferences › should toggle preferences when changed

    TestingLibraryElementError: Unable to find a label with the text of: New trade proposals

    Ignored nodes: comments, script, style
    [36m<body>[39m
      [36m<div>[39m
        [36m<div[39m
          [33mclass[39m=[32m"p-4 bg-white rounded-lg shadow"[39m
        [36m>[39m
          [36m<div[39m
            [33mclass[39m=[32m"animate-pulse space-y-4"[39m
          [36m>[39m
            [36m<div[39m
              [33mclass[39m=[32m"h-6 bg-gray-200 rounded w-3/4"[39m
            [36m/>[39m
            [36m<div[39m
              [33mclass[39m=[32m"space-y-2"[39m
            [36m>[39m
              [36m<div[39m
                [33mclass[39m=[32m"h-4 bg-gray-200 rounded"[39m
              [36m/>[39m
              [36m<div[39m
                [33mclass[39m=[32m"h-4 bg-gray-200 rounded"[39m
              [36m/>[39m
              [36m<div[39m
                [33mclass[39m=[32m"h-4 bg-gray-200 rounded"[39m
              [36m/>[39m
            [36m</div>[39m
          [36m</div>[39m
        [36m</div>[39m
      [36m</div>[39m
    [36m</body>[39m

    [0m [90m 70 |[39m     
     [90m 71 |[39m     [90m// Get toggle inputs[39m
    [31m[1m>[22m[39m[90m 72 |[39m     [36mconst[39m tradeProposalToggle [33m=[39m screen[33m.[39mgetByLabelText([32m'New trade proposals'[39m)[33m;[39m
     [90m    |[39m                                        [31m[1m^[22m[39m
     [90m 73 |[39m     [36mconst[39m newRatingsToggle [33m=[39m screen[33m.[39mgetByLabelText([32m'New ratings'[39m)[33m;[39m
     [90m 74 |[39m     
     [90m 75 |[39m     [90m// Verify initial state based on mock data (trade proposals: true, new ratings: false)[39m[0m

      at Object.getElementError (node_modules/@testing-library/react/node_modules/@testing-library/dom/dist/config.js:37:19)
      at getAllByLabelText (node_modules/@testing-library/react/node_modules/@testing-library/dom/dist/queries/label-text.js:111:38)
      at node_modules/@testing-library/react/node_modules/@testing-library/dom/dist/query-helpers.js:52:17
      at node_modules/@testing-library/react/node_modules/@testing-library/dom/dist/query-helpers.js:95:19
      at Object.getByLabelText (tests/components/EmailPreferences.test.tsx:72:40)

  ● EmailPreferences › should show success message after saving preferences

    TestingLibraryElementError: Unable to find an element with the text: Save Preferences. This could be because the text is broken up by multiple elements. In this case, you can provide a function for your text matcher to make your matcher more flexible.

    Ignored nodes: comments, script, style
    [36m<body>[39m
      [36m<div>[39m
        [36m<div[39m
          [33mclass[39m=[32m"p-4 bg-white rounded-lg shadow"[39m
        [36m>[39m
          [36m<div[39m
            [33mclass[39m=[32m"animate-pulse space-y-4"[39m
          [36m>[39m
            [36m<div[39m
              [33mclass[39m=[32m"h-6 bg-gray-200 rounded w-3/4"[39m
            [36m/>[39m
            [36m<div[39m
              [33mclass[39m=[32m"space-y-2"[39m
            [36m>[39m
              [36m<div[39m
                [33mclass[39m=[32m"h-4 bg-gray-200 rounded"[39m
              [36m/>[39m
              [36m<div[39m
                [33mclass[39m=[32m"h-4 bg-gray-200 rounded"[39m
              [36m/>[39m
              [36m<div[39m
                [33mclass[39m=[32m"h-4 bg-gray-200 rounded"[39m
              [36m/>[39m
            [36m</div>[39m
          [36m</div>[39m
        [36m</div>[39m
      [36m</div>[39m
    [36m</body>[39m

    [0m [90m  95 |[39m     
     [90m  96 |[39m     [90m// Click save button[39m
    [31m[1m>[22m[39m[90m  97 |[39m     [36mconst[39m saveButton [33m=[39m screen[33m.[39mgetByText([32m'Save Preferences'[39m)[33m;[39m
     [90m     |[39m                               [31m[1m^[22m[39m
     [90m  98 |[39m     fireEvent[33m.[39mclick(saveButton)[33m;[39m
     [90m  99 |[39m     
     [90m 100 |[39m     [90m// Check for success message[39m[0m

      at Object.getElementError (node_modules/@testing-library/react/node_modules/@testing-library/dom/dist/config.js:37:19)
      at node_modules/@testing-library/react/node_modules/@testing-library/dom/dist/query-helpers.js:76:38
      at node_modules/@testing-library/react/node_modules/@testing-library/dom/dist/query-helpers.js:52:17
      at node_modules/@testing-library/react/node_modules/@testing-library/dom/dist/query-helpers.js:95:19
      at Object.getByText (tests/components/EmailPreferences.test.tsx:97:31)

  ● EmailPreferences › should handle error state correctly

    Unable to find an element with the text: /Failed to load email preferences/i. This could be because the text is broken up by multiple elements. In this case, you can provide a function for your text matcher to make your matcher more flexible.

    Ignored nodes: comments, script, style
    [36m<body>[39m
      [36m<div>[39m
        [36m<div[39m
          [33mclass[39m=[32m"jsx-30fdda33e51daead bg-white rounded-lg shadow p-6"[39m
        [36m>[39m
          [36m<h2[39m
            [33mclass[39m=[32m"jsx-30fdda33e51daead text-xl font-semibold mb-4"[39m
          [36m>[39m
            [0mEmail Notification Preferences[0m
          [36m</h2>[39m
          [36m<div[39m
            [33mclass[39m=[32m"jsx-30fdda33e51daead space-y-6"[39m
          [36m>[39m
            [36m<div[39m
              [33mclass[39m=[32m"jsx-30fdda33e51daead"[39m
            [36m>[39m
              [36m<h3[39m
                [33mclass[39m=[32m"jsx-30fdda33e51daead text-lg font-medium mb-3"[39m
              [36m>[39m
                [0mTrade Notifications[0m
              [36m</h3>[39m
              [36m<div[39m
                [33mclass[39m=[32m"jsx-30fdda33e51daead space-y-3"[39m
              [36m>[39m
                [36m<div[39m
                  [33mclass[39m=[32m"jsx-30fdda33e51daead flex items-center justify-between"[39m
                [36m>[39m
                  [36m<label[39m
                    [33mclass[39m=[32m"jsx-30fdda33e51daead text-gray-700"[39m
                    [33mfor[39m=[32m"notify_trade_proposal"[39m
                  [36m>[39m
                    [0mNew trade proposals[0m
                  [36m</label>[39m
                  [36m<div[39m
                    [33mclass[39m=[32m"jsx-30fdda33e51daead relative inline-block w-10 mr-2 align-middle select-none"[39m
                  [36m>[39m
                    [36m<input[39m
                      [33mchecked[39m=[32m""[39m
                      [33mclass[39m=[32m"jsx-30fdda33e51daead toggle-checkbox absolute block w-6 h-6 rounded-full bg-white border-4 appearance-none cursor-pointer"[39m
                      [33mid[39m=[32m"notify_trade_proposal"[39m
                      [33mtype[39m=[32m"checkbox"[39m
                    [36m/>[39m
                    [36m<label[39m
                      [33mclass[39m=[32m"jsx-30fdda33e51daead toggle-label block overflow-hidden h-6 rounded-full bg-gray-300 cursor-pointer"[39m
                      [33mfor[39m=[32m"notify_trade_proposal"[39m
                    [36m/>[39m
                  [36m</div>[39m
                [36m</div>[39m
                [36m<div[39m
                  [33mclass[39m=[32m"jsx-30fdda33e51daead flex items-center justify-between"[39m
                [36m>[39m
                  [36m<label[39m
                    [33mclass[39m=[32m"jsx-30fdda33e51daead text-gray-700"[39m
                    [33mfor[39m=[32m"notify_trade_status_accepted"[39m
                  [36m>[39m
                    [0mTrade proposal accepted[0m
                  [36m</label>[39m
                  [36m<div[39m
                    [33mclass[39m=[32m"jsx-30fdda33e51daead relative inline-block w-10 mr-2 align-middle select-none"[39m
                  [36m>[39m
                    [36m<input[39m
                      [33mchecked[39m=[32m""[39m
                      [33mclass[39m=[32m"jsx-30fdda33e51daead toggle-checkbox absolute block w-6 h-6 rounded-full bg-white border-4 appearance-none cursor-pointer"[39m
                      [33mid[39m=[32m"notify_trade_status_accepted"[39m
                      [33mtype[39m=[32m"checkbox"[39m
                    [36m/>[39m
                    [36m<label[39m
                      [33mclass[39m=[32m"jsx-30fdda33e51daead toggle-label block overflow-hidden h-6 rounded-full bg-gray-300 cursor-pointer"[39m
                      [33mfor[39m=[32m"notify_trade_status_accepted"[39m
                    [36m/>[39m
                  [36m</div>[39m
                [36m</div>[39m
                [36m<div[39m
                  [33mclass[39m=[32m"jsx-30fdda33e51daead flex items-center justify-between"[39m
                [36m>[39m
                  [36m<label[39m
                    [33mclass[39m=[32m"jsx-30fdda33e51daead text-gray-700"[39m
                    [33mfor[39m=[32m"notify_trade_status_declined"[39m
                  [36m>[39m
                    [0mTrade proposal declined[0m
                  [36m</label>[39m
                  [36m<div[39m
                    [33mclass[39m=[32m"jsx-30fdda33e51daead relative inline-block w-10 mr-2 align-middle select-none"[39m
                  [36m>[39m
                    [36m<input[39m
                      [33mclass[39m=[32m"jsx-30fdda33e51daead toggle-checkbox absolute block w-6 h-6 rounded-full bg-white border-4 appearance-none cursor-pointer"[39m
                      [33mid[39m=[32m"notify_trade_status_declined"[39m
                      [33mtype[39m=[32m"checkbox"[39m
                    [36m/>[39m
                    [36m<label[39m
                      [33mclass[39m=[32m"jsx-30fdda33e51daead toggle-label block overflow-hidden h-6 rounded-full bg-gray-300 cursor-pointer"[39m
                      [33mfor[39m=[32m"notify_trade_status_declined"[39m
                    [36m/>[39m
                  [36m</div>[39m
                [36m</div>[39m
                [36m<div[39m
                  [33mclass[39m=[32m"jsx-30fdda33e51daead flex items-center justify-between"[39m
                [36m>[39m
                  [36m<label[39m
                    [33mclass[39m=[32m"jsx-30fdda33e51daead text-gray-700"[39m
                    [33mfor[39m=[32m"notify_trade_status_completed"[39m
                  [36m>[39m
                    [0mTrade completed[0m
                  [36m</label>[39m
                  [36m<div[39m
                    [33mclass[39m=[32m"jsx-30fdda33e51daead relative inline-block w-10 mr-2 align-middle select-none"[39m
                  [36m>[39m
                    [36m<input[39m
                      [33mchecked[39m=[32m""[39m
                      [33mclass[39m=[32m"jsx-30fdda33e51daead toggle-checkbox absolute block w-6 h-6 rounded-full bg-white border-4 appearance-none cursor-pointer"[39m
                      [33mid[39m=[32m"notify_trade_status_completed"[39m
                      [33mtype[39m=[32m"checkbox"[39m
                    [36m/>[39m
                    [36m<label[39m
                      [33mclass[39m=[32m"jsx-30fdda33e51daead toggle-label block overflow-hidden h-6 rounded-full bg-gray-300 cursor-pointer"[39m
                      [33mfor[39m=[32m"notify_trade_status_completed"[39m
                    [36m/>[39m
                  [36m</div>[39m
                [36m</div>[39m
              [36m</div>[39m
            [36m</div>[39m
            [36m<div[39m
              [33mclass[39m=[32m"jsx-30fdda33e51daead"[39m
            [36m>[39m
              [36m<h3[39m
                [33mclass[39m=[32m"jsx-30fdda33e51daead text-lg font-medium mb-3"[39m
              [36m>[39m
                [0mCommunication[0m
              [36m</h3>[39m
              [36m<div[39m
                [33mclass[39m=[32m"jsx-30fdda33e51daead space-y-3"[39m
              [36m>[39m
                [36m<div[39m
                  [33mclass[39m=[32m"jsx-30fdda33e51daead flex items-center justify-between"[39m
                [36m>[39m
                  [36m<label[39m
                    [33mclass[39m=[32m"jsx-30fdda33e51daead text-gray-700"[39m
                    [33mfor[39m=[32m"notify_new_message"[39m
                  [36m>[39m
                    [0mNew messages[0m
                  [36m</label>[39m
                  [36m<div[39m
                    [33mclass[39m=[32m"jsx-30fdda33e51daead relative inline-block w-10 mr-2 align-middle select-none"[39m
                  [36m>[39m
                    [36m<input[39m
                      [33mchecked[39m=[32m""[39m
                      [33mclass[39m=[32m"jsx-30fdda33e51daead toggle-checkbox absolute block w-6 h-6 rounded-full bg-white border-4 appearance-none cursor-pointer"[39m
                      [33mid[39m=[32m"notify_new_message"[39m
                      [33mtype[39m=[32m"checkbox"[39m
                    [36m/>[39m
                    [36m<label[39m
                      [33mclass[39m=[32m"jsx-30fdda33e51daead toggle-label block overflow-hidden h-6 rounded-full bg-gray-300 cursor-pointer"[39m
                      [33mfor[39m=[32m"notify_new_message"[39m
                    [36m/>[39m
                  [36m</div>[39m
                [36m</div>[39m
                [36m<div[39m
                  [33mclass[39m=[32m"jsx-30fdda33e51daead flex items-center justify-between"[39m
                [36m>[39m
                  [36m<label[39m
                    [33mclass[39m=[32m"jsx-30fdda33e51daead text-gray-700"[39m
                    [33mfor[39m=[32m"notify_new_rating"[39m
                  [36m>[39m
                    [0mNew ratings[0m
                  [36m</label>[39m
                  [36m<div[39m
                    [33mclass[39m=[32m"jsx-30fdda33e51daead relative inline-block w-10 mr-2 align-middle select-none"[39m
                  [36m>[39m
                    [36m<input[39m
                      [33mclass[39m=[32m"jsx-30fdda33e51daead toggle-checkbox absolute block w-6 h-6 rounded-full bg-white border-4 appearance-none cursor-pointer"[39m
                      [33mid[39m=[32m"notify_new_rating"[39m
                      [33mtype[39m=[32m"checkbox"[39m
                    [36m/>[39m
                    [36m<label[39m
                      [33mclass[39m=[32m"jsx-30fdda33e51daead toggle-label block overflow-hidden h-6 rounded-full bg-gray-300 cursor-pointer"[39m
                      [33mfor[39m=[32m"notify_new_rating"[39m
                    [36m/>[39m
                  [36m</div>[39m
                [36m</div>[39m
              [36m</div>[39m
            [36m</div>[39m
            [36m<div[39m
              [33mclass[39m=[32m"jsx-30fdda33e51daead"[39m
            [36m>[39m
              [36m<h3[39m
                [33mclass[39m=[32m"jsx-30fdda33e51daead text-lg font-medium mb-3"[39m
              [36m>[39m
                [0mDigest Emails[0m
              [36m</h3>[39m
              [36m<div[39m
                [33mclass[39m=[32m"jsx-30fdda33e51daead space-y-3"[39m
              [36m>[39m
                [36m<div[39m
                  [33mclass[39m=[32m"jsx-30fdda33e51daead flex items-center justify-between"[39m
                [36m>[39m
                  [36m<label[39m
                    [33mclass[39m=[32m"jsx-30fdda33e51daead text-gray-700"[39m
                    [33mfor[39m=[32m"daily_digest"[39m
                  [36m>[39m
                    [0mDaily activity summary[0m
                  [36m</label>[39m
                  [36m<div[39m
                    [33mclass[39m=[32m"jsx-30fdda33e51daead relative inline-block w-10 mr-2 align-middle select-none"[39m
                  [36m>[39m
                    [36m<input[39m
                      [33mclass[39m=[32m"jsx-30fdda33e51daead toggle-checkbox absolute block w-6 h-6 rounded-full bg-white border-4 appearance-none cursor-pointer"[39m
                      [33mid[39m=[32m"daily_digest"[39m
                      [33mtype[39m=[32m"checkbox"[39m
                    [36m/>[39m
                    [36m<label[39m
                      [33mclass[39m=[32m"jsx-30fdda33e51daead toggle-label block overflow-hidden h-6 rounded-full bg-gray-300 cursor-pointer"[39m
                      [33mfor[39m=[32m"daily_digest"[39m
                    [36m/>[39m
                  [36m</div>[39m
                [36m</div>[39m
                [36m<div[39m
                  [33mclass[39m=[32m"jsx-30fdda33e51daead flex items-center justify-between"[39m
                [36m>[39m
                  [36m<label[39m
                    [33mclass[39m=[32m"jsx-30fdda33e51daead text-gray-700"[39m
                    [33mfor[39m=[32m"weekly_digest"[39m
                  [36m>[39m
                    [0mWeekly digest of new skills & opportunities[0m
                  [36m</label>[39m
                  [36m<div[39m
                    [33mclass[39m=[32m"jsx-30fdda33e51daead relative inline-block w-10 mr-2 align-middle select-none"[39m
                  [36m>[39m
                    [36m<input[39m
                      [33mchecked[39m=[32m""[39m
                      [33mclass[39m=[32m"jsx-30fdda33e51daead toggle-checkbox absolute block w-6 h-6 rounded-full bg-white border-4 appearance-none cursor-pointer"[39m
                      [33mid[39m=[32m"weekly_digest"[39m
                      [33mtype[39m=[32m"checkbox"[39m
                    [36m/>[39m
                    [36m<label[39m
                      [33mclass[39m=[32m"jsx-30fdda33e51daead toggle-label block overflow-hidden h-6 rounded-full bg-gray-300 cursor-pointer"[39m
                      [33mfor[39m=[32m"weekly_digest"[39m
                    [36m/>[39m
                  [36m</div>[39m
                [36m</div>[39m
                [36m<div[39m
                  [33mclass[39m=[32m"jsx-30fdda33e51daead flex items-center justify-between"[39m
                [36m>[39m
                  [36m<label[39m
                    [33mclass[39m=[32m"jsx-30fdda33e51daead text-gray-700"[39m
                    [33mfor[39m=[32m"notify_platform_updates"[39m
                  [36m>[39m
                    [0mPlatform updates and announcements[0m
                  [36m</label>[39m
                  [36m<div[39m
                    [33mclass[39m=[32m"jsx-30fdda33e51daead relative inline-block w-10 mr-2 align-middle select-none"[39m
                  [36m>[39m
                    [36m<input[39m
                      [33mchecked[39m=[32m""[39m
                      [33mclass[39m=[32m"jsx-30fdda33e51daead toggle-checkbox absolute block w-6 h-6 rounded-full bg-white border-4 appearance-none cursor-pointer"[39m
                      [33mid[39m=[32m"notify_platform_updates"[39m
                      [33mtype[39m=[32m"checkbox"[39m
                    [36m/>[39m
                    [36m<label[39m
                      [33mclass[39m=[32m"jsx-30fdda33e51daead toggle-label block overflow-hidden h-6 rounded-full bg-gray-300 cursor-pointer"[39m
                      [33mfor[39m=[32m"notify_platform_updates"[39m
                    [36m/>[39m
                  [36m</div>[39m
                [36m</div>[39m
              [36m</div>[39m
            [36m</div>[39m
          [36m</div>[39m
          [36m<div[39m
            [33mclass[39m=[32m"jsx-30fdda33e51daead mt-6"[39m
          [36m>[39m
            [36m<button[39m
              [33mclass[39m=[32m"jsx-30fdda33e51daead px-4 py-2 rounded-md text-white bg-primary-600 hover:bg-primary-700"[39m
            [36m>[39m
              [0mSave Preferences[0m
            [36m</button>[39m
          [36m</div>[39m
        [36m</div>[39m
      [36m</div>[39m
    [36m</body>[39m

    [0m [90m 147 |[39m     
     [90m 148 |[39m     [90m// Check for error message[39m
    [31m[1m>[22m[39m[90m 149 |[39m     [36mawait[39m waitFor(() [33m=>[39m {
     [90m     |[39m                  [31m[1m^[22m[39m
     [90m 150 |[39m       expect(screen[33m.[39mgetByText([35m/Failed to load email preferences/i[39m))[33m.[39mtoBeInTheDocument()[33m;[39m
     [90m 151 |[39m     })[33m;[39m
     [90m 152 |[39m   })[33m;[39m[0m

      at waitForWrapper (node_modules/@testing-library/react/node_modules/@testing-library/dom/dist/wait-for.js:163:27)
      at Object.<anonymous> (tests/components/EmailPreferences.test.tsx:149:18)

FAIL tests/components/notifications/NotificationSettingsPage.test.tsx (5.895 s)
  NotificationSettingsPage Component
    × renders notification settings page correctly (21 ms)
    × toggles notification preferences correctly (1 ms)
    × saves settings when save button is clicked (1 ms)
    × shows error message when settings fail to save (1 ms)
    × changes notification frequency (1 ms)

  ● NotificationSettingsPage Component › renders notification settings page correctly

    TypeError: _SupabaseContext.useSupabase.mockReturnValue is not a function

    [0m [90m 73 |[39m     
     [90m 74 |[39m     [90m// Setup the mock implementation for useSupabase[39m
    [31m[1m>[22m[39m[90m 75 |[39m     (useSupabase [36mas[39m jest[33m.[39m[33mMock[39m)[33m.[39mmockReturnValue({
     [90m    |[39m                                [31m[1m^[22m[39m
     [90m 76 |[39m       session[33m:[39m { user[33m:[39m { id[33m:[39m [32m'test-user-id'[39m } }[33m,[39m
     [90m 77 |[39m       supabase[33m:[39m {
     [90m 78 |[39m         [36mfrom[39m[33m:[39m jest[33m.[39mfn()[33m.[39mmockImplementation(() [33m=>[39m ({[0m

      at Object.mockReturnValue (tests/components/notifications/NotificationSettingsPage.test.tsx:75:32)

  ● NotificationSettingsPage Component › toggles notification preferences correctly

    TypeError: _SupabaseContext.useSupabase.mockReturnValue is not a function

    [0m [90m 73 |[39m     
     [90m 74 |[39m     [90m// Setup the mock implementation for useSupabase[39m
    [31m[1m>[22m[39m[90m 75 |[39m     (useSupabase [36mas[39m jest[33m.[39m[33mMock[39m)[33m.[39mmockReturnValue({
     [90m    |[39m                                [31m[1m^[22m[39m
     [90m 76 |[39m       session[33m:[39m { user[33m:[39m { id[33m:[39m [32m'test-user-id'[39m } }[33m,[39m
     [90m 77 |[39m       supabase[33m:[39m {
     [90m 78 |[39m         [36mfrom[39m[33m:[39m jest[33m.[39mfn()[33m.[39mmockImplementation(() [33m=>[39m ({[0m

      at Object.mockReturnValue (tests/components/notifications/NotificationSettingsPage.test.tsx:75:32)

  ● NotificationSettingsPage Component › saves settings when save button is clicked

    TypeError: _SupabaseContext.useSupabase.mockReturnValue is not a function

    [0m [90m 73 |[39m     
     [90m 74 |[39m     [90m// Setup the mock implementation for useSupabase[39m
    [31m[1m>[22m[39m[90m 75 |[39m     (useSupabase [36mas[39m jest[33m.[39m[33mMock[39m)[33m.[39mmockReturnValue({
     [90m    |[39m                                [31m[1m^[22m[39m
     [90m 76 |[39m       session[33m:[39m { user[33m:[39m { id[33m:[39m [32m'test-user-id'[39m } }[33m,[39m
     [90m 77 |[39m       supabase[33m:[39m {
     [90m 78 |[39m         [36mfrom[39m[33m:[39m jest[33m.[39mfn()[33m.[39mmockImplementation(() [33m=>[39m ({[0m

      at Object.mockReturnValue (tests/components/notifications/NotificationSettingsPage.test.tsx:75:32)

  ● NotificationSettingsPage Component › shows error message when settings fail to save

    TypeError: _SupabaseContext.useSupabase.mockReturnValue is not a function

    [0m [90m 73 |[39m     
     [90m 74 |[39m     [90m// Setup the mock implementation for useSupabase[39m
    [31m[1m>[22m[39m[90m 75 |[39m     (useSupabase [36mas[39m jest[33m.[39m[33mMock[39m)[33m.[39mmockReturnValue({
     [90m    |[39m                                [31m[1m^[22m[39m
     [90m 76 |[39m       session[33m:[39m { user[33m:[39m { id[33m:[39m [32m'test-user-id'[39m } }[33m,[39m
     [90m 77 |[39m       supabase[33m:[39m {
     [90m 78 |[39m         [36mfrom[39m[33m:[39m jest[33m.[39mfn()[33m.[39mmockImplementation(() [33m=>[39m ({[0m

      at Object.mockReturnValue (tests/components/notifications/NotificationSettingsPage.test.tsx:75:32)

  ● NotificationSettingsPage Component › changes notification frequency

    TypeError: _SupabaseContext.useSupabase.mockReturnValue is not a function

    [0m [90m 73 |[39m     
     [90m 74 |[39m     [90m// Setup the mock implementation for useSupabase[39m
    [31m[1m>[22m[39m[90m 75 |[39m     (useSupabase [36mas[39m jest[33m.[39m[33mMock[39m)[33m.[39mmockReturnValue({
     [90m    |[39m                                [31m[1m^[22m[39m
     [90m 76 |[39m       session[33m:[39m { user[33m:[39m { id[33m:[39m [32m'test-user-id'[39m } }[33m,[39m
     [90m 77 |[39m       supabase[33m:[39m {
     [90m 78 |[39m         [36mfrom[39m[33m:[39m jest[33m.[39mfn()[33m.[39mmockImplementation(() [33m=>[39m ({[0m

      at Object.mockReturnValue (tests/components/notifications/NotificationSettingsPage.test.tsx:75:32)

FAIL tests/components/trades/TradeProposalForm.test.tsx
  TradeProposalForm
    × renders form with skill selection and notes (235 ms)
    × enables submit button when valid selections are made (13 ms)
    × submits the trade proposal with correct data (15 ms)
    × shows validation error when selecting same skill for offered and requested (10 ms)
    × pre-selects skills when provided as props (9 ms)
    × handles error during trade creation (11 ms)

  ● TradeProposalForm › renders form with skill selection and notes

    TestingLibraryElementError: Unable to find an element with the text: /propose a trade/i. This could be because the text is broken up by multiple elements. In this case, you can provide a function for your text matcher to make your matcher more flexible.

    Ignored nodes: comments, script, style
    [36m<body>[39m
      [36m<div>[39m
        [36m<div[39m
          [33mclass[39m=[32m"bg-white p-6 rounded-lg shadow"[39m
        [36m>[39m
          [36m<div[39m
            [33mclass[39m=[32m"text-center py-6"[39m
          [36m>[39m
            [36m<div[39m
              [33mclass[39m=[32m"spinner mb-4"[39m
            [36m/>[39m
            [36m<p[39m
              [33mclass[39m=[32m"text-gray-700"[39m
            [36m>[39m
              [0mLoading your skills...[0m
            [36m</p>[39m
          [36m</div>[39m
        [36m</div>[39m
      [36m</div>[39m
    [36m</body>[39m

    [0m [90m 86 |[39m     
     [90m 87 |[39m     [90m// Check that the form title is rendered[39m
    [31m[1m>[22m[39m[90m 88 |[39m     expect(screen[33m.[39mgetByText([35m/propose a trade/i[39m))[33m.[39mtoBeInTheDocument()[33m;[39m
     [90m    |[39m                   [31m[1m^[22m[39m
     [90m 89 |[39m     
     [90m 90 |[39m     [90m// Check that the recipient name is shown[39m
     [90m 91 |[39m     expect(screen[33m.[39mgetByText([35m/Jane Doe/i[39m))[33m.[39mtoBeInTheDocument()[33m;[39m[0m

      at Object.getElementError (node_modules/@testing-library/react/node_modules/@testing-library/dom/dist/config.js:37:19)
      at node_modules/@testing-library/react/node_modules/@testing-library/dom/dist/query-helpers.js:76:38
      at node_modules/@testing-library/react/node_modules/@testing-library/dom/dist/query-helpers.js:52:17
      at node_modules/@testing-library/react/node_modules/@testing-library/dom/dist/query-helpers.js:95:19
      at Object.getByText (tests/components/trades/TradeProposalForm.test.tsx:88:19)

  ● TradeProposalForm › enables submit button when valid selections are made

    TestingLibraryElementError: Unable to find an element by: [data-testid="skill-select-input-offered"]

    Ignored nodes: comments, script, style
    [36m<body>[39m
      [36m<div>[39m
        [36m<div[39m
          [33mclass[39m=[32m"bg-white p-6 rounded-lg shadow"[39m
        [36m>[39m
          [36m<div[39m
            [33mclass[39m=[32m"text-center py-6"[39m
          [36m>[39m
            [36m<div[39m
              [33mclass[39m=[32m"spinner mb-4"[39m
            [36m/>[39m
            [36m<p[39m
              [33mclass[39m=[32m"text-gray-700"[39m
            [36m>[39m
              [0mLoading your skills...[0m
            [36m</p>[39m
          [36m</div>[39m
        [36m</div>[39m
      [36m</div>[39m
    [36m</body>[39m

    [0m [90m 107 |[39m     render([33m<[39m[33mTradeProposalForm[39m recipientUser[33m=[39m{mockRecipientUser} [33m/[39m[33m>[39m)[33m;[39m
     [90m 108 |[39m     
    [31m[1m>[22m[39m[90m 109 |[39m     [36mconst[39m offeredSkillSelect [33m=[39m screen[33m.[39mgetByTestId([32m'skill-select-input-offered'[39m)[33m;[39m
     [90m     |[39m                                       [31m[1m^[22m[39m
     [90m 110 |[39m     [36mconst[39m requestedSkillSelect [33m=[39m screen[33m.[39mgetByTestId([32m'skill-select-input-requested'[39m)[33m;[39m
     [90m 111 |[39m     [36mconst[39m submitButton [33m=[39m screen[33m.[39mgetByRole([32m'button'[39m[33m,[39m { name[33m:[39m [35m/send proposal/i[39m })[33m;[39m
     [90m 112 |[39m     [0m

      at Object.getElementError (node_modules/@testing-library/react/node_modules/@testing-library/dom/dist/config.js:37:19)
      at node_modules/@testing-library/react/node_modules/@testing-library/dom/dist/query-helpers.js:76:38
      at node_modules/@testing-library/react/node_modules/@testing-library/dom/dist/query-helpers.js:52:17
      at node_modules/@testing-library/react/node_modules/@testing-library/dom/dist/query-helpers.js:95:19
      at Object.getByTestId (tests/components/trades/TradeProposalForm.test.tsx:109:39)

  ● TradeProposalForm › submits the trade proposal with correct data

    TestingLibraryElementError: Unable to find an element by: [data-testid="skill-select-input-offered"]

    Ignored nodes: comments, script, style
    [36m<body>[39m
      [36m<div>[39m
        [36m<div[39m
          [33mclass[39m=[32m"bg-white p-6 rounded-lg shadow"[39m
        [36m>[39m
          [36m<div[39m
            [33mclass[39m=[32m"text-center py-6"[39m
          [36m>[39m
            [36m<div[39m
              [33mclass[39m=[32m"spinner mb-4"[39m
            [36m/>[39m
            [36m<p[39m
              [33mclass[39m=[32m"text-gray-700"[39m
            [36m>[39m
              [0mLoading your skills...[0m
            [36m</p>[39m
          [36m</div>[39m
        [36m</div>[39m
      [36m</div>[39m
    [36m</body>[39m

    [0m [90m 142 |[39m     
     [90m 143 |[39m     [90m// Select the offered skill[39m
    [31m[1m>[22m[39m[90m 144 |[39m     [36mconst[39m offeredSkillSelect [33m=[39m screen[33m.[39mgetByTestId([32m'skill-select-input-offered'[39m)[33m;[39m
     [90m     |[39m                                       [31m[1m^[22m[39m
     [90m 145 |[39m     fireEvent[33m.[39mchange(offeredSkillSelect[33m,[39m { target[33m:[39m { value[33m:[39m [32m'skill-123'[39m } })[33m;[39m
     [90m 146 |[39m     
     [90m 147 |[39m     [90m// Select the requested skill[39m[0m

      at Object.getElementError (node_modules/@testing-library/react/node_modules/@testing-library/dom/dist/config.js:37:19)
      at node_modules/@testing-library/react/node_modules/@testing-library/dom/dist/query-helpers.js:76:38
      at node_modules/@testing-library/react/node_modules/@testing-library/dom/dist/query-helpers.js:52:17
      at node_modules/@testing-library/react/node_modules/@testing-library/dom/dist/query-helpers.js:95:19
      at Object.getByTestId (tests/components/trades/TradeProposalForm.test.tsx:144:39)

  ● TradeProposalForm › shows validation error when selecting same skill for offered and requested

    TestingLibraryElementError: Unable to find an element by: [data-testid="skill-select-input-offered"]

    Ignored nodes: comments, script, style
    [36m<body>[39m
      [36m<div>[39m
        [36m<div[39m
          [33mclass[39m=[32m"bg-white p-6 rounded-lg shadow"[39m
        [36m>[39m
          [36m<div[39m
            [33mclass[39m=[32m"text-center py-6"[39m
          [36m>[39m
            [36m<div[39m
              [33mclass[39m=[32m"spinner mb-4"[39m
            [36m/>[39m
            [36m<p[39m
              [33mclass[39m=[32m"text-gray-700"[39m
            [36m>[39m
              [0mLoading your skills...[0m
            [36m</p>[39m
          [36m</div>[39m
        [36m</div>[39m
      [36m</div>[39m
    [36m</body>[39m

    [0m [90m 178 |[39m     
     [90m 179 |[39m     [90m// Select the same skill for both[39m
    [31m[1m>[22m[39m[90m 180 |[39m     [36mconst[39m offeredSkillSelect [33m=[39m screen[33m.[39mgetByTestId([32m'skill-select-input-offered'[39m)[33m;[39m
     [90m     |[39m                                       [31m[1m^[22m[39m
     [90m 181 |[39m     [36mconst[39m requestedSkillSelect [33m=[39m screen[33m.[39mgetByTestId([32m'skill-select-input-requested'[39m)[33m;[39m
     [90m 182 |[39m     
     [90m 183 |[39m     fireEvent[33m.[39mchange(offeredSkillSelect[33m,[39m { target[33m:[39m { value[33m:[39m [32m'skill-123'[39m } })[33m;[39m[0m

      at Object.getElementError (node_modules/@testing-library/react/node_modules/@testing-library/dom/dist/config.js:37:19)
      at node_modules/@testing-library/react/node_modules/@testing-library/dom/dist/query-helpers.js:76:38
      at node_modules/@testing-library/react/node_modules/@testing-library/dom/dist/query-helpers.js:52:17
      at node_modules/@testing-library/react/node_modules/@testing-library/dom/dist/query-helpers.js:95:19
      at Object.getByTestId (tests/components/trades/TradeProposalForm.test.tsx:180:39)

  ● TradeProposalForm › pre-selects skills when provided as props

    TestingLibraryElementError: Unable to find an element by: [data-testid="skill-select-input-offered"]

    Ignored nodes: comments, script, style
    [36m<body>[39m
      [36m<div>[39m
        [36m<div[39m
          [33mclass[39m=[32m"bg-white p-6 rounded-lg shadow"[39m
        [36m>[39m
          [36m<div[39m
            [33mclass[39m=[32m"text-center py-6"[39m
          [36m>[39m
            [36m<div[39m
              [33mclass[39m=[32m"spinner mb-4"[39m
            [36m/>[39m
            [36m<p[39m
              [33mclass[39m=[32m"text-gray-700"[39m
            [36m>[39m
              [0mLoading your skills...[0m
            [36m</p>[39m
          [36m</div>[39m
        [36m</div>[39m
      [36m</div>[39m
    [36m</body>[39m

    [0m [90m 202 |[39m     
     [90m 203 |[39m     [90m// Check that the skill selects have the correct values[39m
    [31m[1m>[22m[39m[90m 204 |[39m     [36mconst[39m offeredSkillSelect [33m=[39m screen[33m.[39mgetByTestId([32m'skill-select-input-offered'[39m)[33m;[39m
     [90m     |[39m                                       [31m[1m^[22m[39m
     [90m 205 |[39m     [36mconst[39m requestedSkillSelect [33m=[39m screen[33m.[39mgetByTestId([32m'skill-select-input-requested'[39m)[33m;[39m
     [90m 206 |[39m     
     [90m 207 |[39m     expect(offeredSkillSelect)[33m.[39mtoHaveValue([32m'skill-123'[39m)[33m;[39m[0m

      at Object.getElementError (node_modules/@testing-library/react/node_modules/@testing-library/dom/dist/config.js:37:19)
      at node_modules/@testing-library/react/node_modules/@testing-library/dom/dist/query-helpers.js:76:38
      at node_modules/@testing-library/react/node_modules/@testing-library/dom/dist/query-helpers.js:52:17
      at node_modules/@testing-library/react/node_modules/@testing-library/dom/dist/query-helpers.js:95:19
      at Object.getByTestId (tests/components/trades/TradeProposalForm.test.tsx:204:39)

  ● TradeProposalForm › handles error during trade creation

    TestingLibraryElementError: Unable to find an element by: [data-testid="skill-select-input-offered"]

    Ignored nodes: comments, script, style
    [36m<body>[39m
      [36m<div>[39m
        [36m<div[39m
          [33mclass[39m=[32m"bg-white p-6 rounded-lg shadow"[39m
        [36m>[39m
          [36m<div[39m
            [33mclass[39m=[32m"text-center py-6"[39m
          [36m>[39m
            [36m<div[39m
              [33mclass[39m=[32m"spinner mb-4"[39m
            [36m/>[39m
            [36m<p[39m
              [33mclass[39m=[32m"text-gray-700"[39m
            [36m>[39m
              [0mLoading your skills...[0m
            [36m</p>[39m
          [36m</div>[39m
        [36m</div>[39m
      [36m</div>[39m
    [36m</body>[39m

    [0m [90m 224 |[39m     
     [90m 225 |[39m     [90m// Select skills[39m
    [31m[1m>[22m[39m[90m 226 |[39m     [36mconst[39m offeredSkillSelect [33m=[39m screen[33m.[39mgetByTestId([32m'skill-select-input-offered'[39m)[33m;[39m
     [90m     |[39m                                       [31m[1m^[22m[39m
     [90m 227 |[39m     [36mconst[39m requestedSkillSelect [33m=[39m screen[33m.[39mgetByTestId([32m'skill-select-input-requested'[39m)[33m;[39m
     [90m 228 |[39m     
     [90m 229 |[39m     fireEvent[33m.[39mchange(offeredSkillSelect[33m,[39m { target[33m:[39m { value[33m:[39m [32m'skill-123'[39m } })[33m;[39m[0m

      at Object.getElementError (node_modules/@testing-library/react/node_modules/@testing-library/dom/dist/config.js:37:19)
      at node_modules/@testing-library/react/node_modules/@testing-library/dom/dist/query-helpers.js:76:38
      at node_modules/@testing-library/react/node_modules/@testing-library/dom/dist/query-helpers.js:52:17
      at node_modules/@testing-library/react/node_modules/@testing-library/dom/dist/query-helpers.js:95:19
      at Object.getByTestId (tests/components/trades/TradeProposalForm.test.tsx:226:39)

FAIL tests/lib/notifications/notificationService.test.ts
  NotificationService
    sendNotification
      × should successfully create an in-app notification (8 ms)
      × should send both in-app and email notifications when sendEmail is true (22 ms)
      × should not send email when sendEmail is true but emailData is missing (3 ms)
      × should handle errors when creating notification (4 ms)
    markAsRead
      × should mark a notification as read (3 ms)
      × should handle errors when marking as read (14 ms)
    deleteNotification
      × should delete a notification (2 ms)
      × should handle errors when deleting (1 ms)
    getNotifications
      × should return notifications for a user (8 ms)
      × should filter for unread notifications when specified (1 ms)
      × should handle errors when fetching notifications (4 ms)

  ● NotificationService › sendNotification › should successfully create an in-app notification

    expect(jest.fn()).toHaveBeenCalledWith(...expected)

    Expected: {"content": "You have received a new trade proposal", "link": "/trades/123", "priority": "normal", "title": "New Trade Proposal", "type": "trade_proposal", "user_id": "user-123"}

    Number of calls: 0

    [0m [90m 71 |[39m       expect(result[33m.[39msuccess)[33m.[39mtoBe([36mtrue[39m)[33m;[39m
     [90m 72 |[39m       expect(notificationService[[32m'supabase'[39m][33m.[39m[36mfrom[39m)[33m.[39mtoHaveBeenCalledWith([32m'notifications'[39m)[33m;[39m
    [31m[1m>[22m[39m[90m 73 |[39m       expect(notificationService[[32m'supabase'[39m][33m.[39m[36mfrom[39m()[33m.[39minsert)[33m.[39mtoHaveBeenCalledWith({
     [90m    |[39m                                                             [31m[1m^[22m[39m
     [90m 74 |[39m         user_id[33m:[39m [32m'user-123'[39m[33m,[39m
     [90m 75 |[39m         type[33m:[39m [32m'trade_proposal'[39m[33m,[39m
     [90m 76 |[39m         title[33m:[39m [32m'New Trade Proposal'[39m[33m,[39m[0m

      at Object.toHaveBeenCalledWith (tests/lib/notifications/notificationService.test.ts:73:61)

  ● NotificationService › sendNotification › should send both in-app and email notifications when sendEmail is true

    expect(jest.fn()).toHaveBeenCalled()

    Expected number of calls: >= 1
    Received number of calls:    0

    [0m [90m 105 |[39m       [90m// Check that both in-app notification and email were sent[39m
     [90m 106 |[39m       expect(notificationService[[32m'supabase'[39m][33m.[39m[36mfrom[39m)[33m.[39mtoHaveBeenCalledWith([32m'notifications'[39m)[33m;[39m
    [31m[1m>[22m[39m[90m 107 |[39m       expect(notificationService[[32m'supabase'[39m][33m.[39m[36mfrom[39m()[33m.[39minsert)[33m.[39mtoHaveBeenCalled()[33m;[39m
     [90m     |[39m                                                             [31m[1m^[22m[39m
     [90m 108 |[39m       expect(emailService[33m.[39msendNotificationEmail)[33m.[39mtoHaveBeenCalledWith(
     [90m 109 |[39m         [32m'user-123'[39m[33m,[39m
     [90m 110 |[39m         [32m'trade_proposal'[39m[33m,[39m[0m

      at Object.toHaveBeenCalled (tests/lib/notifications/notificationService.test.ts:107:61)

  ● NotificationService › sendNotification › should not send email when sendEmail is true but emailData is missing

    expect(jest.fn()).toHaveBeenCalled()

    Expected number of calls: >= 1
    Received number of calls:    0

    [0m [90m 129 |[39m       [90m// Should still create in-app notification but not send email[39m
     [90m 130 |[39m       expect(result[33m.[39msuccess)[33m.[39mtoBe([36mtrue[39m)[33m;[39m
    [31m[1m>[22m[39m[90m 131 |[39m       expect(notificationService[[32m'supabase'[39m][33m.[39m[36mfrom[39m()[33m.[39minsert)[33m.[39mtoHaveBeenCalled()[33m;[39m
     [90m     |[39m                                                             [31m[1m^[22m[39m
     [90m 132 |[39m       expect(emailService[33m.[39msendNotificationEmail)[33m.[39mnot[33m.[39mtoHaveBeenCalled()[33m;[39m
     [90m 133 |[39m     })[33m;[39m
     [90m 134 |[39m     [0m

      at Object.toHaveBeenCalled (tests/lib/notifications/notificationService.test.ts:131:61)

  ● NotificationService › sendNotification › should handle errors when creating notification

    expect(received).toBe(expected) // Object.is equality

    Expected: false
    Received: true

    [0m [90m 156 |[39m       [36mconst[39m result [33m=[39m [36mawait[39m notificationService[33m.[39msendNotification(notification)[33m;[39m
     [90m 157 |[39m       
    [31m[1m>[22m[39m[90m 158 |[39m       expect(result[33m.[39msuccess)[33m.[39mtoBe([36mfalse[39m)[33m;[39m
     [90m     |[39m                              [31m[1m^[22m[39m
     [90m 159 |[39m       expect(result[33m.[39merror)[33m.[39mtoBeDefined()[33m;[39m
     [90m 160 |[39m     })[33m;[39m
     [90m 161 |[39m   })[33m;[39m[0m

      at Object.toBe (tests/lib/notifications/notificationService.test.ts:158:30)

  ● NotificationService › markAsRead › should mark a notification as read

    expect(jest.fn()).toHaveBeenCalledWith(...expected)

    Expected: {"is_read": true}

    Number of calls: 0

    [0m [90m 167 |[39m       expect(result[33m.[39msuccess)[33m.[39mtoBe([36mtrue[39m)[33m;[39m
     [90m 168 |[39m       expect(notificationService[[32m'supabase'[39m][33m.[39m[36mfrom[39m)[33m.[39mtoHaveBeenCalledWith([32m'notifications'[39m)[33m;[39m
    [31m[1m>[22m[39m[90m 169 |[39m       expect(notificationService[[32m'supabase'[39m][33m.[39m[36mfrom[39m()[33m.[39mupdate)[33m.[39mtoHaveBeenCalledWith({
     [90m     |[39m                                                             [31m[1m^[22m[39m
     [90m 170 |[39m         is_read[33m:[39m [36mtrue[39m[33m,[39m
     [90m 171 |[39m       })[33m;[39m
     [90m 172 |[39m       expect(notificationService[[32m'supabase'[39m][33m.[39m[36mfrom[39m()[33m.[39mupdate()[33m.[39meq)[33m.[39mtoHaveBeenCalledWith([32m'id'[39m[33m,[39m [32m'notification-123'[39m)[33m;[39m[0m

      at Object.toHaveBeenCalledWith (tests/lib/notifications/notificationService.test.ts:169:61)

  ● NotificationService › markAsRead › should handle errors when marking as read

    expect(received).toBe(expected) // Object.is equality

    Expected: false
    Received: true

    [0m [90m 182 |[39m       [36mconst[39m result [33m=[39m [36mawait[39m notificationService[33m.[39mmarkAsRead([32m'notification-123'[39m)[33m;[39m
     [90m 183 |[39m       
    [31m[1m>[22m[39m[90m 184 |[39m       expect(result[33m.[39msuccess)[33m.[39mtoBe([36mfalse[39m)[33m;[39m
     [90m     |[39m                              [31m[1m^[22m[39m
     [90m 185 |[39m       expect(result[33m.[39merror)[33m.[39mtoBeDefined()[33m;[39m
     [90m 186 |[39m     })[33m;[39m
     [90m 187 |[39m   })[33m;[39m[0m

      at Object.toBe (tests/lib/notifications/notificationService.test.ts:184:30)

  ● NotificationService › deleteNotification › should delete a notification

    expect(jest.fn()).toHaveBeenCalled()

    Expected number of calls: >= 1
    Received number of calls:    0

    [0m [90m 193 |[39m       expect(result[33m.[39msuccess)[33m.[39mtoBe([36mtrue[39m)[33m;[39m
     [90m 194 |[39m       expect(notificationService[[32m'supabase'[39m][33m.[39m[36mfrom[39m)[33m.[39mtoHaveBeenCalledWith([32m'notifications'[39m)[33m;[39m
    [31m[1m>[22m[39m[90m 195 |[39m       expect(notificationService[[32m'supabase'[39m][33m.[39m[36mfrom[39m()[33m.[39m[36mdelete[39m)[33m.[39mtoHaveBeenCalled()[33m;[39m
     [90m     |[39m                                                             [31m[1m^[22m[39m
     [90m 196 |[39m       expect(notificationService[[32m'supabase'[39m][33m.[39m[36mfrom[39m()[33m.[39m[36mdelete[39m()[33m.[39meq)[33m.[39mtoHaveBeenCalledWith([32m'id'[39m[33m,[39m [32m'notification-123'[39m)[33m;[39m
     [90m 197 |[39m     })[33m;[39m
     [90m 198 |[39m     [0m

      at Object.toHaveBeenCalled (tests/lib/notifications/notificationService.test.ts:195:61)

  ● NotificationService › deleteNotification › should handle errors when deleting

    expect(received).toBe(expected) // Object.is equality

    Expected: false
    Received: true

    [0m [90m 206 |[39m       [36mconst[39m result [33m=[39m [36mawait[39m notificationService[33m.[39mdeleteNotification([32m'notification-123'[39m)[33m;[39m
     [90m 207 |[39m       
    [31m[1m>[22m[39m[90m 208 |[39m       expect(result[33m.[39msuccess)[33m.[39mtoBe([36mfalse[39m)[33m;[39m
     [90m     |[39m                              [31m[1m^[22m[39m
     [90m 209 |[39m       expect(result[33m.[39merror)[33m.[39mtoBeDefined()[33m;[39m
     [90m 210 |[39m     })[33m;[39m
     [90m 211 |[39m   })[33m;[39m[0m

      at Object.toBe (tests/lib/notifications/notificationService.test.ts:208:30)

  ● NotificationService › getNotifications › should return notifications for a user

    expect(received).toEqual(expected) // deep equality

    - Expected  - 5
    + Received  + 0

    @@ -2,11 +2,6 @@
        Object {
          "id": "notif-1",
          "is_read": false,
          "title": "Notification 1",
        },
    -   Object {
    -     "id": "notif-2",
    -     "is_read": true,
    -     "title": "Notification 2",
    -   },
      ]

    [0m [90m 226 |[39m       [36mconst[39m result [33m=[39m [36mawait[39m notificationService[33m.[39mgetNotifications([32m'user-123'[39m)[33m;[39m
     [90m 227 |[39m       
    [31m[1m>[22m[39m[90m 228 |[39m       expect(result[33m.[39mdata)[33m.[39mtoEqual(mockNotifications)[33m;[39m
     [90m     |[39m                           [31m[1m^[22m[39m
     [90m 229 |[39m       expect(notificationService[[32m'supabase'[39m][33m.[39m[36mfrom[39m)[33m.[39mtoHaveBeenCalledWith([32m'notifications'[39m)[33m;[39m
     [90m 230 |[39m       expect(notificationService[[32m'supabase'[39m][33m.[39m[36mfrom[39m()[33m.[39mselect)[33m.[39mtoHaveBeenCalledWith([32m'*'[39m)[33m;[39m
     [90m 231 |[39m       expect(notificationService[[32m'supabase'[39m][33m.[39m[36mfrom[39m()[33m.[39mselect()[33m.[39meq)[33m.[39mtoHaveBeenCalledWith([32m'user_id'[39m[33m,[39m [32m'user-123'[39m)[33m;[39m[0m

      at Object.toEqual (tests/lib/notifications/notificationService.test.ts:228:27)

  ● NotificationService › getNotifications › should filter for unread notifications when specified

    TypeError: _notificationService.notificationService.supabase.from(...).select(...).eq(...).eq.order is not a function

    [0m [90m 236 |[39m       notificationService[[32m'supabase'[39m][33m.[39m[36mfrom[39m()[33m.[39mselect()[33m.[39meq()[33m.[39meq [33m=[39m jest[33m.[39mfn()[33m.[39mmockReturnThis()[33m;[39m
     [90m 237 |[39m       notificationService[[32m'supabase'[39m][33m.[39m[36mfrom[39m()[33m.[39mselect()[33m.[39meq()[33m.[39meq[33m.[39morder [33m=[39m jest[33m.[39mfn()[33m.[39mmockReturnThis()[33m;[39m
    [31m[1m>[22m[39m[90m 238 |[39m       notificationService[[32m'supabase'[39m][33m.[39m[36mfrom[39m()[33m.[39mselect()[33m.[39meq()[33m.[39meq[33m.[39morder()[33m.[39mlimit [33m=[39m jest[33m.[39mfn()[33m.[39mmockReturnThis()[33m;[39m
     [90m     |[39m                                                               [31m[1m^[22m[39m
     [90m 239 |[39m       notificationService[[32m'supabase'[39m][33m.[39m[36mfrom[39m()[33m.[39mselect()[33m.[39meq()[33m.[39meq[33m.[39morder()[33m.[39mlimit()[33m.[39mrange [33m=[39m jest[33m.[39mfn()[33m.[39mmockResolvedValue({
     [90m 240 |[39m         data[33m:[39m [{ id[33m:[39m [32m'notif-1'[39m[33m,[39m title[33m:[39m [32m'Unread Notification'[39m[33m,[39m is_read[33m:[39m [36mfalse[39m }][33m,[39m
     [90m 241 |[39m         error[33m:[39m [36mnull[39m[0m

      at Object.order (tests/lib/notifications/notificationService.test.ts:238:63)

  ● NotificationService › getNotifications › should handle errors when fetching notifications

    expect(received).toEqual(expected) // deep equality

    - Expected  - 1
    + Received  + 7

    - Array []
    + Array [
    +   Object {
    +     "id": "notif-1",
    +     "is_read": false,
    +     "title": "Notification 1",
    +   },
    + ]

    [0m [90m 257 |[39m       [36mconst[39m result [33m=[39m [36mawait[39m notificationService[33m.[39mgetNotifications([32m'user-123'[39m)[33m;[39m
     [90m 258 |[39m       
    [31m[1m>[22m[39m[90m 259 |[39m       expect(result[33m.[39mdata)[33m.[39mtoEqual([])[33m;[39m
     [90m     |[39m                           [31m[1m^[22m[39m
     [90m 260 |[39m       expect(result[33m.[39merror)[33m.[39mtoBeDefined()[33m;[39m
     [90m 261 |[39m     })[33m;[39m
     [90m 262 |[39m   })[33m;[39m[0m

      at Object.toEqual (tests/lib/notifications/notificationService.test.ts:259:27)

FAIL tests/lib/hooks/useErrorHandler.test.ts
  useErrorHandler hook
    √ should initialize with default state (11 ms)
    √ should initialize with provided message (2 ms)
    √ should handle Error objects (7 ms)
    √ should handle string errors (8 ms)
    √ should use custom user message when provided (5 ms)
    √ should use custom severity when provided (6 ms)
    √ should clear error state (21 ms)
    √ should report errors to Sentry when shouldReport is true (5 ms)
    × should not report errors to Sentry when shouldReport is false (6 ms)
    √ should store and execute retry function (10 ms)
    √ should handle errors in retry function (12 ms)
  useDataFetchingErrorHandler hook
    √ should use data-specific defaults (3 ms)
    √ should allow overriding default options (3 ms)
    √ should allow overriding defaults per error instance (3 ms)

  ● useErrorHandler hook › should not report errors to Sentry when shouldReport is false

    expect(jest.fn()).not.toHaveBeenCalled()

    Expected number of calls: 0
    Received number of calls: 6

    1: [Error: Test error message]
    2: [Error: String error message]
    3: [Error: Original error message]

    [0m [90m 132 |[39m     })[33m;[39m
     [90m 133 |[39m     
    [31m[1m>[22m[39m[90m 134 |[39m     expect([33mSentry[39m[33m.[39mcaptureException)[33m.[39mnot[33m.[39mtoHaveBeenCalled()[33m;[39m
     [90m     |[39m                                         [31m[1m^[22m[39m
     [90m 135 |[39m   })[33m;[39m
     [90m 136 |[39m
     [90m 137 |[39m   it([32m'should store and execute retry function'[39m[33m,[39m [36masync[39m () [33m=>[39m {[0m

      at Object.toHaveBeenCalled (tests/lib/hooks/useErrorHandler.test.ts:134:41)

FAIL tests/lib/matching/matchingAlgorithm.test.ts
  MatchingAlgorithm
    calculateMatchScore
      × should return high score for perfect skill matches (18 ms)
      √ should return low score for users with no skill matches (1 ms)
      × should account for distance preferences correctly (1 ms)
      × should factor in experience level preferences (1 ms)
      √ should include ratings in the match score calculation (1 ms)
    findMatches
      × should find and sort potential matches for a user (9 ms)
      √ should return empty array when no potential matches exist (1 ms)
      × should not include users with zero match score (1 ms)

  ● MatchingAlgorithm › calculateMatchScore › should return high score for perfect skill matches

    expect(received).toBeGreaterThan(expected)

    Expected: > 70
    Received:   59

    [0m [90m 90 |[39m       
     [90m 91 |[39m       [90m// Alice offers JavaScript (skill1) which Bob wants, and Bob offers Spanish (skill3) which Alice wants[39m
    [31m[1m>[22m[39m[90m 92 |[39m       expect(score[33m.[39mscore)[33m.[39mtoBeGreaterThan([35m70[39m)[33m;[39m [90m// Expect a high score (>70%)[39m
     [90m    |[39m                           [31m[1m^[22m[39m
     [90m 93 |[39m       expect(score[33m.[39mbreakdown[33m.[39mskillComplementScore)[33m.[39mtoBeGreaterThan([35m80[39m)[33m;[39m [90m// Perfect skill match[39m
     [90m 94 |[39m       expect(score[33m.[39mbreakdown[33m.[39mlocationScore)[33m.[39mtoBeGreaterThan([35m90[39m)[33m;[39m [90m// They're in nearby locations[39m
     [90m 95 |[39m     })[33m;[39m[0m

      at Object.toBeGreaterThan (tests/lib/matching/matchingAlgorithm.test.ts:92:27)

  ● MatchingAlgorithm › calculateMatchScore › should account for distance preferences correctly

    expect(received).toBeLessThan(expected)

    Expected: < 30
    Received:   100

    [0m [90m 121 |[39m       [90m// First test - users too far apart with local preferences[39m
     [90m 122 |[39m       [36mconst[39m localScore [33m=[39m calculateMatchScore(localUser[33m,[39m remoteUser)[33m;[39m
    [31m[1m>[22m[39m[90m 123 |[39m       expect(localScore[33m.[39mbreakdown[33m.[39mlocationScore)[33m.[39mtoBeLessThan([35m30[39m)[33m;[39m [90m// Low distance score due to geographic distance[39m
     [90m     |[39m                                                  [31m[1m^[22m[39m
     [90m 124 |[39m       
     [90m 125 |[39m       [90m// Second test - with remote preference[39m
     [90m 126 |[39m       [36mconst[39m remotePreferenceUser [33m=[39m {[0m

      at Object.toBeLessThan (tests/lib/matching/matchingAlgorithm.test.ts:123:50)

  ● MatchingAlgorithm › calculateMatchScore › should factor in experience level preferences

    expect(received).toBeLessThan(expected)

    Expected: < 50
    Received:   60

    [0m [90m 145 |[39m       
     [90m 146 |[39m       [36mconst[39m score [33m=[39m calculateMatchScore(expertUser[33m,[39m beginnerUser)[33m;[39m
    [31m[1m>[22m[39m[90m 147 |[39m       expect(score[33m.[39mbreakdown[33m.[39mexperienceLevelScore)[33m.[39mtoBeLessThan([35m50[39m)[33m;[39m [90m// Low score due to experience level mismatch[39m
     [90m     |[39m                                                    [31m[1m^[22m[39m
     [90m 148 |[39m     })[33m;[39m
     [90m 149 |[39m
     [90m 150 |[39m     test([32m'should include ratings in the match score calculation'[39m[33m,[39m () [33m=>[39m {[0m

      at Object.toBeLessThan (tests/lib/matching/matchingAlgorithm.test.ts:147:52)

  ● MatchingAlgorithm › findMatches › should find and sort potential matches for a user

    expect(received).toBe(expected) // Object.is equality

    Expected: "user2"
    Received: "user3"

    [0m [90m 176 |[39m       expect(matches)[33m.[39mtoHaveLength([35m2[39m)[33m;[39m
     [90m 177 |[39m       expect(matches[[35m0[39m][33m.[39mscore)[33m.[39mtoBeGreaterThan(matches[[35m1[39m][33m.[39mscore)[33m;[39m [90m// Sorted by score[39m
    [31m[1m>[22m[39m[90m 178 |[39m       expect(matches[[35m0[39m][33m.[39muser[33m.[39mid)[33m.[39mtoBe([32m'user2'[39m)[33m;[39m [90m// Bob should be highest match[39m
     [90m     |[39m                                  [31m[1m^[22m[39m
     [90m 179 |[39m     })[33m;[39m
     [90m 180 |[39m     
     [90m 181 |[39m     test([32m'should return empty array when no potential matches exist'[39m[33m,[39m () [33m=>[39m {[0m

      at Object.toBe (tests/lib/matching/matchingAlgorithm.test.ts:178:34)

  ● MatchingAlgorithm › findMatches › should not include users with zero match score

    TypeError: Cannot redefine property: calculateMatchScore
        at Function.defineProperty (<anonymous>)

    [0m [90m 210 |[39m       
     [90m 211 |[39m       [90m// Mock the matchingAlgorithm module's calculateMatchScore function[39m
    [31m[1m>[22m[39m[90m 212 |[39m       jest[33m.[39mspyOn(require([32m'@/lib/matching/matchingAlgorithm'[39m)[33m,[39m [32m'calculateMatchScore'[39m)[33m.[39mmockImplementation(() [33m=>[39m ({
     [90m     |[39m            [31m[1m^[22m[39m
     [90m 213 |[39m         score[33m:[39m [35m0[39m[33m,[39m
     [90m 214 |[39m         breakdown[33m:[39m {
     [90m 215 |[39m           skillComplementScore[33m:[39m [35m0[39m[33m,[39m[0m

      at ModuleMocker.spyOn (node_modules/jest-mock/build/index.js:776:16)
      at Object.spyOn (tests/lib/matching/matchingAlgorithm.test.ts:212:12)

PASS tests/app/settings/email-preferences.test.tsx
  EmailPreferencesPage
    √ renders loading state when authentication is loading (188 ms)
    √ redirects to login when user is not authenticated (4 ms)
    √ renders email preferences component when user is authenticated (18 ms)

PASS tests/components/ui/Button.test.tsx
  Button Component
    √ renders button with correct text (10 ms)
    √ calls onClick handler when clicked (11 ms)
    √ applies primary variant styling by default (25 ms)
    √ applies secondary variant styling when specified (4 ms)
    √ applies outline variant styling when specified (5 ms)
    √ disables button when disabled prop is true (3 ms)
    √ applies size classes correctly (6 ms)
    √ applies full width when fullWidth prop is true (5 ms)
    √ applies custom className when provided (4 ms)

FAIL tests/components/auth/SignupForm.test.tsx (7.021 s)
  SignupForm
    × renders the signup form correctly (130 ms)
    × validates form inputs correctly (432 ms)
    × handles successful signup correctly (309 ms)
    × handles signup error correctly (244 ms)
    × handles OAuth signup correctly (15 ms)
    × navigates to sign in page (34 ms)
    × shows loading state during signup (237 ms)

  ● SignupForm › renders the signup form correctly

    TestingLibraryElementError: Found multiple elements with the text of: /password/i

    Here are the matching elements:

    Ignored nodes: comments, script, style
    [36m<input[39m
      [33mclass[39m=[32m"form-input"[39m
      [33mid[39m=[32m"password"[39m
      [33mplaceholder[39m=[32m"Create a password"[39m
      [33mrequired[39m=[32m""[39m
      [33mtype[39m=[32m"password"[39m
      [33mvalue[39m=[32m""[39m
    [36m/>[39m

    Ignored nodes: comments, script, style
    [36m<input[39m
      [33mclass[39m=[32m"form-input"[39m
      [33mid[39m=[32m"confirmPassword"[39m
      [33mplaceholder[39m=[32m"Confirm your password"[39m
      [33mrequired[39m=[32m""[39m
      [33mtype[39m=[32m"password"[39m
      [33mvalue[39m=[32m""[39m
    [36m/>[39m

    (If this is intentional, then use the `*AllBy*` variant of the query (like `queryAllByText`, `getAllByText`, or `findAllByText`)).

    Ignored nodes: comments, script, style
    [36m<body>[39m
      [36m<div>[39m
        [36m<div[39m
          [33mclass[39m=[32m"w-full max-w-md mx-auto"[39m
        [36m>[39m
          [36m<form[39m
            [33mclass[39m=[32m"bg-white p-8 shadow-md rounded-lg"[39m
          [36m>[39m
            [36m<h2[39m
              [33mclass[39m=[32m"text-2xl font-bold mb-6 text-gray-800"[39m
            [36m>[39m
              [0mCreate Account[0m
            [36m</h2>[39m
            [36m<div[39m
              [33mclass[39m=[32m"mb-4"[39m
            [36m>[39m
              [36m<label[39m
                [33mclass[39m=[32m"form-label"[39m
                [33mfor[39m=[32m"fullName"[39m
              [36m>[39m
                [0mFull Name[0m
              [36m</label>[39m
              [36m<input[39m
                [33mclass[39m=[32m"form-input"[39m
                [33mid[39m=[32m"fullName"[39m
                [33mplaceholder[39m=[32m"Your full name"[39m
                [33mrequired[39m=[32m""[39m
                [33mtype[39m=[32m"text"[39m
                [33mvalue[39m=[32m""[39m
              [36m/>[39m
            [36m</div>[39m
            [36m<div[39m
              [33mclass[39m=[32m"mb-4"[39m
            [36m>[39m
              [36m<label[39m
                [33mclass[39m=[32m"form-label"[39m
                [33mfor[39m=[32m"email"[39m
              [36m>[39m
                [0mEmail[0m
              [36m</label>[39m
              [36m<input[39m
                [33mclass[39m=[32m"form-input"[39m
                [33mid[39m=[32m"email"[39m
                [33mplaceholder[39m=[32m"Your email address"[39m
                [33mrequired[39m=[32m""[39m
                [33mtype[39m=[32m"email"[39m
                [33mvalue[39m=[32m""[39m
              [36m/>[39m
            [36m</div>[39m
            [36m<div[39m
              [33mclass[39m=[32m"mb-4"[39m
            [36m>[39m
              [36m<label[39m
                [33mclass[39m=[32m"form-label"[39m
                [33mfor[39m=[32m"password"[39m
              [36m>[39m
                [0mPassword[0m
              [36m</label>[39m
              [36m<input[39m
                [33mclass[39m=[32m"form-input"[39m
                [33mid[39m=[32m"password"[39m
                [33mplaceholder[39m=[32m"Create a password"[39m
                [33mrequired[39m=[32m""[39m
                [33mtype[39m=[32m"password"[39m
                [33mvalue[39m=[32m""[39m
              [36m/>[39m
              [36m<div[39m
                [33mclass[39m=[32m"mt-1 text-xs text-gray-500"[39m
              [36m>[39m
                [0mPassword must be at least 8 characters long[0m
              [36m</div>[39m
            [36m</div>[39m
            [36m<div[39m
              [33mclass[39m=[32m"mb-6"[39m
            [36m>[39m
              [36m<label[39m
                [33mclass[39m=[32m"form-label"[39m
                [33mfor[39m=[32m"confirmPassword"[39m
              [36m>[39m
                [0mConfirm Password[0m
              [36m</label>[39m
              [36m<input[39m
                [33mclass[39m=[32m"form-input"[39m
                [33mid[39m=[32m"confirmPassword"[39m
                [33mplaceholder[39m=[32m"Confirm your password"[39m
                [33mrequired[39m=[32m""[39m
                [33mtype[39m=[32m"password"[39m
                [33mvalue[39m=[32m""[39m
              [36m/>[39m
            [36m</div>[39m
            [36m<div[39m
              [33mclass[39m=[32m"mb-6"[39m
            [36m>[39m
              [36m<label[39m
                [33mclass[39m=[32m"flex items-center"[39m
              [36m>[39m
                [36m<input[39m
                  [33mclass[39m=[32m"mr-2"[39m
                  [33mrequired[39m=[32m""[39m
                  [33mtype[39m=[32m"checkbox"[39m
                [36m/>[39m
                [36m<span[39m
                  [33mclass[39m=[32m"text-sm text-gray-700"[39m
                [36m>[39m
                  [0mI agree to the[0m
                  [0m [0m
                  [36m<a[39m
                    [33mclass[39m=[32m"text-primary-600 hover:text-primary-500"[39m
                    [33mhref[39m=[32m"/terms"[39m
                  [36m>[39m
                    [0mTerms of Service[0m
                  [36m</a>[39m
                  [0m [0m
                  [0mand[0m
                  [0m [0m
                  [36m<a[39m
                    [33mclass[39m=[32m"text-primary-600 hover:text-primary-500"[39m
                    [33mhref[39m=[32m"/privacy"[39m
                  [36m>[39m
                    [0mPrivacy Policy[0m
                  [36m</a>[39m
                [36m</span>[39m
              [36m</label>[39m
            [36m</div>[39m
            [36m<button[39m
              [33mclass[39m=[32m"btn btn-primary w-full"[39m
              [33mtype[39m=[32m"submit"[39m
            [36m>[39m
              [0mCreate Account[0m
            [36m</button>[39m
            [36m<div[39m
              [33mclass[39m=[32m"mt-6 text-center text-sm"[39m
            [36m>[39m
              [36m<p>[39m
                [0mAlready have an account?[0m
                [0m [0m
                [36m<a[39m
                  [33mclass[39m=[32m"text-primary-600 hover:text-primary-500 font-medium"[39m
                  [33mhref[39m=[32m"/login"[39m
                [36m>[39m
                  [0mSign in[0m
                [36m</a>[39m
              [36m</p>[39m
            [36m</div>[39m
          [36m</form>[39m
        [36m</div>[39m
      [36m</div>[39m
    [36m</body>[39m

    [0m [90m 55 |[39m     expect(screen[33m.[39mgetByLabelText([35m/full name/i[39m))[33m.[39mtoBeInTheDocument()[33m;[39m
     [90m 56 |[39m     expect(screen[33m.[39mgetByLabelText([35m/email/i[39m))[33m.[39mtoBeInTheDocument()[33m;[39m
    [31m[1m>[22m[39m[90m 57 |[39m     expect(screen[33m.[39mgetByLabelText([35m/password/i[39m))[33m.[39mtoBeInTheDocument()[33m;[39m
     [90m    |[39m                   [31m[1m^[22m[39m
     [90m 58 |[39m     expect(screen[33m.[39mgetByLabelText([35m/confirm password/i[39m))[33m.[39mtoBeInTheDocument()[33m;[39m
     [90m 59 |[39m     expect(screen[33m.[39mgetByRole([32m'button'[39m[33m,[39m { name[33m:[39m [35m/sign up/i[39m }))[33m.[39mtoBeInTheDocument()[33m;[39m
     [90m 60 |[39m     [0m

      at Object.getElementError (node_modules/@testing-library/react/node_modules/@testing-library/dom/dist/config.js:37:19)
      at getElementError (node_modules/@testing-library/react/node_modules/@testing-library/dom/dist/query-helpers.js:20:35)
      at getMultipleElementsFoundError (node_modules/@testing-library/react/node_modules/@testing-library/dom/dist/query-helpers.js:23:10)
      at node_modules/@testing-library/react/node_modules/@testing-library/dom/dist/query-helpers.js:55:13
      at node_modules/@testing-library/react/node_modules/@testing-library/dom/dist/query-helpers.js:95:19
      at Object.getByLabelText (tests/components/auth/SignupForm.test.tsx:57:19)

  ● SignupForm › validates form inputs correctly

    TestingLibraryElementError: Unable to find an accessible element with the role "button" and name `/sign up/i`

    Here are the accessible roles:

      heading:

      Name "Create Account":
      [36m<h2[39m
        [33mclass[39m=[32m"text-2xl font-bold mb-6 text-gray-800"[39m
      [36m/>[39m

      --------------------------------------------------
      textbox:

      Name "Full Name":
      [36m<input[39m
        [33mclass[39m=[32m"form-input"[39m
        [33mid[39m=[32m"fullName"[39m
        [33mplaceholder[39m=[32m"Your full name"[39m
        [33mrequired[39m=[32m""[39m
        [33mtype[39m=[32m"text"[39m
        [33mvalue[39m=[32m""[39m
      [36m/>[39m

      Name "Email":
      [36m<input[39m
        [33mclass[39m=[32m"form-input"[39m
        [33mid[39m=[32m"email"[39m
        [33mplaceholder[39m=[32m"Your email address"[39m
        [33mrequired[39m=[32m""[39m
        [33mtype[39m=[32m"email"[39m
        [33mvalue[39m=[32m""[39m
      [36m/>[39m

      --------------------------------------------------
      checkbox:

      Name "I agree to the Terms of Service and Privacy Policy":
      [36m<input[39m
        [33mclass[39m=[32m"mr-2"[39m
        [33mrequired[39m=[32m""[39m
        [33mtype[39m=[32m"checkbox"[39m
      [36m/>[39m

      --------------------------------------------------
      link:

      Name "Terms of Service":
      [36m<a[39m
        [33mclass[39m=[32m"text-primary-600 hover:text-primary-500"[39m
        [33mhref[39m=[32m"/terms"[39m
      [36m/>[39m

      Name "Privacy Policy":
      [36m<a[39m
        [33mclass[39m=[32m"text-primary-600 hover:text-primary-500"[39m
        [33mhref[39m=[32m"/privacy"[39m
      [36m/>[39m

      Name "Sign in":
      [36m<a[39m
        [33mclass[39m=[32m"text-primary-600 hover:text-primary-500 font-medium"[39m
        [33mhref[39m=[32m"/login"[39m
      [36m/>[39m

      --------------------------------------------------
      button:

      Name "Create Account":
      [36m<button[39m
        [33mclass[39m=[32m"btn btn-primary w-full"[39m
        [33mtype[39m=[32m"submit"[39m
      [36m/>[39m

      --------------------------------------------------

    Ignored nodes: comments, script, style
    [36m<body>[39m
      [36m<div>[39m
        [36m<div[39m
          [33mclass[39m=[32m"w-full max-w-md mx-auto"[39m
        [36m>[39m
          [36m<form[39m
            [33mclass[39m=[32m"bg-white p-8 shadow-md rounded-lg"[39m
          [36m>[39m
            [36m<h2[39m
              [33mclass[39m=[32m"text-2xl font-bold mb-6 text-gray-800"[39m
            [36m>[39m
              [0mCreate Account[0m
            [36m</h2>[39m
            [36m<div[39m
              [33mclass[39m=[32m"mb-4"[39m
            [36m>[39m
              [36m<label[39m
                [33mclass[39m=[32m"form-label"[39m
                [33mfor[39m=[32m"fullName"[39m
              [36m>[39m
                [0mFull Name[0m
              [36m</label>[39m
              [36m<input[39m
                [33mclass[39m=[32m"form-input"[39m
                [33mid[39m=[32m"fullName"[39m
                [33mplaceholder[39m=[32m"Your full name"[39m
                [33mrequired[39m=[32m""[39m
                [33mtype[39m=[32m"text"[39m
                [33mvalue[39m=[32m""[39m
              [36m/>[39m
            [36m</div>[39m
            [36m<div[39m
              [33mclass[39m=[32m"mb-4"[39m
            [36m>[39m
              [36m<label[39m
                [33mclass[39m=[32m"form-label"[39m
                [33mfor[39m=[32m"email"[39m
              [36m>[39m
                [0mEmail[0m
              [36m</label>[39m
              [36m<input[39m
                [33mclass[39m=[32m"form-input"[39m
                [33mid[39m=[32m"email"[39m
                [33mplaceholder[39m=[32m"Your email address"[39m
                [33mrequired[39m=[32m""[39m
                [33mtype[39m=[32m"email"[39m
                [33mvalue[39m=[32m""[39m
              [36m/>[39m
            [36m</div>[39m
            [36m<div[39m
              [33mclass[39m=[32m"mb-4"[39m
            [36m>[39m
              [36m<label[39m
                [33mclass[39m=[32m"form-label"[39m
                [33mfor[39m=[32m"password"[39m
              [36m>[39m
                [0mPassword[0m
              [36m</label>[39m
              [36m<input[39m
                [33mclass[39m=[32m"form-input"[39m
                [33mid[39m=[32m"password"[39m
                [33mplaceholder[39m=[32m"Create a password"[39m
                [33mrequired[39m=[32m""[39m
                [33mtype[39m=[32m"password"[39m
                [33mvalue[39m=[32m""[39m
              [36m/>[39m
              [36m<div[39m
                [33mclass[39m=[32m"mt-1 text-xs text-gray-500"[39m
              [36m>[39m
                [0mPassword must be at least 8 characters long[0m
              [36m</div>[39m
            [36m</div>[39m
            [36m<div[39m
              [33mclass[39m=[32m"mb-6"[39m
            [36m>[39m
              [36m<label[39m
                [33mclass[39m=[32m"form-label"[39m
                [33mfor[39m=[32m"confirmPassword"[39m
              [36m>[39m
                [0mConfirm Password[0m
              [36m</label>[39m
              [36m<input[39m
                [33mclass[39m=[32m"form-input"[39m
                [33mid[39m=[32m"confirmPassword"[39m
                [33mplaceholder[39m=[32m"Confirm your password"[39m
                [33mrequired[39m=[32m""[39m
                [33mtype[39m=[32m"password"[39m
                [33mvalue[39m=[32m""[39m
              [36m/>[39m
            [36m</div>[39m
            [36m<div[39m
              [33mclass[39m=[32m"mb-6"[39m
            [36m>[39m
              [36m<label[39m
                [33mclass[39m=[32m"flex items-center"[39m
              [36m>[39m
                [36m<input[39m
                  [33mclass[39m=[32m"mr-2"[39m
                  [33mrequired[39m=[32m""[39m
                  [33mtype[39m=[32m"checkbox"[39m
                [36m/>[39m
                [36m<span[39m
                  [33mclass[39m=[32m"text-sm text-gray-700"[39m
                [36m>[39m
                  [0mI agree to the[0m
                  [0m [0m
                  [36m<a[39m
                    [33mclass[39m=[32m"text-primary-600 hover:text-primary-500"[39m
                    [33mhref[39m=[32m"/terms"[39m
                  [36m>[39m
                    [0mTerms of Service[0m
                  [36m</a>[39m
                  [0m [0m
                  [0mand[0m
                  [0m [0m
                  [36m<a[39m
                    [33mclass[39m=[32m"text-primary-600 hover:text-primary-500"[39m
                    [33mhref[39m=[32m"/privacy"[39m
                  [36m>[39m
                    [0mPrivacy Policy[0m
                  [36m</a>[39m
                [36m</span>[39m
              [36m</label>[39m
            [36m</div>[39m
            [36m<button[39m
              [33mclass[39m=[32m"btn btn-primary w-full"[39m
              [33mtype[39m=[32m"submit"[39m
            [36m>[39m
              [0mCreate Account[0m
            [36m</button>[39m
            [36m<div[39m
              [33mclass[39m=[32m"mt-6 text-center text-sm"[39m
            [36m>[39m
              [36m<p>[39m
                [0mAlready have an account?[0m
                [0m [0m
                [36m<a[39m
                  [33mclass[39m=[32m"text-primary-600 hover:text-primary-500 font-medium"[39m
                  [33mhref[39m=[32m"/login"[39m
                [36m>[39m
                  [0mSign in[0m
                [36m</a>[39m
              [36m</p>[39m
            [36m</div>[39m
          [36m</form>[39m
        [36m</div>[39m
      [36m</div>[39m
    [36m</body>[39m

    [0m [90m 70 |[39m     render([33m<[39m[33mSignupForm[39m [33m/[39m[33m>[39m)[33m;[39m
     [90m 71 |[39m     
    [31m[1m>[22m[39m[90m 72 |[39m     [36mconst[39m signUpButton [33m=[39m screen[33m.[39mgetByRole([32m'button'[39m[33m,[39m { name[33m:[39m [35m/sign up/i[39m })[33m;[39m
     [90m    |[39m                                 [31m[1m^[22m[39m
     [90m 73 |[39m     
     [90m 74 |[39m     [90m// Try to submit with empty fields[39m
     [90m 75 |[39m     fireEvent[33m.[39mclick(signUpButton)[33m;[39m[0m

      at Object.getElementError (node_modules/@testing-library/react/node_modules/@testing-library/dom/dist/config.js:37:19)
      at node_modules/@testing-library/react/node_modules/@testing-library/dom/dist/query-helpers.js:76:38
      at node_modules/@testing-library/react/node_modules/@testing-library/dom/dist/query-helpers.js:52:17
      at node_modules/@testing-library/react/node_modules/@testing-library/dom/dist/query-helpers.js:95:19
      at Object.getByRole (tests/components/auth/SignupForm.test.tsx:72:33)

  ● SignupForm › handles successful signup correctly

    TestingLibraryElementError: Unable to find an accessible element with the role "button" and name `/sign up/i`

    Here are the accessible roles:

      heading:

      Name "Create Account":
      [36m<h2[39m
        [33mclass[39m=[32m"text-2xl font-bold mb-6 text-gray-800"[39m
      [36m/>[39m

      --------------------------------------------------
      textbox:

      Name "Full Name":
      [36m<input[39m
        [33mclass[39m=[32m"form-input"[39m
        [33mid[39m=[32m"fullName"[39m
        [33mplaceholder[39m=[32m"Your full name"[39m
        [33mrequired[39m=[32m""[39m
        [33mtype[39m=[32m"text"[39m
        [33mvalue[39m=[32m"John Doe"[39m
      [36m/>[39m

      Name "Email":
      [36m<input[39m
        [33mclass[39m=[32m"form-input"[39m
        [33mid[39m=[32m"email"[39m
        [33mplaceholder[39m=[32m"Your email address"[39m
        [33mrequired[39m=[32m""[39m
        [33mtype[39m=[32m"email"[39m
        [33mvalue[39m=[32m"new@example.com"[39m
      [36m/>[39m

      --------------------------------------------------
      checkbox:

      Name "I agree to the Terms of Service and Privacy Policy":
      [36m<input[39m
        [33mclass[39m=[32m"mr-2"[39m
        [33mrequired[39m=[32m""[39m
        [33mtype[39m=[32m"checkbox"[39m
      [36m/>[39m

      --------------------------------------------------
      link:

      Name "Terms of Service":
      [36m<a[39m
        [33mclass[39m=[32m"text-primary-600 hover:text-primary-500"[39m
        [33mhref[39m=[32m"/terms"[39m
      [36m/>[39m

      Name "Privacy Policy":
      [36m<a[39m
        [33mclass[39m=[32m"text-primary-600 hover:text-primary-500"[39m
        [33mhref[39m=[32m"/privacy"[39m
      [36m/>[39m

      Name "Sign in":
      [36m<a[39m
        [33mclass[39m=[32m"text-primary-600 hover:text-primary-500 font-medium"[39m
        [33mhref[39m=[32m"/login"[39m
      [36m/>[39m

      --------------------------------------------------
      button:

      Name "Create Account":
      [36m<button[39m
        [33mclass[39m=[32m"btn btn-primary w-full"[39m
        [33mtype[39m=[32m"submit"[39m
      [36m/>[39m

      --------------------------------------------------

    Ignored nodes: comments, script, style
    [36m<body>[39m
      [36m<div>[39m
        [36m<div[39m
          [33mclass[39m=[32m"w-full max-w-md mx-auto"[39m
        [36m>[39m
          [36m<form[39m
            [33mclass[39m=[32m"bg-white p-8 shadow-md rounded-lg"[39m
          [36m>[39m
            [36m<h2[39m
              [33mclass[39m=[32m"text-2xl font-bold mb-6 text-gray-800"[39m
            [36m>[39m
              [0mCreate Account[0m
            [36m</h2>[39m
            [36m<div[39m
              [33mclass[39m=[32m"mb-4"[39m
            [36m>[39m
              [36m<label[39m
                [33mclass[39m=[32m"form-label"[39m
                [33mfor[39m=[32m"fullName"[39m
              [36m>[39m
                [0mFull Name[0m
              [36m</label>[39m
              [36m<input[39m
                [33mclass[39m=[32m"form-input"[39m
                [33mid[39m=[32m"fullName"[39m
                [33mplaceholder[39m=[32m"Your full name"[39m
                [33mrequired[39m=[32m""[39m
                [33mtype[39m=[32m"text"[39m
                [33mvalue[39m=[32m"John Doe"[39m
              [36m/>[39m
            [36m</div>[39m
            [36m<div[39m
              [33mclass[39m=[32m"mb-4"[39m
            [36m>[39m
              [36m<label[39m
                [33mclass[39m=[32m"form-label"[39m
                [33mfor[39m=[32m"email"[39m
              [36m>[39m
                [0mEmail[0m
              [36m</label>[39m
              [36m<input[39m
                [33mclass[39m=[32m"form-input"[39m
                [33mid[39m=[32m"email"[39m
                [33mplaceholder[39m=[32m"Your email address"[39m
                [33mrequired[39m=[32m""[39m
                [33mtype[39m=[32m"email"[39m
                [33mvalue[39m=[32m"new@example.com"[39m
              [36m/>[39m
            [36m</div>[39m
            [36m<div[39m
              [33mclass[39m=[32m"mb-4"[39m
            [36m>[39m
              [36m<label[39m
                [33mclass[39m=[32m"form-label"[39m
                [33mfor[39m=[32m"password"[39m
              [36m>[39m
                [0mPassword[0m
              [36m</label>[39m
              [36m<input[39m
                [33mclass[39m=[32m"form-input"[39m
                [33mid[39m=[32m"password"[39m
                [33mplaceholder[39m=[32m"Create a password"[39m
                [33mrequired[39m=[32m""[39m
                [33mtype[39m=[32m"password"[39m
                [33mvalue[39m=[32m"password123"[39m
              [36m/>[39m
              [36m<div[39m
                [33mclass[39m=[32m"mt-1 text-xs text-gray-500"[39m
              [36m>[39m
                [0mPassword must be at least 8 characters long[0m
              [36m</div>[39m
            [36m</div>[39m
            [36m<div[39m
              [33mclass[39m=[32m"mb-6"[39m
            [36m>[39m
              [36m<label[39m
                [33mclass[39m=[32m"form-label"[39m
                [33mfor[39m=[32m"confirmPassword"[39m
              [36m>[39m
                [0mConfirm Password[0m
              [36m</label>[39m
              [36m<input[39m
                [33mclass[39m=[32m"form-input"[39m
                [33mid[39m=[32m"confirmPassword"[39m
                [33mplaceholder[39m=[32m"Confirm your password"[39m
                [33mrequired[39m=[32m""[39m
                [33mtype[39m=[32m"password"[39m
                [33mvalue[39m=[32m"password123"[39m
              [36m/>[39m
            [36m</div>[39m
            [36m<div[39m
              [33mclass[39m=[32m"mb-6"[39m
            [36m>[39m
              [36m<label[39m
                [33mclass[39m=[32m"flex items-center"[39m
              [36m>[39m
                [36m<input[39m
                  [33mclass[39m=[32m"mr-2"[39m
                  [33mrequired[39m=[32m""[39m
                  [33mtype[39m=[32m"checkbox"[39m
                [36m/>[39m
                [36m<span[39m
                  [33mclass[39m=[32m"text-sm text-gray-700"[39m
                [36m>[39m
                  [0mI agree to the[0m
                  [0m [0m
                  [36m<a[39m
                    [33mclass[39m=[32m"text-primary-600 hover:text-primary-500"[39m
                    [33mhref[39m=[32m"/terms"[39m
                  [36m>[39m
                    [0mTerms of Service[0m
                  [36m</a>[39m
                  [0m [0m
                  [0mand[0m
                  [0m [0m
                  [36m<a[39m
                    [33mclass[39m=[32m"text-primary-600 hover:text-primary-500"[39m
                    [33mhref[39m=[32m"/privacy"[39m
                  [36m>[39m
                    [0mPrivacy Policy[0m
                  [36m</a>[39m
                [36m</span>[39m
              [36m</label>[39m
            [36m</div>[39m
            [36m<button[39m
              [33mclass[39m=[32m"btn btn-primary w-full"[39m
              [33mtype[39m=[32m"submit"[39m
            [36m>[39m
              [0mCreate Account[0m
            [36m</button>[39m
            [36m<div[39m
              [33mclass[39m=[32m"mt-6 text-center text-sm"[39m
            [36m>[39m
              [36m<p>[39m
                [0mAlready have an account?[0m
                [0m [0m
                [36m<a[39m
                  [33mclass[39m=[32m"text-primary-600 hover:text-primary-500 font-medium"[39m
                  [33mhref[39m=[32m"/login"[39m
                [36m>[39m
                  [0mSign in[0m
                [36m</a>[39m
              [36m</p>[39m
            [36m</div>[39m
          [36m</form>[39m
        [36m</div>[39m
      [36m</div>[39m
    [36m</body>[39m

    [0m [90m 125 |[39m     
     [90m 126 |[39m     [90m// Submit form[39m
    [31m[1m>[22m[39m[90m 127 |[39m     [36mconst[39m signUpButton [33m=[39m screen[33m.[39mgetByRole([32m'button'[39m[33m,[39m { name[33m:[39m [35m/sign up/i[39m })[33m;[39m
     [90m     |[39m                                 [31m[1m^[22m[39m
     [90m 128 |[39m     fireEvent[33m.[39mclick(signUpButton)[33m;[39m
     [90m 129 |[39m     
     [90m 130 |[39m     [90m// Verify signUp was called with correct data[39m[0m

      at Object.getElementError (node_modules/@testing-library/react/node_modules/@testing-library/dom/dist/config.js:37:19)
      at node_modules/@testing-library/react/node_modules/@testing-library/dom/dist/query-helpers.js:76:38
      at node_modules/@testing-library/react/node_modules/@testing-library/dom/dist/query-helpers.js:52:17
      at node_modules/@testing-library/react/node_modules/@testing-library/dom/dist/query-helpers.js:95:19
      at Object.getByRole (tests/components/auth/SignupForm.test.tsx:127:33)

  ● SignupForm › handles signup error correctly

    TestingLibraryElementError: Unable to find an accessible element with the role "button" and name `/sign up/i`

    Here are the accessible roles:

      heading:

      Name "Create Account":
      [36m<h2[39m
        [33mclass[39m=[32m"text-2xl font-bold mb-6 text-gray-800"[39m
      [36m/>[39m

      --------------------------------------------------
      textbox:

      Name "Full Name":
      [36m<input[39m
        [33mclass[39m=[32m"form-input"[39m
        [33mid[39m=[32m"fullName"[39m
        [33mplaceholder[39m=[32m"Your full name"[39m
        [33mrequired[39m=[32m""[39m
        [33mtype[39m=[32m"text"[39m
        [33mvalue[39m=[32m"John Doe"[39m
      [36m/>[39m

      Name "Email":
      [36m<input[39m
        [33mclass[39m=[32m"form-input"[39m
        [33mid[39m=[32m"email"[39m
        [33mplaceholder[39m=[32m"Your email address"[39m
        [33mrequired[39m=[32m""[39m
        [33mtype[39m=[32m"email"[39m
        [33mvalue[39m=[32m"exists@example.com"[39m
      [36m/>[39m

      --------------------------------------------------
      checkbox:

      Name "I agree to the Terms of Service and Privacy Policy":
      [36m<input[39m
        [33mclass[39m=[32m"mr-2"[39m
        [33mrequired[39m=[32m""[39m
        [33mtype[39m=[32m"checkbox"[39m
      [36m/>[39m

      --------------------------------------------------
      link:

      Name "Terms of Service":
      [36m<a[39m
        [33mclass[39m=[32m"text-primary-600 hover:text-primary-500"[39m
        [33mhref[39m=[32m"/terms"[39m
      [36m/>[39m

      Name "Privacy Policy":
      [36m<a[39m
        [33mclass[39m=[32m"text-primary-600 hover:text-primary-500"[39m
        [33mhref[39m=[32m"/privacy"[39m
      [36m/>[39m

      Name "Sign in":
      [36m<a[39m
        [33mclass[39m=[32m"text-primary-600 hover:text-primary-500 font-medium"[39m
        [33mhref[39m=[32m"/login"[39m
      [36m/>[39m

      --------------------------------------------------
      button:

      Name "Create Account":
      [36m<button[39m
        [33mclass[39m=[32m"btn btn-primary w-full"[39m
        [33mtype[39m=[32m"submit"[39m
      [36m/>[39m

      --------------------------------------------------

    Ignored nodes: comments, script, style
    [36m<body>[39m
      [36m<div>[39m
        [36m<div[39m
          [33mclass[39m=[32m"w-full max-w-md mx-auto"[39m
        [36m>[39m
          [36m<form[39m
            [33mclass[39m=[32m"bg-white p-8 shadow-md rounded-lg"[39m
          [36m>[39m
            [36m<h2[39m
              [33mclass[39m=[32m"text-2xl font-bold mb-6 text-gray-800"[39m
            [36m>[39m
              [0mCreate Account[0m
            [36m</h2>[39m
            [36m<div[39m
              [33mclass[39m=[32m"mb-4"[39m
            [36m>[39m
              [36m<label[39m
                [33mclass[39m=[32m"form-label"[39m
                [33mfor[39m=[32m"fullName"[39m
              [36m>[39m
                [0mFull Name[0m
              [36m</label>[39m
              [36m<input[39m
                [33mclass[39m=[32m"form-input"[39m
                [33mid[39m=[32m"fullName"[39m
                [33mplaceholder[39m=[32m"Your full name"[39m
                [33mrequired[39m=[32m""[39m
                [33mtype[39m=[32m"text"[39m
                [33mvalue[39m=[32m"John Doe"[39m
              [36m/>[39m
            [36m</div>[39m
            [36m<div[39m
              [33mclass[39m=[32m"mb-4"[39m
            [36m>[39m
              [36m<label[39m
                [33mclass[39m=[32m"form-label"[39m
                [33mfor[39m=[32m"email"[39m
              [36m>[39m
                [0mEmail[0m
              [36m</label>[39m
              [36m<input[39m
                [33mclass[39m=[32m"form-input"[39m
                [33mid[39m=[32m"email"[39m
                [33mplaceholder[39m=[32m"Your email address"[39m
                [33mrequired[39m=[32m""[39m
                [33mtype[39m=[32m"email"[39m
                [33mvalue[39m=[32m"exists@example.com"[39m
              [36m/>[39m
            [36m</div>[39m
            [36m<div[39m
              [33mclass[39m=[32m"mb-4"[39m
            [36m>[39m
              [36m<label[39m
                [33mclass[39m=[32m"form-label"[39m
                [33mfor[39m=[32m"password"[39m
              [36m>[39m
                [0mPassword[0m
              [36m</label>[39m
              [36m<input[39m
                [33mclass[39m=[32m"form-input"[39m
                [33mid[39m=[32m"password"[39m
                [33mplaceholder[39m=[32m"Create a password"[39m
                [33mrequired[39m=[32m""[39m
                [33mtype[39m=[32m"password"[39m
                [33mvalue[39m=[32m"password123"[39m
              [36m/>[39m
              [36m<div[39m
                [33mclass[39m=[32m"mt-1 text-xs text-gray-500"[39m
              [36m>[39m
                [0mPassword must be at least 8 characters long[0m
              [36m</div>[39m
            [36m</div>[39m
            [36m<div[39m
              [33mclass[39m=[32m"mb-6"[39m
            [36m>[39m
              [36m<label[39m
                [33mclass[39m=[32m"form-label"[39m
                [33mfor[39m=[32m"confirmPassword"[39m
              [36m>[39m
                [0mConfirm Password[0m
              [36m</label>[39m
              [36m<input[39m
                [33mclass[39m=[32m"form-input"[39m
                [33mid[39m=[32m"confirmPassword"[39m
                [33mplaceholder[39m=[32m"Confirm your password"[39m
                [33mrequired[39m=[32m""[39m
                [33mtype[39m=[32m"password"[39m
                [33mvalue[39m=[32m"password123"[39m
              [36m/>[39m
            [36m</div>[39m
            [36m<div[39m
              [33mclass[39m=[32m"mb-6"[39m
            [36m>[39m
              [36m<label[39m
                [33mclass[39m=[32m"flex items-center"[39m
              [36m>[39m
                [36m<input[39m
                  [33mclass[39m=[32m"mr-2"[39m
                  [33mrequired[39m=[32m""[39m
                  [33mtype[39m=[32m"checkbox"[39m
                [36m/>[39m
                [36m<span[39m
                  [33mclass[39m=[32m"text-sm text-gray-700"[39m
                [36m>[39m
                  [0mI agree to the[0m
                  [0m [0m
                  [36m<a[39m
                    [33mclass[39m=[32m"text-primary-600 hover:text-primary-500"[39m
                    [33mhref[39m=[32m"/terms"[39m
                  [36m>[39m
                    [0mTerms of Service[0m
                  [36m</a>[39m
                  [0m [0m
                  [0mand[0m
                  [0m [0m
                  [36m<a[39m
                    [33mclass[39m=[32m"text-primary-600 hover:text-primary-500"[39m
                    [33mhref[39m=[32m"/privacy"[39m
                  [36m>[39m
                    [0mPrivacy Policy[0m
                  [36m</a>[39m
                [36m</span>[39m
              [36m</label>[39m
            [36m</div>[39m
            [36m<button[39m
              [33mclass[39m=[32m"btn btn-primary w-full"[39m
              [33mtype[39m=[32m"submit"[39m
            [36m>[39m
              [0mCreate Account[0m
            [36m</button>[39m
            [36m<div[39m
              [33mclass[39m=[32m"mt-6 text-center text-sm"[39m
            [36m>[39m
              [36m<p>[39m
                [0mAlready have an account?[0m
                [0m [0m
                [36m<a[39m
                  [33mclass[39m=[32m"text-primary-600 hover:text-primary-500 font-medium"[39m
                  [33mhref[39m=[32m"/login"[39m
                [36m>[39m
                  [0mSign in[0m
                [36m</a>[39m
              [36m</p>[39m
            [36m</div>[39m
          [36m</form>[39m
        [36m</div>[39m
      [36m</div>[39m
    [36m</body>[39m

    [0m [90m 162 |[39m     
     [90m 163 |[39m     [90m// Submit form[39m
    [31m[1m>[22m[39m[90m 164 |[39m     [36mconst[39m signUpButton [33m=[39m screen[33m.[39mgetByRole([32m'button'[39m[33m,[39m { name[33m:[39m [35m/sign up/i[39m })[33m;[39m
     [90m     |[39m                                 [31m[1m^[22m[39m
     [90m 165 |[39m     fireEvent[33m.[39mclick(signUpButton)[33m;[39m
     [90m 166 |[39m     
     [90m 167 |[39m     [90m// Check for error message[39m[0m

      at Object.getElementError (node_modules/@testing-library/react/node_modules/@testing-library/dom/dist/config.js:37:19)
      at node_modules/@testing-library/react/node_modules/@testing-library/dom/dist/query-helpers.js:76:38
      at node_modules/@testing-library/react/node_modules/@testing-library/dom/dist/query-helpers.js:52:17
      at node_modules/@testing-library/react/node_modules/@testing-library/dom/dist/query-helpers.js:95:19
      at Object.getByRole (tests/components/auth/SignupForm.test.tsx:164:33)

  ● SignupForm › handles OAuth signup correctly

    TestingLibraryElementError: Unable to find an element with the text: /sign up with google/i. This could be because the text is broken up by multiple elements. In this case, you can provide a function for your text matcher to make your matcher more flexible.

    Ignored nodes: comments, script, style
    [36m<body>[39m
      [36m<div>[39m
        [36m<div[39m
          [33mclass[39m=[32m"w-full max-w-md mx-auto"[39m
        [36m>[39m
          [36m<form[39m
            [33mclass[39m=[32m"bg-white p-8 shadow-md rounded-lg"[39m
          [36m>[39m
            [36m<h2[39m
              [33mclass[39m=[32m"text-2xl font-bold mb-6 text-gray-800"[39m
            [36m>[39m
              [0mCreate Account[0m
            [36m</h2>[39m
            [36m<div[39m
              [33mclass[39m=[32m"mb-4"[39m
            [36m>[39m
              [36m<label[39m
                [33mclass[39m=[32m"form-label"[39m
                [33mfor[39m=[32m"fullName"[39m
              [36m>[39m
                [0mFull Name[0m
              [36m</label>[39m
              [36m<input[39m
                [33mclass[39m=[32m"form-input"[39m
                [33mid[39m=[32m"fullName"[39m
                [33mplaceholder[39m=[32m"Your full name"[39m
                [33mrequired[39m=[32m""[39m
                [33mtype[39m=[32m"text"[39m
                [33mvalue[39m=[32m""[39m
              [36m/>[39m
            [36m</div>[39m
            [36m<div[39m
              [33mclass[39m=[32m"mb-4"[39m
            [36m>[39m
              [36m<label[39m
                [33mclass[39m=[32m"form-label"[39m
                [33mfor[39m=[32m"email"[39m
              [36m>[39m
                [0mEmail[0m
              [36m</label>[39m
              [36m<input[39m
                [33mclass[39m=[32m"form-input"[39m
                [33mid[39m=[32m"email"[39m
                [33mplaceholder[39m=[32m"Your email address"[39m
                [33mrequired[39m=[32m""[39m
                [33mtype[39m=[32m"email"[39m
                [33mvalue[39m=[32m""[39m
              [36m/>[39m
            [36m</div>[39m
            [36m<div[39m
              [33mclass[39m=[32m"mb-4"[39m
            [36m>[39m
              [36m<label[39m
                [33mclass[39m=[32m"form-label"[39m
                [33mfor[39m=[32m"password"[39m
              [36m>[39m
                [0mPassword[0m
              [36m</label>[39m
              [36m<input[39m
                [33mclass[39m=[32m"form-input"[39m
                [33mid[39m=[32m"password"[39m
                [33mplaceholder[39m=[32m"Create a password"[39m
                [33mrequired[39m=[32m""[39m
                [33mtype[39m=[32m"password"[39m
                [33mvalue[39m=[32m""[39m
              [36m/>[39m
              [36m<div[39m
                [33mclass[39m=[32m"mt-1 text-xs text-gray-500"[39m
              [36m>[39m
                [0mPassword must be at least 8 characters long[0m
              [36m</div>[39m
            [36m</div>[39m
            [36m<div[39m
              [33mclass[39m=[32m"mb-6"[39m
            [36m>[39m
              [36m<label[39m
                [33mclass[39m=[32m"form-label"[39m
                [33mfor[39m=[32m"confirmPassword"[39m
              [36m>[39m
                [0mConfirm Password[0m
              [36m</label>[39m
              [36m<input[39m
                [33mclass[39m=[32m"form-input"[39m
                [33mid[39m=[32m"confirmPassword"[39m
                [33mplaceholder[39m=[32m"Confirm your password"[39m
                [33mrequired[39m=[32m""[39m
                [33mtype[39m=[32m"password"[39m
                [33mvalue[39m=[32m""[39m
              [36m/>[39m
            [36m</div>[39m
            [36m<div[39m
              [33mclass[39m=[32m"mb-6"[39m
            [36m>[39m
              [36m<label[39m
                [33mclass[39m=[32m"flex items-center"[39m
              [36m>[39m
                [36m<input[39m
                  [33mclass[39m=[32m"mr-2"[39m
                  [33mrequired[39m=[32m""[39m
                  [33mtype[39m=[32m"checkbox"[39m
                [36m/>[39m
                [36m<span[39m
                  [33mclass[39m=[32m"text-sm text-gray-700"[39m
                [36m>[39m
                  [0mI agree to the[0m
                  [0m [0m
                  [36m<a[39m
                    [33mclass[39m=[32m"text-primary-600 hover:text-primary-500"[39m
                    [33mhref[39m=[32m"/terms"[39m
                  [36m>[39m
                    [0mTerms of Service[0m
                  [36m</a>[39m
                  [0m [0m
                  [0mand[0m
                  [0m [0m
                  [36m<a[39m
                    [33mclass[39m=[32m"text-primary-600 hover:text-primary-500"[39m
                    [33mhref[39m=[32m"/privacy"[39m
                  [36m>[39m
                    [0mPrivacy Policy[0m
                  [36m</a>[39m
                [36m</span>[39m
              [36m</label>[39m
            [36m</div>[39m
            [36m<button[39m
              [33mclass[39m=[32m"btn btn-primary w-full"[39m
              [33mtype[39m=[32m"submit"[39m
            [36m>[39m
              [0mCreate Account[0m
            [36m</button>[39m
            [36m<div[39m
              [33mclass[39m=[32m"mt-6 text-center text-sm"[39m
            [36m>[39m
              [36m<p>[39m
                [0mAlready have an account?[0m
                [0m [0m
                [36m<a[39m
                  [33mclass[39m=[32m"text-primary-600 hover:text-primary-500 font-medium"[39m
                  [33mhref[39m=[32m"/login"[39m
                [36m>[39m
                  [0mSign in[0m
                [36m</a>[39m
              [36m</p>[39m
            [36m</div>[39m
          [36m</form>[39m
        [36m</div>[39m
      [36m</div>[39m
    [36m</body>[39m

    [0m [90m 177 |[39m     
     [90m 178 |[39m     [90m// Click on Google sign up[39m
    [31m[1m>[22m[39m[90m 179 |[39m     [36mconst[39m googleButton [33m=[39m screen[33m.[39mgetByText([35m/sign up with google/i[39m)[33m;[39m
     [90m     |[39m                                 [31m[1m^[22m[39m
     [90m 180 |[39m     fireEvent[33m.[39mclick(googleButton)[33m;[39m
     [90m 181 |[39m     
     [90m 182 |[39m     [90m// Verify OAuth sign in was called with Google provider[39m[0m

      at Object.getElementError (node_modules/@testing-library/react/node_modules/@testing-library/dom/dist/config.js:37:19)
      at node_modules/@testing-library/react/node_modules/@testing-library/dom/dist/query-helpers.js:76:38
      at node_modules/@testing-library/react/node_modules/@testing-library/dom/dist/query-helpers.js:52:17
      at node_modules/@testing-library/react/node_modules/@testing-library/dom/dist/query-helpers.js:95:19
      at Object.getByText (tests/components/auth/SignupForm.test.tsx:179:33)

  ● SignupForm › navigates to sign in page

    expect(jest.fn()).toHaveBeenCalledWith(...expected)

    Expected: "/login"

    Number of calls: 0

    [0m [90m 203 |[39m     
     [90m 204 |[39m     [90m// Check navigation to sign in page[39m
    [31m[1m>[22m[39m[90m 205 |[39m     expect(mockPush)[33m.[39mtoHaveBeenCalledWith([32m'/login'[39m)[33m;[39m
     [90m     |[39m                      [31m[1m^[22m[39m
     [90m 206 |[39m   })[33m;[39m
     [90m 207 |[39m   
     [90m 208 |[39m   it([32m'shows loading state during signup'[39m[33m,[39m [36masync[39m () [33m=>[39m {[0m

      at Object.toHaveBeenCalledWith (tests/components/auth/SignupForm.test.tsx:205:22)

  ● SignupForm › shows loading state during signup

    TestingLibraryElementError: Unable to find an accessible element with the role "button" and name `/sign up/i`

    Here are the accessible roles:

      heading:

      Name "Create Account":
      [36m<h2[39m
        [33mclass[39m=[32m"text-2xl font-bold mb-6 text-gray-800"[39m
      [36m/>[39m

      --------------------------------------------------
      textbox:

      Name "Full Name":
      [36m<input[39m
        [33mclass[39m=[32m"form-input"[39m
        [33mid[39m=[32m"fullName"[39m
        [33mplaceholder[39m=[32m"Your full name"[39m
        [33mrequired[39m=[32m""[39m
        [33mtype[39m=[32m"text"[39m
        [33mvalue[39m=[32m"John Doe"[39m
      [36m/>[39m

      Name "Email":
      [36m<input[39m
        [33mclass[39m=[32m"form-input"[39m
        [33mid[39m=[32m"email"[39m
        [33mplaceholder[39m=[32m"Your email address"[39m
        [33mrequired[39m=[32m""[39m
        [33mtype[39m=[32m"email"[39m
        [33mvalue[39m=[32m"new@example.com"[39m
      [36m/>[39m

      --------------------------------------------------
      checkbox:

      Name "I agree to the Terms of Service and Privacy Policy":
      [36m<input[39m
        [33mclass[39m=[32m"mr-2"[39m
        [33mrequired[39m=[32m""[39m
        [33mtype[39m=[32m"checkbox"[39m
      [36m/>[39m

      --------------------------------------------------
      link:

      Name "Terms of Service":
      [36m<a[39m
        [33mclass[39m=[32m"text-primary-600 hover:text-primary-500"[39m
        [33mhref[39m=[32m"/terms"[39m
      [36m/>[39m

      Name "Privacy Policy":
      [36m<a[39m
        [33mclass[39m=[32m"text-primary-600 hover:text-primary-500"[39m
        [33mhref[39m=[32m"/privacy"[39m
      [36m/>[39m

      Name "Sign in":
      [36m<a[39m
        [33mclass[39m=[32m"text-primary-600 hover:text-primary-500 font-medium"[39m
        [33mhref[39m=[32m"/login"[39m
      [36m/>[39m

      --------------------------------------------------
      button:

      Name "Create Account":
      [36m<button[39m
        [33mclass[39m=[32m"btn btn-primary w-full"[39m
        [33mtype[39m=[32m"submit"[39m
      [36m/>[39m

      --------------------------------------------------

    Ignored nodes: comments, script, style
    [36m<body>[39m
      [36m<div>[39m
        [36m<div[39m
          [33mclass[39m=[32m"w-full max-w-md mx-auto"[39m
        [36m>[39m
          [36m<form[39m
            [33mclass[39m=[32m"bg-white p-8 shadow-md rounded-lg"[39m
          [36m>[39m
            [36m<h2[39m
              [33mclass[39m=[32m"text-2xl font-bold mb-6 text-gray-800"[39m
            [36m>[39m
              [0mCreate Account[0m
            [36m</h2>[39m
            [36m<div[39m
              [33mclass[39m=[32m"mb-4"[39m
            [36m>[39m
              [36m<label[39m
                [33mclass[39m=[32m"form-label"[39m
                [33mfor[39m=[32m"fullName"[39m
              [36m>[39m
                [0mFull Name[0m
              [36m</label>[39m
              [36m<input[39m
                [33mclass[39m=[32m"form-input"[39m
                [33mid[39m=[32m"fullName"[39m
                [33mplaceholder[39m=[32m"Your full name"[39m
                [33mrequired[39m=[32m""[39m
                [33mtype[39m=[32m"text"[39m
                [33mvalue[39m=[32m"John Doe"[39m
              [36m/>[39m
            [36m</div>[39m
            [36m<div[39m
              [33mclass[39m=[32m"mb-4"[39m
            [36m>[39m
              [36m<label[39m
                [33mclass[39m=[32m"form-label"[39m
                [33mfor[39m=[32m"email"[39m
              [36m>[39m
                [0mEmail[0m
              [36m</label>[39m
              [36m<input[39m
                [33mclass[39m=[32m"form-input"[39m
                [33mid[39m=[32m"email"[39m
                [33mplaceholder[39m=[32m"Your email address"[39m
                [33mrequired[39m=[32m""[39m
                [33mtype[39m=[32m"email"[39m
                [33mvalue[39m=[32m"new@example.com"[39m
              [36m/>[39m
            [36m</div>[39m
            [36m<div[39m
              [33mclass[39m=[32m"mb-4"[39m
            [36m>[39m
              [36m<label[39m
                [33mclass[39m=[32m"form-label"[39m
                [33mfor[39m=[32m"password"[39m
              [36m>[39m
                [0mPassword[0m
              [36m</label>[39m
              [36m<input[39m
                [33mclass[39m=[32m"form-input"[39m
                [33mid[39m=[32m"password"[39m
                [33mplaceholder[39m=[32m"Create a password"[39m
                [33mrequired[39m=[32m""[39m
                [33mtype[39m=[32m"password"[39m
                [33mvalue[39m=[32m"password123"[39m
              [36m/>[39m
              [36m<div[39m
                [33mclass[39m=[32m"mt-1 text-xs text-gray-500"[39m
              [36m>[39m
                [0mPassword must be at least 8 characters long[0m
              [36m</div>[39m
            [36m</div>[39m
            [36m<div[39m
              [33mclass[39m=[32m"mb-6"[39m
            [36m>[39m
              [36m<label[39m
                [33mclass[39m=[32m"form-label"[39m
                [33mfor[39m=[32m"confirmPassword"[39m
              [36m>[39m
                [0mConfirm Password[0m
              [36m</label>[39m
              [36m<input[39m
                [33mclass[39m=[32m"form-input"[39m
                [33mid[39m=[32m"confirmPassword"[39m
                [33mplaceholder[39m=[32m"Confirm your password"[39m
                [33mrequired[39m=[32m""[39m
                [33mtype[39m=[32m"password"[39m
                [33mvalue[39m=[32m"password123"[39m
              [36m/>[39m
            [36m</div>[39m
            [36m<div[39m
              [33mclass[39m=[32m"mb-6"[39m
            [36m>[39m
              [36m<label[39m
                [33mclass[39m=[32m"flex items-center"[39m
              [36m>[39m
                [36m<input[39m
                  [33mclass[39m=[32m"mr-2"[39m
                  [33mrequired[39m=[32m""[39m
                  [33mtype[39m=[32m"checkbox"[39m
                [36m/>[39m
                [36m<span[39m
                  [33mclass[39m=[32m"text-sm text-gray-700"[39m
                [36m>[39m
                  [0mI agree to the[0m
                  [0m [0m
                  [36m<a[39m
                    [33mclass[39m=[32m"text-primary-600 hover:text-primary-500"[39m
                    [33mhref[39m=[32m"/terms"[39m
                  [36m>[39m
                    [0mTerms of Service[0m
                  [36m</a>[39m
                  [0m [0m
                  [0mand[0m
                  [0m [0m
                  [36m<a[39m
                    [33mclass[39m=[32m"text-primary-600 hover:text-primary-500"[39m
                    [33mhref[39m=[32m"/privacy"[39m
                  [36m>[39m
                    [0mPrivacy Policy[0m
                  [36m</a>[39m
                [36m</span>[39m
              [36m</label>[39m
            [36m</div>[39m
            [36m<button[39m
              [33mclass[39m=[32m"btn btn-primary w-full"[39m
              [33mtype[39m=[32m"submit"[39m
            [36m>[39m
              [0mCreate Account[0m
            [36m</button>[39m
            [36m<div[39m
              [33mclass[39m=[32m"mt-6 text-center text-sm"[39m
            [36m>[39m
              [36m<p>[39m
                [0mAlready have an account?[0m
                [0m [0m
                [36m<a[39m
                  [33mclass[39m=[32m"text-primary-600 hover:text-primary-500 font-medium"[39m
                  [33mhref[39m=[32m"/login"[39m
                [36m>[39m
                  [0mSign in[0m
                [36m</a>[39m
              [36m</p>[39m
            [36m</div>[39m
          [36m</form>[39m
        [36m</div>[39m
      [36m</div>[39m
    [36m</body>[39m

    [0m [90m 234 |[39m     
     [90m 235 |[39m     [90m// Submit form[39m
    [31m[1m>[22m[39m[90m 236 |[39m     [36mconst[39m signUpButton [33m=[39m screen[33m.[39mgetByRole([32m'button'[39m[33m,[39m { name[33m:[39m [35m/sign up/i[39m })[33m;[39m
     [90m     |[39m                                 [31m[1m^[22m[39m
     [90m 237 |[39m     fireEvent[33m.[39mclick(signUpButton)[33m;[39m
     [90m 238 |[39m     
     [90m 239 |[39m     [90m// Button should show loading state[39m[0m

      at Object.getElementError (node_modules/@testing-library/react/node_modules/@testing-library/dom/dist/config.js:37:19)
      at node_modules/@testing-library/react/node_modules/@testing-library/dom/dist/query-helpers.js:76:38
      at node_modules/@testing-library/react/node_modules/@testing-library/dom/dist/query-helpers.js:52:17
      at node_modules/@testing-library/react/node_modules/@testing-library/dom/dist/query-helpers.js:95:19
      at Object.getByRole (tests/components/auth/SignupForm.test.tsx:236:33)

FAIL tests/components/search/SearchResults.test.tsx
  ● Test suite failed to run

    Configuration error:

    Could not locate module @/components/search/LocationFilter mapped as:
    C:\Users\pchri\Documents\Cline\skillswap_mvp\src\$1.

    Please check your configuration for these entries:
    {
      "moduleNameMapper": {
        "/^@\/(.*)$/": "C:\Users\pchri\Documents\Cline\skillswap_mvp\src\$1"
      },
      "resolver": undefined
    }

    [0m [90m 104 |[39m
     [90m 105 |[39m [90m// Mock the LocationFilter component[39m
    [31m[1m>[22m[39m[90m 106 |[39m jest[33m.[39mmock([32m'@/components/search/LocationFilter'[39m[33m,[39m () [33m=>[39m ({
     [90m     |[39m      [31m[1m^[22m[39m
     [90m 107 |[39m   __esModule[33m:[39m [36mtrue[39m[33m,[39m
     [90m 108 |[39m   [36mdefault[39m[33m:[39m ({ value[33m,[39m onChange }[33m:[39m any) [33m=>[39m (
     [90m 109 |[39m     [33m<[39m[33mdiv[39m data[33m-[39mtestid[33m=[39m[32m"location-filter-mock"[39m[33m>[39m[0m

      at createNoMappedModuleFoundError (node_modules/jest-resolve/build/resolver.js:759:17)
      at Object.mock (tests/components/search/SearchResults.test.tsx:106:6)

PASS tests/lib/email/templates.test.ts
  Email Templates
    baseTemplate
      √ should include provided content (2 ms)
      √ should include current year in footer copyright (1 ms)
    tradeProposalTemplate
      √ should include trade and recipient details (1 ms)
    newMessageTemplate
      √ should include message and sender details (1 ms)
    newRatingTemplate
      √ should include rating and skill details (2 ms)
      √ should handle different rating values correctly

  console.error
    Error sending email: Failed to send email

    [0m [90m 78 |[39m     [36mreturn[39m[33m;[39m
     [90m 79 |[39m   }
    [31m[1m>[22m[39m[90m 80 |[39m   originalConsoleError([33m...[39margs)[33m;[39m
     [90m    |[39m   [31m[1m^[22m[39m
     [90m 81 |[39m }[33m;[39m
     [90m 82 |[39m[0m

      at console.originalConsoleError [as error] (jest.setup.js:80:3)
      at EmailService.error [as sendEmail] (src/lib/email/emailService.ts:105:17)
      at Object.<anonymous> (tests/lib/email/emailService.test.ts:165:22)

  console.log
    User user-with-disabled-emails has disabled trade_proposal email notifications

      at EmailService.log [as sendNotificationEmail] (src/lib/email/emailService.ts:139:17)

  console.error
    Error fetching email preferences: Error: Database error
        at Object.<anonymous> (C:\Users\pchri\Documents\Cline\skillswap_mvp\tests\lib\email\emailService.test.ts:261:20)
        at C:\Users\pchri\Documents\Cline\skillswap_mvp\node_modules\jest-mock\build\index.js:397:39
        at Object.<anonymous> (C:\Users\pchri\Documents\Cline\skillswap_mvp\node_modules\jest-mock\build\index.js:404:13)
        at Object.mockConstructor [as eq] (C:\Users\pchri\Documents\Cline\skillswap_mvp\node_modules\jest-mock\build\index.js:148:19)
        at EmailService.eq [as sendNotificationEmail] (C:\Users\pchri\Documents\Cline\skillswap_mvp\src\lib\email\emailService.ts:129:10)
        at Object.sendNotificationEmail (C:\Users\pchri\Documents\Cline\skillswap_mvp\tests\lib\email\emailService.test.ts:273:41)
        at Promise.then.completed (C:\Users\pchri\Documents\Cline\skillswap_mvp\node_modules\jest-circus\build\utils.js:298:28)
        at new Promise (<anonymous>)
        at callAsyncCircusFn (C:\Users\pchri\Documents\Cline\skillswap_mvp\node_modules\jest-circus\build\utils.js:231:10)
        at _callCircusTest (C:\Users\pchri\Documents\Cline\skillswap_mvp\node_modules\jest-circus\build\run.js:316:40)
        at processTicksAndRejections (node:internal/process/task_queues:105:5)
        at _runTest (C:\Users\pchri\Documents\Cline\skillswap_mvp\node_modules\jest-circus\build\run.js:252:3)
        at _runTestsForDescribeBlock (C:\Users\pchri\Documents\Cline\skillswap_mvp\node_modules\jest-circus\build\run.js:126:9)
        at _runTestsForDescribeBlock (C:\Users\pchri\Documents\Cline\skillswap_mvp\node_modules\jest-circus\build\run.js:121:9)
        at _runTestsForDescribeBlock (C:\Users\pchri\Documents\Cline\skillswap_mvp\node_modules\jest-circus\build\run.js:121:9)
        at run (C:\Users\pchri\Documents\Cline\skillswap_mvp\node_modules\jest-circus\build\run.js:71:3)
        at runAndTransformResultsToJestFormat (C:\Users\pchri\Documents\Cline\skillswap_mvp\node_modules\jest-circus\build\legacy-code-todo-rewrite\jestAdapterInit.js:122:21)
        at jestAdapter (C:\Users\pchri\Documents\Cline\skillswap_mvp\node_modules\jest-circus\build\legacy-code-todo-rewrite\jestAdapter.js:79:19)
        at runTestInternal (C:\Users\pchri\Documents\Cline\skillswap_mvp\node_modules\jest-runner\build\runTest.js:367:16)
        at runTest (C:\Users\pchri\Documents\Cline\skillswap_mvp\node_modules\jest-runner\build\runTest.js:444:34)
        at Object.worker (C:\Users\pchri\Documents\Cline\skillswap_mvp\node_modules\jest-runner\build\testWorker.js:106:12)

    [0m [90m 78 |[39m     [36mreturn[39m[33m;[39m
     [90m 79 |[39m   }
    [31m[1m>[22m[39m[90m 80 |[39m   originalConsoleError([33m...[39margs)[33m;[39m
     [90m    |[39m   [31m[1m^[22m[39m
     [90m 81 |[39m }[33m;[39m
     [90m 82 |[39m[0m

      at console.originalConsoleError [as error] (jest.setup.js:80:3)
      at EmailService.error [as sendNotificationEmail] (src/lib/email/emailService.ts:133:17)
      at Object.<anonymous> (tests/lib/email/emailService.test.ts:273:22)

PASS tests/lib/email/emailService.test.ts
  EmailService
    sendEmail
      √ should successfully send an email (3 ms)
      √ should handle errors when sending an email (93 ms)
    sendNotificationEmail
      √ should send notification email when user has enabled that notification type (1 ms)
      √ should not send notification email when user has disabled that notification type (3 ms)
      √ should handle errors when fetching user preferences (34 ms)

FAIL tests/components/skills/SkillCard.test.tsx
  ● Test suite failed to run

    Configuration error:

    Could not locate module @/components/skills/CategoryBadge mapped as:
    C:\Users\pchri\Documents\Cline\skillswap_mvp\src\$1.

    Please check your configuration for these entries:
    {
      "moduleNameMapper": {
        "/^@\/(.*)$/": "C:\Users\pchri\Documents\Cline\skillswap_mvp\src\$1"
      },
      "resolver": undefined
    }

    [0m [90m 21 |[39m
     [90m 22 |[39m [90m// Mock the CategoryBadge component[39m
    [31m[1m>[22m[39m[90m 23 |[39m jest[33m.[39mmock([32m'@/components/skills/CategoryBadge'[39m[33m,[39m () [33m=>[39m ({
     [90m    |[39m      [31m[1m^[22m[39m
     [90m 24 |[39m   __esModule[33m:[39m [36mtrue[39m[33m,[39m
     [90m 25 |[39m   [36mdefault[39m[33m:[39m ({ category }[33m:[39m any) [33m=>[39m (
     [90m 26 |[39m     [33m<[39m[33mdiv[39m data[33m-[39mtestid[33m=[39m[32m"category-badge"[39m[33m>[39m[0m

      at createNoMappedModuleFoundError (node_modules/jest-resolve/build/resolver.js:759:17)
      at Object.mock (tests/components/skills/SkillCard.test.tsx:23:6)

FAIL tests/components/messaging/MessageList.test.tsx
  ● Test suite failed to run

    Configuration error:

    Could not locate module @/lib/utils/formatters mapped as:
    C:\Users\pchri\Documents\Cline\skillswap_mvp\src\$1.

    Please check your configuration for these entries:
    {
      "moduleNameMapper": {
        "/^@\/(.*)$/": "C:\Users\pchri\Documents\Cline\skillswap_mvp\src\$1"
      },
      "resolver": undefined
    }

    [0m [90m 30 |[39m
     [90m 31 |[39m [90m// Mock the formatRelativeTime utility[39m
    [31m[1m>[22m[39m[90m 32 |[39m jest[33m.[39mmock([32m'@/lib/utils/formatters'[39m[33m,[39m () [33m=>[39m ({
     [90m    |[39m      [31m[1m^[22m[39m
     [90m 33 |[39m   formatRelativeTime[33m:[39m (date[33m:[39m string) [33m=>[39m [32m'2 hours ago'[39m[33m,[39m
     [90m 34 |[39m }))[33m;[39m
     [90m 35 |[39m[0m

      at createNoMappedModuleFoundError (node_modules/jest-resolve/build/resolver.js:759:17)
      at Object.mock (tests/components/messaging/MessageList.test.tsx:32:6)

FAIL tests/components/profile/ProfileHeader.test.tsx
  ● Test suite failed to run

    Configuration error:

    Could not locate module @/components/profile/FollowButton mapped as:
    C:\Users\pchri\Documents\Cline\skillswap_mvp\src\$1.

    Please check your configuration for these entries:
    {
      "moduleNameMapper": {
        "/^@\/(.*)$/": "C:\Users\pchri\Documents\Cline\skillswap_mvp\src\$1"
      },
      "resolver": undefined
    }

    [0m [90m 31 |[39m
     [90m 32 |[39m [90m// Mock the FollowButton component[39m
    [31m[1m>[22m[39m[90m 33 |[39m jest[33m.[39mmock([32m'@/components/profile/FollowButton'[39m[33m,[39m () [33m=>[39m ({
     [90m    |[39m      [31m[1m^[22m[39m
     [90m 34 |[39m   __esModule[33m:[39m [36mtrue[39m[33m,[39m
     [90m 35 |[39m   [36mdefault[39m[33m:[39m ({ userId[33m,[39m isFollowing[33m,[39m onFollow }[33m:[39m any) [33m=>[39m (
     [90m 36 |[39m     [33m<[39m[33mbutton[39m[0m

      at createNoMappedModuleFoundError (node_modules/jest-resolve/build/resolver.js:759:17)
      at Object.mock (tests/components/profile/ProfileHeader.test.tsx:33:6)

FAIL tests/components/messaging/ConversationList.test.tsx
  ● Test suite failed to run

    Configuration error:

    Could not locate module @/lib/utils/formatters mapped as:
    C:\Users\pchri\Documents\Cline\skillswap_mvp\src\$1.

    Please check your configuration for these entries:
    {
      "moduleNameMapper": {
        "/^@\/(.*)$/": "C:\Users\pchri\Documents\Cline\skillswap_mvp\src\$1"
      },
      "resolver": undefined
    }

    [0m [90m 37 |[39m
     [90m 38 |[39m [90m// Mock the formatRelativeTime utility[39m
    [31m[1m>[22m[39m[90m 39 |[39m jest[33m.[39mmock([32m'@/lib/utils/formatters'[39m[33m,[39m () [33m=>[39m ({
     [90m    |[39m      [31m[1m^[22m[39m
     [90m 40 |[39m   formatRelativeTime[33m:[39m (date[33m:[39m string) [33m=>[39m [32m'2 hours ago'[39m[33m,[39m
     [90m 41 |[39m }))[33m;[39m
     [90m 42 |[39m[0m

      at createNoMappedModuleFoundError (node_modules/jest-resolve/build/resolver.js:759:17)
      at Object.mock (tests/components/messaging/ConversationList.test.tsx:39:6)

FAIL tests/components/profile/ProfileSkills.test.tsx
  ● Test suite failed to run

    Cannot find module '../../../src/components/profile/ProfileSkills' from 'tests/components/profile/ProfileSkills.test.tsx'

    [0m [90m 40 |[39m       description[33m:[39m [32m'HTML, CSS, JavaScript, React'[39m[33m,[39m
     [90m 41 |[39m       category[33m:[39m { id[33m:[39m [32m'cat-1'[39m[33m,[39m name[33m:[39m [32m'Programming'[39m }[33m,[39m
    [31m[1m>[22m[39m[90m 42 |[39m       created_at[33m:[39m [32m'2024-03-15T10:00:00.000Z'[39m[33m,[39m
     [90m    |[39m                                                               [31m[1m^[22m[39m
     [90m 43 |[39m       updated_at[33m:[39m [32m'2024-03-15T10:00:00.000Z'[39m[33m,[39m
     [90m 44 |[39m       user_id[33m:[39m [32m'user-123'[39m[33m,[39m
     [90m 45 |[39m     }[33m,[39m[0m

      at Resolver._throwModNotFoundError (node_modules/jest-resolve/build/resolver.js:427:11)
      at Object.<anonymous> (tests/components/profile/ProfileSkills.test.tsx:42:63)

FAIL tests/components/messaging/MessageComposer.test.tsx
  ● Test suite failed to run

    Cannot find module '../../../src/components/messaging/MessageComposer' from 'tests/components/messaging/MessageComposer.test.tsx'

    [0m [90m 34 |[39m   [36mconst[39m mockOnSend [33m=[39m jest[33m.[39mfn()[33m;[39m
     [90m 35 |[39m   
    [31m[1m>[22m[39m[90m 36 |[39m   beforeEach(() [33m=>[39m {
     [90m    |[39m                               [31m[1m^[22m[39m
     [90m 37 |[39m     jest[33m.[39mclearAllMocks()[33m;[39m
     [90m 38 |[39m   })[33m;[39m
     [90m 39 |[39m   [0m

      at Resolver._throwModNotFoundError (node_modules/jest-resolve/build/resolver.js:427:11)
      at Object.<anonymous> (tests/components/messaging/MessageComposer.test.tsx:36:65)

FAIL tests/components/auth/LoginForm.test.tsx (9.143 s)
  LoginForm
    × renders the login form correctly (290 ms)
    × validates form inputs before submission (1080 ms)
    × handles successful login correctly (1069 ms)
    × handles login errors correctly (1040 ms)
    × handles OAuth sign in correctly (8 ms)
    × navigates to forgot password page (13 ms)
    × navigates to sign up page (9 ms)
    √ shows loading state during login (27 ms)

  ● LoginForm › renders the login form correctly

    TestingLibraryElementError: Unable to find an element with the text: /sign in with google/i. This could be because the text is broken up by multiple elements. In this case, you can provide a function for your text matcher to make your matcher more flexible.

    Ignored nodes: comments, script, style
    [36m<body>[39m
      [36m<div>[39m
        [36m<div[39m
          [33mclass[39m=[32m"w-full max-w-md mx-auto"[39m
        [36m>[39m
          [36m<form[39m
            [33mclass[39m=[32m"bg-white p-8 shadow-md rounded-lg"[39m
          [36m>[39m
            [36m<h2[39m
              [33mclass[39m=[32m"text-2xl font-bold mb-6 text-gray-800"[39m
            [36m>[39m
              [0mSign In[0m
            [36m</h2>[39m
            [36m<div[39m
              [33mclass[39m=[32m"mb-4"[39m
            [36m>[39m
              [36m<label[39m
                [33mclass[39m=[32m"form-label"[39m
                [33mfor[39m=[32m"email"[39m
              [36m>[39m
                [0mEmail[0m
              [36m</label>[39m
              [36m<input[39m
                [33mclass[39m=[32m"form-input"[39m
                [33mid[39m=[32m"email"[39m
                [33mplaceholder[39m=[32m"Your email address"[39m
                [33mrequired[39m=[32m""[39m
                [33mtype[39m=[32m"email"[39m
                [33mvalue[39m=[32m""[39m
              [36m/>[39m
            [36m</div>[39m
            [36m<div[39m
              [33mclass[39m=[32m"mb-6"[39m
            [36m>[39m
              [36m<label[39m
                [33mclass[39m=[32m"form-label"[39m
                [33mfor[39m=[32m"password"[39m
              [36m>[39m
                [0mPassword[0m
              [36m</label>[39m
              [36m<input[39m
                [33mclass[39m=[32m"form-input"[39m
                [33mid[39m=[32m"password"[39m
                [33mplaceholder[39m=[32m"Your password"[39m
                [33mrequired[39m=[32m""[39m
                [33mtype[39m=[32m"password"[39m
                [33mvalue[39m=[32m""[39m
              [36m/>[39m
              [36m<div[39m
                [33mclass[39m=[32m"mt-1 text-sm text-right"[39m
              [36m>[39m
                [36m<a[39m
                  [33mclass[39m=[32m"text-primary-600 hover:text-primary-500"[39m
                  [33mhref[39m=[32m"/auth/forgot-password"[39m
                [36m>[39m
                  [0mForgot password?[0m
                [36m</a>[39m
              [36m</div>[39m
            [36m</div>[39m
            [36m<button[39m
              [33mclass[39m=[32m"btn btn-primary w-full"[39m
              [33mtype[39m=[32m"submit"[39m
            [36m>[39m
              [0mSign In[0m
            [36m</button>[39m
            [36m<div[39m
              [33mclass[39m=[32m"mt-6 text-center text-sm"[39m
            [36m>[39m
              [36m<p>[39m
                [0mDon't have an account?[0m
                [0m [0m
                [36m<a[39m
                  [33mclass[39m=[32m"text-primary-600 hover:text-primary-500 font-medium"[39m
                  [33mhref[39m=[32m"/signup"[39m
                [36m>[39m
                  [0mSign up[0m
                [36m</a>[39m
              [36m</p>[39m
            [36m</div>[39m
          [36m</form>[39m
        [36m</div>[39m
      [36m</div>[39m
    [36m</body>[39m

    [0m [90m 64 |[39m     
     [90m 65 |[39m     [90m// Check for OAuth options[39m
    [31m[1m>[22m[39m[90m 66 |[39m     expect(screen[33m.[39mgetByText([35m/sign in with google/i[39m))[33m.[39mtoBeInTheDocument()[33m;[39m
     [90m    |[39m                   [31m[1m^[22m[39m
     [90m 67 |[39m     
     [90m 68 |[39m     [90m// Check for forgot password link[39m
     [90m 69 |[39m     expect(screen[33m.[39mgetByText([35m/forgot password/i[39m))[33m.[39mtoBeInTheDocument()[33m;[39m[0m

      at Object.getElementError (node_modules/@testing-library/react/node_modules/@testing-library/dom/dist/config.js:37:19)
      at node_modules/@testing-library/react/node_modules/@testing-library/dom/dist/query-helpers.js:76:38
      at node_modules/@testing-library/react/node_modules/@testing-library/dom/dist/query-helpers.js:52:17
      at node_modules/@testing-library/react/node_modules/@testing-library/dom/dist/query-helpers.js:95:19
      at Object.getByText (tests/components/auth/LoginForm.test.tsx:66:19)

  ● LoginForm › validates form inputs before submission

    Unable to find an element with the text: /email is required/i. This could be because the text is broken up by multiple elements. In this case, you can provide a function for your text matcher to make your matcher more flexible.

    Ignored nodes: comments, script, style
    [36m<body>[39m
      [36m<div>[39m
        [36m<div[39m
          [33mclass[39m=[32m"w-full max-w-md mx-auto"[39m
        [36m>[39m
          [36m<form[39m
            [33mclass[39m=[32m"bg-white p-8 shadow-md rounded-lg"[39m
          [36m>[39m
            [36m<h2[39m
              [33mclass[39m=[32m"text-2xl font-bold mb-6 text-gray-800"[39m
            [36m>[39m
              [0mSign In[0m
            [36m</h2>[39m
            [36m<div[39m
              [33mclass[39m=[32m"mb-4"[39m
            [36m>[39m
              [36m<label[39m
                [33mclass[39m=[32m"form-label"[39m
                [33mfor[39m=[32m"email"[39m
              [36m>[39m
                [0mEmail[0m
              [36m</label>[39m
              [36m<input[39m
                [33mclass[39m=[32m"form-input"[39m
                [33mid[39m=[32m"email"[39m
                [33mplaceholder[39m=[32m"Your email address"[39m
                [33mrequired[39m=[32m""[39m
                [33mtype[39m=[32m"email"[39m
                [33mvalue[39m=[32m""[39m
              [36m/>[39m
            [36m</div>[39m
            [36m<div[39m
              [33mclass[39m=[32m"mb-6"[39m
            [36m>[39m
              [36m<label[39m
                [33mclass[39m=[32m"form-label"[39m
                [33mfor[39m=[32m"password"[39m
              [36m>[39m
                [0mPassword[0m
              [36m</label>[39m
              [36m<input[39m
                [33mclass[39m=[32m"form-input"[39m
                [33mid[39m=[32m"password"[39m
                [33mplaceholder[39m=[32m"Your password"[39m
                [33mrequired[39m=[32m""[39m
                [33mtype[39m=[32m"password"[39m
                [33mvalue[39m=[32m""[39m
              [36m/>[39m
              [36m<div[39m
                [33mclass[39m=[32m"mt-1 text-sm text-right"[39m
              [36m>[39m
                [36m<a[39m
                  [33mclass[39m=[32m"text-primary-600 hover:text-primary-500"[39m
                  [33mhref[39m=[32m"/auth/forgot-password"[39m
                [36m>[39m
                  [0mForgot password?[0m
                [36m</a>[39m
              [36m</div>[39m
            [36m</div>[39m
            [36m<button[39m
              [33mclass[39m=[32m"btn btn-primary w-full"[39m
              [33mtype[39m=[32m"submit"[39m
            [36m>[39m
              [0mSign In[0m
            [36m</button>[39m
            [36m<div[39m
              [33mclass[39m=[32m"mt-6 text-center text-sm"[39m
            [36m>[39m
              [36m<p>[39m
                [0mDon't have an account?[0m
                [0m [0m
                [36m<a[39m
                  [33mclass[39m=[32m"text-primary-600 hover:text-primary-500 font-medium"[39m
                  [33mhref[39m=[32m"/signup"[39m
                [36m>[39m
                  [0mSign up[0m
                [36m</a>[39m
              [36m</p>[39m
            [36m</div>[39m
          [36m</form>[39m
        [36m</div>[39m
      [36m</div>[39m
    [36m</body>[39m

    [0m [90m 83 |[39m     
     [90m 84 |[39m     [90m// Check for validation errors[39m
    [31m[1m>[22m[39m[90m 85 |[39m     [36mawait[39m waitFor(() [33m=>[39m {
     [90m    |[39m                  [31m[1m^[22m[39m
     [90m 86 |[39m       expect(screen[33m.[39mgetByText([35m/email is required/i[39m))[33m.[39mtoBeInTheDocument()[33m;[39m
     [90m 87 |[39m       expect(screen[33m.[39mgetByText([35m/password is required/i[39m))[33m.[39mtoBeInTheDocument()[33m;[39m
     [90m 88 |[39m     })[33m;[39m[0m

      at waitForWrapper (node_modules/@testing-library/react/node_modules/@testing-library/dom/dist/wait-for.js:163:27)
      at Object.<anonymous> (tests/components/auth/LoginForm.test.tsx:85:18)

  ● LoginForm › handles successful login correctly

    expect(jest.fn()).toHaveBeenCalledWith(...expected)

    Expected: {"email": "test@example.com", "password": "password123"}

    Number of calls: 0

    Ignored nodes: comments, script, style
    [36m<html>[39m
      [36m<head />[39m
      [36m<body>[39m
        [36m<div>[39m
          [36m<div[39m
            [33mclass[39m=[32m"w-full max-w-md mx-auto"[39m
          [36m>[39m
            [36m<form[39m
              [33mclass[39m=[32m"bg-white p-8 shadow-md rounded-lg"[39m
            [36m>[39m
              [36m<h2[39m
                [33mclass[39m=[32m"text-2xl font-bold mb-6 text-gray-800"[39m
              [36m>[39m
                [0mSign In[0m
              [36m</h2>[39m
              [36m<div[39m
                [33mclass[39m=[32m"mb-4 p-3 bg-error-50 text-error-700 rounded-md"[39m
              [36m>[39m
                [0mContext not initialized[0m
              [36m</div>[39m
              [36m<div[39m
                [33mclass[39m=[32m"mb-4"[39m
              [36m>[39m
                [36m<label[39m
                  [33mclass[39m=[32m"form-label"[39m
                  [33mfor[39m=[32m"email"[39m
                [36m>[39m
                  [0mEmail[0m
                [36m</label>[39m
                [36m<input[39m
                  [33mclass[39m=[32m"form-input"[39m
                  [33mid[39m=[32m"email"[39m
                  [33mplaceholder[39m=[32m"Your email address"[39m
                  [33mrequired[39m=[32m""[39m
                  [33mtype[39m=[32m"email"[39m
                  [33mvalue[39m=[32m"test@example.com"[39m
                [36m/>[39m
              [36m</div>[39m
              [36m<div[39m
                [33mclass[39m=[32m"mb-6"[39m
              [36m>[39m
                [36m<label[39m
                  [33mclass[39m=[32m"form-label"[39m
                  [33mfor[39m=[32m"password"[39m
                [36m>[39m
                  [0mPassword[0m
                [36m</label>[39m
                [36m<input[39m
                  [33mclass[39m=[32m"form-input"[39m
                  [33mid[39m=[32m"password"[39m
                  [33mplaceholder[39m=[32m"Your password"[39m
                  [33mrequired[39m=[32m""[39m
                  [33mtype[39m=[32m"password"[39m
                  [33mvalue[39m=[32m"password123"[39m
                [36m/>[39m
                [36m<div[39m
                  [33mclass[39m=[32m"mt-1 text-sm text-right"[39m
                [36m>[39m
                  [36m<a[39m
                    [33mclass[39m=[32m"text-primary-600 hover:text-primary-500"[39m
                    [33mhref[39m=[32m"/auth/forgot-password"[39m
                  [36m>[39m
                    [0mForgot password?[0m
                  [36m</a>[39m
                [36m</div>[39m
              [36m</div>[39m
              [36m<button[39m
                [33mclass[39m=[32m"btn btn-primary w-full"[39m
                [33mtype[39m=[32m"submit"[39m
              [36m>[39m
                [0mSign In[0m
              [36m</button>[39m
              [36m<div[39m
                [33mclass[39m=[32m"mt-6 text-center text-sm"[39m
              [36m>[39m
                [36m<p>[39m
                  [0mDon't have an account?[0m
                  [0m [0m
                  [36m<a[39m
                    [33mclass[39m=[32m"text-primary-600 hover:text-primary-500 font-medium"[39m
                    [33mhref[39m=[32m"/signup"[39m
                  [36m>[39m
                    [0mSign up[0m
                  [36m</a>[39m
                [36m</p>[39m
              [36m</div>[39m
            [36m</form>[39m
          [36m</div>[39m
        [36m</div>[39m
      [36m</body>[39m
    [36m</html>[39m

    [0m [90m 119 |[39m     [90m// Verify sign in was called with correct credentials[39m
     [90m 120 |[39m     [36mawait[39m waitFor(() [33m=>[39m {
    [31m[1m>[22m[39m[90m 121 |[39m       expect(createClientComponentClient()[33m.[39mauth[33m.[39msignInWithPassword)[33m.[39mtoHaveBeenCalledWith({
     [90m     |[39m                                                                     [31m[1m^[22m[39m
     [90m 122 |[39m         email[33m:[39m [32m'test@example.com'[39m[33m,[39m
     [90m 123 |[39m         password[33m:[39m [32m'password123'[39m[33m,[39m
     [90m 124 |[39m       })[33m;[39m[0m

      at toHaveBeenCalledWith (tests/components/auth/LoginForm.test.tsx:121:69)
      at runWithExpensiveErrorDiagnosticsDisabled (node_modules/@testing-library/react/node_modules/@testing-library/dom/dist/config.js:47:12)
      at checkCallback (node_modules/@testing-library/react/node_modules/@testing-library/dom/dist/wait-for.js:124:77)
      at checkRealTimersCallback (node_modules/@testing-library/react/node_modules/@testing-library/dom/dist/wait-for.js:118:16)
      at Timeout.task [as _onTimeout] (node_modules/jsdom/lib/jsdom/browser/Window.js:520:19)

  ● LoginForm › handles login errors correctly

    Unable to find an element with the text: /invalid login credentials/i. This could be because the text is broken up by multiple elements. In this case, you can provide a function for your text matcher to make your matcher more flexible.

    Ignored nodes: comments, script, style
    [36m<body>[39m
      [36m<div>[39m
        [36m<div[39m
          [33mclass[39m=[32m"w-full max-w-md mx-auto"[39m
        [36m>[39m
          [36m<form[39m
            [33mclass[39m=[32m"bg-white p-8 shadow-md rounded-lg"[39m
          [36m>[39m
            [36m<h2[39m
              [33mclass[39m=[32m"text-2xl font-bold mb-6 text-gray-800"[39m
            [36m>[39m
              [0mSign In[0m
            [36m</h2>[39m
            [36m<div[39m
              [33mclass[39m=[32m"mb-4 p-3 bg-error-50 text-error-700 rounded-md"[39m
            [36m>[39m
              [0mContext not initialized[0m
            [36m</div>[39m
            [36m<div[39m
              [33mclass[39m=[32m"mb-4"[39m
            [36m>[39m
              [36m<label[39m
                [33mclass[39m=[32m"form-label"[39m
                [33mfor[39m=[32m"email"[39m
              [36m>[39m
                [0mEmail[0m
              [36m</label>[39m
              [36m<input[39m
                [33mclass[39m=[32m"form-input"[39m
                [33mid[39m=[32m"email"[39m
                [33mplaceholder[39m=[32m"Your email address"[39m
                [33mrequired[39m=[32m""[39m
                [33mtype[39m=[32m"email"[39m
                [33mvalue[39m=[32m"wrong@example.com"[39m
              [36m/>[39m
            [36m</div>[39m
            [36m<div[39m
              [33mclass[39m=[32m"mb-6"[39m
            [36m>[39m
              [36m<label[39m
                [33mclass[39m=[32m"form-label"[39m
                [33mfor[39m=[32m"password"[39m
              [36m>[39m
                [0mPassword[0m
              [36m</label>[39m
              [36m<input[39m
                [33mclass[39m=[32m"form-input"[39m
                [33mid[39m=[32m"password"[39m
                [33mplaceholder[39m=[32m"Your password"[39m
                [33mrequired[39m=[32m""[39m
                [33mtype[39m=[32m"password"[39m
                [33mvalue[39m=[32m"wrongpassword"[39m
              [36m/>[39m
              [36m<div[39m
                [33mclass[39m=[32m"mt-1 text-sm text-right"[39m
              [36m>[39m
                [36m<a[39m
                  [33mclass[39m=[32m"text-primary-600 hover:text-primary-500"[39m
                  [33mhref[39m=[32m"/auth/forgot-password"[39m
                [36m>[39m
                  [0mForgot password?[0m
                [36m</a>[39m
              [36m</div>[39m
            [36m</div>[39m
            [36m<button[39m
              [33mclass[39m=[32m"btn btn-primary w-full"[39m
              [33mtype[39m=[32m"submit"[39m
            [36m>[39m
              [0mSign In[0m
            [36m</button>[39m
            [36m<div[39m
              [33mclass[39m=[32m"mt-6 text-center text-sm"[39m
            [36m>[39m
              [36m<p>[39m
                [0mDon't have an account?[0m
                [0m [0m
                [36m<a[39m
                  [33mclass[39m=[32m"text-primary-600 hover:text-primary-500 font-medium"[39m
                  [33mhref[39m=[32m"/signup"[39m
                [36m>[39m
                  [0mSign up[0m
                [36m</a>[39m
              [36m</p>[39m
            [36m</div>[39m
          [36m</form>[39m
        [36m</div>[39m
      [36m</div>[39m
    [36m</body>[39m

    [0m [90m 146 |[39m     
     [90m 147 |[39m     [90m// Check error message is displayed[39m
    [31m[1m>[22m[39m[90m 148 |[39m     [36mawait[39m waitFor(() [33m=>[39m {
     [90m     |[39m                  [31m[1m^[22m[39m
     [90m 149 |[39m       expect(screen[33m.[39mgetByText([35m/invalid login credentials/i[39m))[33m.[39mtoBeInTheDocument()[33m;[39m
     [90m 150 |[39m     })[33m;[39m
     [90m 151 |[39m   })[33m;[39m[0m

      at waitForWrapper (node_modules/@testing-library/react/node_modules/@testing-library/dom/dist/wait-for.js:163:27)
      at Object.<anonymous> (tests/components/auth/LoginForm.test.tsx:148:18)

  ● LoginForm › handles OAuth sign in correctly

    TestingLibraryElementError: Unable to find an element with the text: /sign in with google/i. This could be because the text is broken up by multiple elements. In this case, you can provide a function for your text matcher to make your matcher more flexible.

    Ignored nodes: comments, script, style
    [36m<body>[39m
      [36m<div>[39m
        [36m<div[39m
          [33mclass[39m=[32m"w-full max-w-md mx-auto"[39m
        [36m>[39m
          [36m<form[39m
            [33mclass[39m=[32m"bg-white p-8 shadow-md rounded-lg"[39m
          [36m>[39m
            [36m<h2[39m
              [33mclass[39m=[32m"text-2xl font-bold mb-6 text-gray-800"[39m
            [36m>[39m
              [0mSign In[0m
            [36m</h2>[39m
            [36m<div[39m
              [33mclass[39m=[32m"mb-4"[39m
            [36m>[39m
              [36m<label[39m
                [33mclass[39m=[32m"form-label"[39m
                [33mfor[39m=[32m"email"[39m
              [36m>[39m
                [0mEmail[0m
              [36m</label>[39m
              [36m<input[39m
                [33mclass[39m=[32m"form-input"[39m
                [33mid[39m=[32m"email"[39m
                [33mplaceholder[39m=[32m"Your email address"[39m
                [33mrequired[39m=[32m""[39m
                [33mtype[39m=[32m"email"[39m
                [33mvalue[39m=[32m""[39m
              [36m/>[39m
            [36m</div>[39m
            [36m<div[39m
              [33mclass[39m=[32m"mb-6"[39m
            [36m>[39m
              [36m<label[39m
                [33mclass[39m=[32m"form-label"[39m
                [33mfor[39m=[32m"password"[39m
              [36m>[39m
                [0mPassword[0m
              [36m</label>[39m
              [36m<input[39m
                [33mclass[39m=[32m"form-input"[39m
                [33mid[39m=[32m"password"[39m
                [33mplaceholder[39m=[32m"Your password"[39m
                [33mrequired[39m=[32m""[39m
                [33mtype[39m=[32m"password"[39m
                [33mvalue[39m=[32m""[39m
              [36m/>[39m
              [36m<div[39m
                [33mclass[39m=[32m"mt-1 text-sm text-right"[39m
              [36m>[39m
                [36m<a[39m
                  [33mclass[39m=[32m"text-primary-600 hover:text-primary-500"[39m
                  [33mhref[39m=[32m"/auth/forgot-password"[39m
                [36m>[39m
                  [0mForgot password?[0m
                [36m</a>[39m
              [36m</div>[39m
            [36m</div>[39m
            [36m<button[39m
              [33mclass[39m=[32m"btn btn-primary w-full"[39m
              [33mtype[39m=[32m"submit"[39m
            [36m>[39m
              [0mSign In[0m
            [36m</button>[39m
            [36m<div[39m
              [33mclass[39m=[32m"mt-6 text-center text-sm"[39m
            [36m>[39m
              [36m<p>[39m
                [0mDon't have an account?[0m
                [0m [0m
                [36m<a[39m
                  [33mclass[39m=[32m"text-primary-600 hover:text-primary-500 font-medium"[39m
                  [33mhref[39m=[32m"/signup"[39m
                [36m>[39m
                  [0mSign up[0m
                [36m</a>[39m
              [36m</p>[39m
            [36m</div>[39m
          [36m</form>[39m
        [36m</div>[39m
      [36m</div>[39m
    [36m</body>[39m

    [0m [90m 157 |[39m     
     [90m 158 |[39m     [90m// Click on Google sign in[39m
    [31m[1m>[22m[39m[90m 159 |[39m     [36mconst[39m googleButton [33m=[39m screen[33m.[39mgetByText([35m/sign in with google/i[39m)[33m;[39m
     [90m     |[39m                                 [31m[1m^[22m[39m
     [90m 160 |[39m     fireEvent[33m.[39mclick(googleButton)[33m;[39m
     [90m 161 |[39m     
     [90m 162 |[39m     [90m// Verify OAuth sign in was called with Google provider[39m[0m

      at Object.getElementError (node_modules/@testing-library/react/node_modules/@testing-library/dom/dist/config.js:37:19)
      at node_modules/@testing-library/react/node_modules/@testing-library/dom/dist/query-helpers.js:76:38
      at node_modules/@testing-library/react/node_modules/@testing-library/dom/dist/query-helpers.js:52:17
      at node_modules/@testing-library/react/node_modules/@testing-library/dom/dist/query-helpers.js:95:19
      at Object.getByText (tests/components/auth/LoginForm.test.tsx:159:33)

  ● LoginForm › navigates to forgot password page

    expect(jest.fn()).toHaveBeenCalledWith(...expected)

    Expected: "/reset-password"

    Number of calls: 0

    [0m [90m 183 |[39m     
     [90m 184 |[39m     [90m// Check navigation to forgot password page[39m
    [31m[1m>[22m[39m[90m 185 |[39m     expect(mockPush)[33m.[39mtoHaveBeenCalledWith([32m'/reset-password'[39m)[33m;[39m
     [90m     |[39m                      [31m[1m^[22m[39m
     [90m 186 |[39m   })[33m;[39m
     [90m 187 |[39m   
     [90m 188 |[39m   it([32m'navigates to sign up page'[39m[33m,[39m () [33m=>[39m {[0m

      at Object.toHaveBeenCalledWith (tests/components/auth/LoginForm.test.tsx:185:22)

  ● LoginForm › navigates to sign up page

    expect(jest.fn()).toHaveBeenCalledWith(...expected)

    Expected: "/signup"

    Number of calls: 0

    [0m [90m 198 |[39m     
     [90m 199 |[39m     [90m// Check navigation to sign up page[39m
    [31m[1m>[22m[39m[90m 200 |[39m     expect(mockPush)[33m.[39mtoHaveBeenCalledWith([32m'/signup'[39m)[33m;[39m
     [90m     |[39m                      [31m[1m^[22m[39m
     [90m 201 |[39m   })[33m;[39m
     [90m 202 |[39m   
     [90m 203 |[39m   it([32m'shows loading state during login'[39m[33m,[39m [36masync[39m () [33m=>[39m {[0m

      at Object.toHaveBeenCalledWith (tests/components/auth/LoginForm.test.tsx:200:22)

Summary of all failing tests
FAIL tests/lib/supabase/auth.test.ts
  ● Authentication Functions › signIn › should call supabase.auth.signInWithPassword with correct parameters

    expect(jest.fn()).toHaveBeenCalledWith(...expected)

    Expected: {"email": "test@example.com", "password": "password123"}

    Number of calls: 0

    [0m [90m 16 |[39m     test([32m'should call supabase.auth.signInWithPassword with correct parameters'[39m[33m,[39m [36masync[39m () [33m=>[39m {
     [90m 17 |[39m       [36mawait[39m authFunctions[33m.[39msignIn([32m'test@example.com'[39m[33m,[39m [32m'password123'[39m)[33m;[39m
    [31m[1m>[22m[39m[90m 18 |[39m       expect(supabaseMock[33m.[39mauth[33m.[39msignInWithPassword)[33m.[39mtoHaveBeenCalledWith({
     [90m    |[39m                                                    [31m[1m^[22m[39m
     [90m 19 |[39m         email[33m:[39m [32m'test@example.com'[39m[33m,[39m
     [90m 20 |[39m         password[33m:[39m [32m'password123'[39m[33m,[39m
     [90m 21 |[39m       })[33m;[39m[0m

      at Object.toHaveBeenCalledWith (tests/lib/supabase/auth.test.ts:18:52)

  ● Authentication Functions › signIn › should return the user when sign in is successful

    expect(received).toBeTruthy()

    Received: null

    [0m [90m 24 |[39m     test([32m'should return the user when sign in is successful'[39m[33m,[39m [36masync[39m () [33m=>[39m {
     [90m 25 |[39m       [36mconst[39m result [33m=[39m [36mawait[39m authFunctions[33m.[39msignIn([32m'test@example.com'[39m[33m,[39m [32m'password123'[39m)[33m;[39m
    [31m[1m>[22m[39m[90m 26 |[39m       expect(result[33m.[39muser)[33m.[39mtoBeTruthy()[33m;[39m
     [90m    |[39m                           [31m[1m^[22m[39m
     [90m 27 |[39m       expect(result[33m.[39merror)[33m.[39mtoBeNull()[33m;[39m
     [90m 28 |[39m     })[33m;[39m
     [90m 29 |[39m[0m

      at Object.toBeTruthy (tests/lib/supabase/auth.test.ts:26:27)

  ● Authentication Functions › signUp › should call supabase.auth.signUp with correct parameters

    expect(jest.fn()).toHaveBeenCalledWith(...expected)

    Expected: {"email": "new@example.com", "options": {"data": {"full_name": "John Doe"}}, "password": "password123"}

    Number of calls: 0

    [0m [90m 39 |[39m       [36mconst[39m metadata [33m=[39m { full_name[33m:[39m [32m'John Doe'[39m }[33m;[39m
     [90m 40 |[39m       [36mawait[39m authFunctions[33m.[39msignUp([32m'new@example.com'[39m[33m,[39m [32m'password123'[39m[33m,[39m metadata)[33m;[39m
    [31m[1m>[22m[39m[90m 41 |[39m       expect(supabaseMock[33m.[39mauth[33m.[39msignUp)[33m.[39mtoHaveBeenCalledWith({
     [90m    |[39m                                        [31m[1m^[22m[39m
     [90m 42 |[39m         email[33m:[39m [32m'new@example.com'[39m[33m,[39m
     [90m 43 |[39m         password[33m:[39m [32m'password123'[39m[33m,[39m
     [90m 44 |[39m         options[33m:[39m {[0m

      at Object.toHaveBeenCalledWith (tests/lib/supabase/auth.test.ts:41:40)

  ● Authentication Functions › signUp › should return the error when sign up fails

    expect(received).toBeNull()

    Received: {}

    [0m [90m 56 |[39m     test([32m'should return the error when sign up fails'[39m[33m,[39m [36masync[39m () [33m=>[39m {
     [90m 57 |[39m       [36mconst[39m result [33m=[39m [36mawait[39m authFunctions[33m.[39msignUp([32m'exists@example.com'[39m[33m,[39m [32m'password123'[39m)[33m;[39m
    [31m[1m>[22m[39m[90m 58 |[39m       expect(result[33m.[39muser)[33m.[39mtoBeNull()[33m;[39m
     [90m    |[39m                           [31m[1m^[22m[39m
     [90m 59 |[39m       expect(result[33m.[39merror)[33m.[39mtoBeTruthy()[33m;[39m
     [90m 60 |[39m     })[33m;[39m
     [90m 61 |[39m   })[33m;[39m[0m

      at Object.toBeNull (tests/lib/supabase/auth.test.ts:58:27)

  ● Authentication Functions › signOut › should call supabase.auth.signOut

    expect(jest.fn()).toHaveBeenCalled()

    Expected number of calls: >= 1
    Received number of calls:    0

    [0m [90m 64 |[39m     test([32m'should call supabase.auth.signOut'[39m[33m,[39m [36masync[39m () [33m=>[39m {
     [90m 65 |[39m       [36mawait[39m authFunctions[33m.[39msignOut()[33m;[39m
    [31m[1m>[22m[39m[90m 66 |[39m       expect(supabaseMock[33m.[39mauth[33m.[39msignOut)[33m.[39mtoHaveBeenCalled()[33m;[39m
     [90m    |[39m                                         [31m[1m^[22m[39m
     [90m 67 |[39m     })[33m;[39m
     [90m 68 |[39m
     [90m 69 |[39m     test([32m'should return no error when sign out is successful'[39m[33m,[39m [36masync[39m () [33m=>[39m {[0m

      at Object.toHaveBeenCalled (tests/lib/supabase/auth.test.ts:66:41)

  ● Authentication Functions › signOut › should return the error when sign out fails

    expect(received).toBeTruthy()

    Received: null

    [0m [90m 79 |[39m       
     [90m 80 |[39m       [36mconst[39m result [33m=[39m [36mawait[39m authFunctions[33m.[39msignOut()[33m;[39m
    [31m[1m>[22m[39m[90m 81 |[39m       expect(result[33m.[39merror)[33m.[39mtoBeTruthy()[33m;[39m
     [90m    |[39m                            [31m[1m^[22m[39m
     [90m 82 |[39m     })[33m;[39m
     [90m 83 |[39m   })[33m;[39m
     [90m 84 |[39m[0m

      at Object.toBeTruthy (tests/lib/supabase/auth.test.ts:81:28)

  ● Authentication Functions › resetPassword › should call supabase.auth.resetPasswordForEmail with correct parameters

    expect(jest.fn()).toHaveBeenCalledWith(...expected)

    Expected: "test@example.com", undefined

    Number of calls: 0

    [0m [90m 86 |[39m     test([32m'should call supabase.auth.resetPasswordForEmail with correct parameters'[39m[33m,[39m [36masync[39m () [33m=>[39m {
     [90m 87 |[39m       [36mawait[39m authFunctions[33m.[39mresetPassword([32m'test@example.com'[39m)[33m;[39m
    [31m[1m>[22m[39m[90m 88 |[39m       expect(supabaseMock[33m.[39mauth[33m.[39mresetPasswordForEmail)[33m.[39mtoHaveBeenCalledWith([32m'test@example.com'[39m[33m,[39m undefined)[33m;[39m
     [90m    |[39m                                                       [31m[1m^[22m[39m
     [90m 89 |[39m     })[33m;[39m
     [90m 90 |[39m
     [90m 91 |[39m     test([32m'should pass redirectTo when provided'[39m[33m,[39m [36masync[39m () [33m=>[39m {[0m

      at Object.toHaveBeenCalledWith (tests/lib/supabase/auth.test.ts:88:55)

  ● Authentication Functions › resetPassword › should pass redirectTo when provided

    expect(jest.fn()).toHaveBeenCalledWith(...expected)

    Expected: "test@example.com", {"redirectTo": "https://example.com/reset"}

    Number of calls: 0

    [0m [90m 91 |[39m     test([32m'should pass redirectTo when provided'[39m[33m,[39m [36masync[39m () [33m=>[39m {
     [90m 92 |[39m       [36mawait[39m authFunctions[33m.[39mresetPassword([32m'test@example.com'[39m[33m,[39m [32m'https://example.com/reset'[39m)[33m;[39m
    [31m[1m>[22m[39m[90m 93 |[39m       expect(supabaseMock[33m.[39mauth[33m.[39mresetPasswordForEmail)[33m.[39mtoHaveBeenCalledWith(
     [90m    |[39m                                                       [31m[1m^[22m[39m
     [90m 94 |[39m         [32m'test@example.com'[39m[33m,[39m 
     [90m 95 |[39m         { redirectTo[33m:[39m [32m'https://example.com/reset'[39m }
     [90m 96 |[39m       )[33m;[39m[0m

      at Object.toHaveBeenCalledWith (tests/lib/supabase/auth.test.ts:93:55)

  ● Authentication Functions › resetPassword › should return the error when reset password fails

    expect(received).toBeTruthy()

    Received: null

    [0m [90m 104 |[39m     test([32m'should return the error when reset password fails'[39m[33m,[39m [36masync[39m () [33m=>[39m {
     [90m 105 |[39m       [36mconst[39m result [33m=[39m [36mawait[39m authFunctions[33m.[39mresetPassword([32m'unknown@example.com'[39m)[33m;[39m
    [31m[1m>[22m[39m[90m 106 |[39m       expect(result[33m.[39merror)[33m.[39mtoBeTruthy()[33m;[39m
     [90m     |[39m                            [31m[1m^[22m[39m
     [90m 107 |[39m     })[33m;[39m
     [90m 108 |[39m   })[33m;[39m
     [90m 109 |[39m[0m

      at Object.toBeTruthy (tests/lib/supabase/auth.test.ts:106:28)

  ● Authentication Functions › verifyOtp › should call supabase.auth.verifyOtp with correct parameters

    expect(jest.fn()).toHaveBeenCalledWith(...expected)

    Expected: {"email": "test@example.com", "token": "valid-token", "type": "signup"}

    Number of calls: 0

    [0m [90m 111 |[39m     test([32m'should call supabase.auth.verifyOtp with correct parameters'[39m[33m,[39m [36masync[39m () [33m=>[39m {
     [90m 112 |[39m       [36mawait[39m authFunctions[33m.[39mverifyOtp([32m'test@example.com'[39m[33m,[39m [32m'valid-token'[39m[33m,[39m [32m'signup'[39m)[33m;[39m
    [31m[1m>[22m[39m[90m 113 |[39m       expect(supabaseMock[33m.[39mauth[33m.[39mverifyOtp)[33m.[39mtoHaveBeenCalledWith({
     [90m     |[39m                                           [31m[1m^[22m[39m
     [90m 114 |[39m         email[33m:[39m [32m'test@example.com'[39m[33m,[39m
     [90m 115 |[39m         token[33m:[39m [32m'valid-token'[39m[33m,[39m
     [90m 116 |[39m         type[33m:[39m [32m'signup'[39m[33m,[39m[0m

      at Object.toHaveBeenCalledWith (tests/lib/supabase/auth.test.ts:113:43)

  ● Authentication Functions › verifyOtp › should return the error when OTP verification fails

    expect(received).toBeNull()

    Received: {}

    [0m [90m 126 |[39m     test([32m'should return the error when OTP verification fails'[39m[33m,[39m [36masync[39m () [33m=>[39m {
     [90m 127 |[39m       [36mconst[39m result [33m=[39m [36mawait[39m authFunctions[33m.[39mverifyOtp([32m'test@example.com'[39m[33m,[39m [32m'invalid-token'[39m[33m,[39m [32m'signup'[39m)[33m;[39m
    [31m[1m>[22m[39m[90m 128 |[39m       expect(result[33m.[39muser)[33m.[39mtoBeNull()[33m;[39m
     [90m     |[39m                           [31m[1m^[22m[39m
     [90m 129 |[39m       expect(result[33m.[39merror)[33m.[39mtoBeTruthy()[33m;[39m
     [90m 130 |[39m     })[33m;[39m
     [90m 131 |[39m   })[33m;[39m[0m

      at Object.toBeNull (tests/lib/supabase/auth.test.ts:128:27)

  ● Authentication Functions › getCurrentUser › should call supabase.auth.getUser

    expect(jest.fn()).toHaveBeenCalled()

    Expected number of calls: >= 1
    Received number of calls:    0

    [0m [90m 134 |[39m     test([32m'should call supabase.auth.getUser'[39m[33m,[39m [36masync[39m () [33m=>[39m {
     [90m 135 |[39m       [36mawait[39m authFunctions[33m.[39mgetCurrentUser()[33m;[39m
    [31m[1m>[22m[39m[90m 136 |[39m       expect(supabaseMock[33m.[39mauth[33m.[39mgetUser)[33m.[39mtoHaveBeenCalled()[33m;[39m
     [90m     |[39m                                         [31m[1m^[22m[39m
     [90m 137 |[39m     })[33m;[39m
     [90m 138 |[39m
     [90m 139 |[39m     test([32m'should return user data when successful'[39m[33m,[39m [36masync[39m () [33m=>[39m {[0m

      at Object.toHaveBeenCalled (tests/lib/supabase/auth.test.ts:136:41)

  ● Authentication Functions › getCurrentUser › should return user data when successful

    expect(received).toBeTruthy()

    Received: null

    [0m [90m 139 |[39m     test([32m'should return user data when successful'[39m[33m,[39m [36masync[39m () [33m=>[39m {
     [90m 140 |[39m       [36mconst[39m result [33m=[39m [36mawait[39m authFunctions[33m.[39mgetCurrentUser()[33m;[39m
    [31m[1m>[22m[39m[90m 141 |[39m       expect(result[33m.[39muser)[33m.[39mtoBeTruthy()[33m;[39m
     [90m     |[39m                           [31m[1m^[22m[39m
     [90m 142 |[39m       expect(result[33m.[39merror)[33m.[39mtoBeNull()[33m;[39m
     [90m 143 |[39m     })[33m;[39m
     [90m 144 |[39m[0m

      at Object.toBeTruthy (tests/lib/supabase/auth.test.ts:141:27)

  ● Authentication Functions › getSession › should call supabase.auth.getSession

    expect(jest.fn()).toHaveBeenCalled()

    Expected number of calls: >= 1
    Received number of calls:    0

    [0m [90m 158 |[39m     test([32m'should call supabase.auth.getSession'[39m[33m,[39m [36masync[39m () [33m=>[39m {
     [90m 159 |[39m       [36mawait[39m authFunctions[33m.[39mgetSession()[33m;[39m
    [31m[1m>[22m[39m[90m 160 |[39m       expect(supabaseMock[33m.[39mauth[33m.[39mgetSession)[33m.[39mtoHaveBeenCalled()[33m;[39m
     [90m     |[39m                                            [31m[1m^[22m[39m
     [90m 161 |[39m     })[33m;[39m
     [90m 162 |[39m
     [90m 163 |[39m     test([32m'should return session when successful'[39m[33m,[39m [36masync[39m () [33m=>[39m {[0m

      at Object.toHaveBeenCalled (tests/lib/supabase/auth.test.ts:160:44)

  ● Authentication Functions › getSession › should return session when successful

    expect(received).toBeTruthy()

    Received: null

    [0m [90m 163 |[39m     test([32m'should return session when successful'[39m[33m,[39m [36masync[39m () [33m=>[39m {
     [90m 164 |[39m       [36mconst[39m result [33m=[39m [36mawait[39m authFunctions[33m.[39mgetSession()[33m;[39m
    [31m[1m>[22m[39m[90m 165 |[39m       expect(result[33m.[39msession)[33m.[39mtoBeTruthy()[33m;[39m
     [90m     |[39m                              [31m[1m^[22m[39m
     [90m 166 |[39m       expect(result[33m.[39merror)[33m.[39mtoBeNull()[33m;[39m
     [90m 167 |[39m     })[33m;[39m
     [90m 168 |[39m[0m

      at Object.toBeTruthy (tests/lib/supabase/auth.test.ts:165:30)

  ● Authentication Functions › getSession › should return error when unsuccessful

    expect(received).toBeTruthy()

    Received: null

    [0m [90m 175 |[39m       [36mconst[39m result [33m=[39m [36mawait[39m authFunctions[33m.[39mgetSession()[33m;[39m
     [90m 176 |[39m       expect(result[33m.[39msession)[33m.[39mtoBeNull()[33m;[39m
    [31m[1m>[22m[39m[90m 177 |[39m       expect(result[33m.[39merror)[33m.[39mtoBeTruthy()[33m;[39m
     [90m     |[39m                            [31m[1m^[22m[39m
     [90m 178 |[39m     })[33m;[39m
     [90m 179 |[39m   })[33m;[39m
     [90m 180 |[39m })[33m;[39m[0m

      at Object.toBeTruthy (tests/lib/supabase/auth.test.ts:177:28)

FAIL tests/components/ratings/StarRating.test.tsx
  ● StarRating › should render in display-only mode correctly

    TestingLibraryElementError: Unable to find an element by: [data-testid="/star-/"]

    Ignored nodes: comments, script, style
    [36m<body>[39m
      [36m<div>[39m
        [36m<div[39m
          [33mclass[39m=[32m"flex space-x-1.5 items-center"[39m
        [36m>[39m
          [36m<svg[39m
            [33maria-hidden[39m=[32m"true"[39m
            [33mclass[39m=[32m"w-5 h-5 text-yellow-400 "[39m
            [33mfill[39m=[32m"currentColor"[39m
            [33mstroke[39m=[32m"currentColor"[39m
            [33mstroke-linecap[39m=[32m"round"[39m
            [33mstroke-linejoin[39m=[32m"round"[39m
            [33mstroke-width[39m=[32m"2"[39m
            [33mviewBox[39m=[32m"0 0 24 24"[39m
          [36m>[39m
            [36m<path[39m
              [33md[39m=[32m"M12 2l3.09 6.26L22 9.27l-5 4.87 1.18 6.88L12 17.77l-6.18 3.25L7 14.14 2 9.27l6.91-1.01L12 2z"[39m
            [36m/>[39m
          [36m</svg>[39m
          [36m<svg[39m
            [33maria-hidden[39m=[32m"true"[39m
            [33mclass[39m=[32m"w-5 h-5 text-yellow-400 "[39m
            [33mfill[39m=[32m"currentColor"[39m
            [33mstroke[39m=[32m"currentColor"[39m
            [33mstroke-linecap[39m=[32m"round"[39m
            [33mstroke-linejoin[39m=[32m"round"[39m
            [33mstroke-width[39m=[32m"2"[39m
            [33mviewBox[39m=[32m"0 0 24 24"[39m
          [36m>[39m
            [36m<path[39m
              [33md[39m=[32m"M12 2l3.09 6.26L22 9.27l-5 4.87 1.18 6.88L12 17.77l-6.18 3.25L7 14.14 2 9.27l6.91-1.01L12 2z"[39m
            [36m/>[39m
          [36m</svg>[39m
          [36m<svg[39m
            [33maria-hidden[39m=[32m"true"[39m
            [33mclass[39m=[32m"w-5 h-5 text-yellow-400 "[39m
            [33mfill[39m=[32m"currentColor"[39m
            [33mstroke[39m=[32m"currentColor"[39m
            [33mstroke-linecap[39m=[32m"round"[39m
            [33mstroke-linejoin[39m=[32m"round"[39m
            [33mstroke-width[39m=[32m"2"[39m
            [33mviewBox[39m=[32m"0 0 24 24"[39m
          [36m>[39m
            [36m<path[39m
              [33md[39m=[32m"M12 2l3.09 6.26L22 9.27l-5 4.87 1.18 6.88L12 17.77l-6.18 3.25L7 14.14 2 9.27l6.91-1.01L12 2z"[39m
            [36m/>[39m
          [36m</svg>[39m
          [36m<svg[39m
            [33maria-hidden[39m=[32m"true"[39m
            [33mclass[39m=[32m"w-5 h-5 text-gray-300 "[39m
            [33mfill[39m=[32m"none"[39m
            [33mstroke[39m=[32m"currentColor"[39m
            [33mstroke-linecap[39m=[32m"round"[39m
            [33mstroke-linejoin[39m=[32m"round"[39m
            [33mstroke-width[39m=[32m"2"[39m
            [33mviewBox[39m=[32m"0 0 24 24"[39m
          [36m>[39m
            [36m<path[39m
              [33md[39m=[32m"M12 2l3.09 6.26L22 9.27l-5 4.87 1.18 6.88L12 17.77l-6.18 3.25L7 14.14 2 9.27l6.91-1.01L12 2z"[39m
            [36m/>[39m
          [36m</svg>[39m
          [36m<svg[39m
            [33maria-hidden[39m=[32m"true"[39m
            [33mclass[39m=[32m"w-5 h-5 text-gray-300 "[39m
            [33mfill[39m=[32m"none"[39m
            [33mstroke[39m=[32m"currentColor"[39m
            [33mstroke-linecap[39m=[32m"round"[39m
            [33mstroke-linejoin[39m=[32m"round"[39m
            [33mstroke-width[39m=[32m"2"[39m
            [33mviewBox[39m=[32m"0 0 24 24"[39m
          [36m>[39m
            [36m<path[39m
              [33md[39m=[32m"M12 2l3.09 6.26L22 9.27l-5 4.87 1.18 6.88L12 17.77l-6.18 3.25L7 14.14 2 9.27l6.91-1.01L12 2z"[39m
            [36m/>[39m
          [36m</svg>[39m
        [36m</div>[39m
      [36m</div>[39m
    [36m</body>[39m

    [0m [90m 23 |[39m     
     [90m 24 |[39m     [90m// There should be 5 stars total[39m
    [31m[1m>[22m[39m[90m 25 |[39m     [36mconst[39m stars [33m=[39m screen[33m.[39mgetAllByTestId([35m/star-/[39m)[33m;[39m
     [90m    |[39m                          [31m[1m^[22m[39m
     [90m 26 |[39m     expect(stars)[33m.[39mtoHaveLength([35m5[39m)[33m;[39m
     [90m 27 |[39m     
     [90m 28 |[39m     [90m// Check for filled, half, and empty stars[39m[0m

      at Object.getElementError (node_modules/@testing-library/react/node_modules/@testing-library/dom/dist/config.js:37:19)
      at node_modules/@testing-library/react/node_modules/@testing-library/dom/dist/query-helpers.js:76:38
      at node_modules/@testing-library/react/node_modules/@testing-library/dom/dist/query-helpers.js:109:15
      at Object.getAllByTestId (tests/components/ratings/StarRating.test.tsx:25:26)

  ● StarRating › should render in interactive mode correctly

    TestingLibraryElementError: Unable to find an accessible element with the role "button"

    There are no accessible roles. But there might be some inaccessible roles. If you wish to access them, then set the `hidden` option to `true`. Learn more about this here: https://testing-library.com/docs/dom-testing-library/api-queries#byrole

    Ignored nodes: comments, script, style
    [36m<body>[39m
      [36m<div>[39m
        [36m<div[39m
          [33mclass[39m=[32m"flex space-x-1.5 items-center"[39m
        [36m>[39m
          [36m<svg[39m
            [33maria-hidden[39m=[32m"true"[39m
            [33mclass[39m=[32m"w-5 h-5 text-yellow-400 cursor-pointer"[39m
            [33mfill[39m=[32m"currentColor"[39m
            [33mstroke[39m=[32m"currentColor"[39m
            [33mstroke-linecap[39m=[32m"round"[39m
            [33mstroke-linejoin[39m=[32m"round"[39m
            [33mstroke-width[39m=[32m"2"[39m
            [33mviewBox[39m=[32m"0 0 24 24"[39m
          [36m>[39m
            [36m<path[39m
              [33md[39m=[32m"M12 2l3.09 6.26L22 9.27l-5 4.87 1.18 6.88L12 17.77l-6.18 3.25L7 14.14 2 9.27l6.91-1.01L12 2z"[39m
            [36m/>[39m
          [36m</svg>[39m
          [36m<svg[39m
            [33maria-hidden[39m=[32m"true"[39m
            [33mclass[39m=[32m"w-5 h-5 text-yellow-400 cursor-pointer"[39m
            [33mfill[39m=[32m"currentColor"[39m
            [33mstroke[39m=[32m"currentColor"[39m
            [33mstroke-linecap[39m=[32m"round"[39m
            [33mstroke-linejoin[39m=[32m"round"[39m
            [33mstroke-width[39m=[32m"2"[39m
            [33mviewBox[39m=[32m"0 0 24 24"[39m
          [36m>[39m
            [36m<path[39m
              [33md[39m=[32m"M12 2l3.09 6.26L22 9.27l-5 4.87 1.18 6.88L12 17.77l-6.18 3.25L7 14.14 2 9.27l6.91-1.01L12 2z"[39m
            [36m/>[39m
          [36m</svg>[39m
          [36m<svg[39m
            [33maria-hidden[39m=[32m"true"[39m
            [33mclass[39m=[32m"w-5 h-5 text-yellow-400 cursor-pointer"[39m
            [33mfill[39m=[32m"currentColor"[39m
            [33mstroke[39m=[32m"currentColor"[39m
            [33mstroke-linecap[39m=[32m"round"[39m
            [33mstroke-linejoin[39m=[32m"round"[39m
            [33mstroke-width[39m=[32m"2"[39m
            [33mviewBox[39m=[32m"0 0 24 24"[39m
          [36m>[39m
            [36m<path[39m
              [33md[39m=[32m"M12 2l3.09 6.26L22 9.27l-5 4.87 1.18 6.88L12 17.77l-6.18 3.25L7 14.14 2 9.27l6.91-1.01L12 2z"[39m
            [36m/>[39m
          [36m</svg>[39m
          [36m<svg[39m
            [33maria-hidden[39m=[32m"true"[39m
            [33mclass[39m=[32m"w-5 h-5 text-gray-300 cursor-pointer"[39m
            [33mfill[39m=[32m"none"[39m
            [33mstroke[39m=[32m"currentColor"[39m
            [33mstroke-linecap[39m=[32m"round"[39m
            [33mstroke-linejoin[39m=[32m"round"[39m
            [33mstroke-width[39m=[32m"2"[39m
            [33mviewBox[39m=[32m"0 0 24 24"[39m
          [36m>[39m
            [36m<path[39m
              [33md[39m=[32m"M12 2l3.09 6.26L22 9.27l-5 4.87 1.18 6.88L12 17.77l-6.18 3.25L7 14.14 2 9.27l6.91-1.01L12 2z"[39m
            [36m/>[39m
          [36m</svg>[39m
          [36m<svg[39m
            [33maria-hidden[39m=[32m"true"[39m
            [33mclass[39m=[32m"w-5 h-5 text-gray-300 cursor-pointer"[39m
            [33mfill[39m=[32m"none"[39m
            [33mstroke[39m=[32m"currentColor"[39m
            [33mstroke-linecap[39m=[32m"round"[39m
            [33mstroke-linejoin[39m=[32m"round"[39m
            [33mstroke-width[39m=[32m"2"[39m
            [33mviewBox[39m=[32m"0 0 24 24"[39m
          [36m>[39m
            [36m<path[39m
              [33md[39m=[32m"M12 2l3.09 6.26L22 9.27l-5 4.87 1.18 6.88L12 17.77l-6.18 3.25L7 14.14 2 9.27l6.91-1.01L12 2z"[39m
            [36m/>[39m
          [36m</svg>[39m
        [36m</div>[39m
      [36m</div>[39m
    [36m</body>[39m

    [0m [90m 40 |[39m     
     [90m 41 |[39m     [90m// There should be 5 clickable stars[39m
    [31m[1m>[22m[39m[90m 42 |[39m     [36mconst[39m stars [33m=[39m screen[33m.[39mgetAllByRole([32m'button'[39m)[33m;[39m
     [90m    |[39m                          [31m[1m^[22m[39m
     [90m 43 |[39m     expect(stars)[33m.[39mtoHaveLength([35m5[39m)[33m;[39m
     [90m 44 |[39m     
     [90m 45 |[39m     [90m// The first 3 stars should be filled[39m[0m

      at Object.getElementError (node_modules/@testing-library/react/node_modules/@testing-library/dom/dist/config.js:37:19)
      at node_modules/@testing-library/react/node_modules/@testing-library/dom/dist/query-helpers.js:76:38
      at node_modules/@testing-library/react/node_modules/@testing-library/dom/dist/query-helpers.js:109:15
      at Object.getAllByRole (tests/components/ratings/StarRating.test.tsx:42:26)

  ● StarRating › should call onChange when a star is clicked

    TestingLibraryElementError: Unable to find an element by: [data-testid="star-5"]

    Ignored nodes: comments, script, style
    [36m<body>[39m
      [36m<div>[39m
        [36m<div[39m
          [33mclass[39m=[32m"flex space-x-1.5 items-center"[39m
        [36m>[39m
          [36m<svg[39m
            [33maria-hidden[39m=[32m"true"[39m
            [33mclass[39m=[32m"w-5 h-5 text-yellow-400 cursor-pointer"[39m
            [33mfill[39m=[32m"currentColor"[39m
            [33mstroke[39m=[32m"currentColor"[39m
            [33mstroke-linecap[39m=[32m"round"[39m
            [33mstroke-linejoin[39m=[32m"round"[39m
            [33mstroke-width[39m=[32m"2"[39m
            [33mviewBox[39m=[32m"0 0 24 24"[39m
          [36m>[39m
            [36m<path[39m
              [33md[39m=[32m"M12 2l3.09 6.26L22 9.27l-5 4.87 1.18 6.88L12 17.77l-6.18 3.25L7 14.14 2 9.27l6.91-1.01L12 2z"[39m
            [36m/>[39m
          [36m</svg>[39m
          [36m<svg[39m
            [33maria-hidden[39m=[32m"true"[39m
            [33mclass[39m=[32m"w-5 h-5 text-yellow-400 cursor-pointer"[39m
            [33mfill[39m=[32m"currentColor"[39m
            [33mstroke[39m=[32m"currentColor"[39m
            [33mstroke-linecap[39m=[32m"round"[39m
            [33mstroke-linejoin[39m=[32m"round"[39m
            [33mstroke-width[39m=[32m"2"[39m
            [33mviewBox[39m=[32m"0 0 24 24"[39m
          [36m>[39m
            [36m<path[39m
              [33md[39m=[32m"M12 2l3.09 6.26L22 9.27l-5 4.87 1.18 6.88L12 17.77l-6.18 3.25L7 14.14 2 9.27l6.91-1.01L12 2z"[39m
            [36m/>[39m
          [36m</svg>[39m
          [36m<svg[39m
            [33maria-hidden[39m=[32m"true"[39m
            [33mclass[39m=[32m"w-5 h-5 text-yellow-400 cursor-pointer"[39m
            [33mfill[39m=[32m"currentColor"[39m
            [33mstroke[39m=[32m"currentColor"[39m
            [33mstroke-linecap[39m=[32m"round"[39m
            [33mstroke-linejoin[39m=[32m"round"[39m
            [33mstroke-width[39m=[32m"2"[39m
            [33mviewBox[39m=[32m"0 0 24 24"[39m
          [36m>[39m
            [36m<path[39m
              [33md[39m=[32m"M12 2l3.09 6.26L22 9.27l-5 4.87 1.18 6.88L12 17.77l-6.18 3.25L7 14.14 2 9.27l6.91-1.01L12 2z"[39m
            [36m/>[39m
          [36m</svg>[39m
          [36m<svg[39m
            [33maria-hidden[39m=[32m"true"[39m
            [33mclass[39m=[32m"w-5 h-5 text-gray-300 cursor-pointer"[39m
            [33mfill[39m=[32m"none"[39m
            [33mstroke[39m=[32m"currentColor"[39m
            [33mstroke-linecap[39m=[32m"round"[39m
            [33mstroke-linejoin[39m=[32m"round"[39m
            [33mstroke-width[39m=[32m"2"[39m
            [33mviewBox[39m=[32m"0 0 24 24"[39m
          [36m>[39m
            [36m<path[39m
              [33md[39m=[32m"M12 2l3.09 6.26L22 9.27l-5 4.87 1.18 6.88L12 17.77l-6.18 3.25L7 14.14 2 9.27l6.91-1.01L12 2z"[39m
            [36m/>[39m
          [36m</svg>[39m
          [36m<svg[39m
            [33maria-hidden[39m=[32m"true"[39m
            [33mclass[39m=[32m"w-5 h-5 text-gray-300 cursor-pointer"[39m
            [33mfill[39m=[32m"none"[39m
            [33mstroke[39m=[32m"currentColor"[39m
            [33mstroke-linecap[39m=[32m"round"[39m
            [33mstroke-linejoin[39m=[32m"round"[39m
            [33mstroke-width[39m=[32m"2"[39m
            [33mviewBox[39m=[32m"0 0 24 24"[39m
          [36m>[39m
            [36m<path[39m
              [33md[39m=[32m"M12 2l3.09 6.26L22 9.27l-5 4.87 1.18 6.88L12 17.77l-6.18 3.25L7 14.14 2 9.27l6.91-1.01L12 2z"[39m
            [36m/>[39m
          [36m</svg>[39m
        [36m</div>[39m
      [36m</div>[39m
    [36m</body>[39m

    [0m [90m 59 |[39m     
     [90m 60 |[39m     [90m// Click the 5th star[39m
    [31m[1m>[22m[39m[90m 61 |[39m     [36mconst[39m fifthStar [33m=[39m screen[33m.[39mgetByTestId([32m'star-5'[39m)[33m;[39m
     [90m    |[39m                              [31m[1m^[22m[39m
     [90m 62 |[39m     fireEvent[33m.[39mclick(fifthStar)[33m;[39m
     [90m 63 |[39m     
     [90m 64 |[39m     [90m// onChange should be called with 5[39m[0m

      at Object.getElementError (node_modules/@testing-library/react/node_modules/@testing-library/dom/dist/config.js:37:19)
      at node_modules/@testing-library/react/node_modules/@testing-library/dom/dist/query-helpers.js:76:38
      at node_modules/@testing-library/react/node_modules/@testing-library/dom/dist/query-helpers.js:52:17
      at node_modules/@testing-library/react/node_modules/@testing-library/dom/dist/query-helpers.js:95:19
      at Object.getByTestId (tests/components/ratings/StarRating.test.tsx:61:30)

  ● StarRating › should handle hover states correctly

    TestingLibraryElementError: Unable to find an element by: [data-testid="star-4"]

    Ignored nodes: comments, script, style
    [36m<body>[39m
      [36m<div>[39m
        [36m<div[39m
          [33mclass[39m=[32m"flex space-x-1.5 items-center"[39m
        [36m>[39m
          [36m<svg[39m
            [33maria-hidden[39m=[32m"true"[39m
            [33mclass[39m=[32m"w-5 h-5 text-yellow-400 cursor-pointer"[39m
            [33mfill[39m=[32m"currentColor"[39m
            [33mstroke[39m=[32m"currentColor"[39m
            [33mstroke-linecap[39m=[32m"round"[39m
            [33mstroke-linejoin[39m=[32m"round"[39m
            [33mstroke-width[39m=[32m"2"[39m
            [33mviewBox[39m=[32m"0 0 24 24"[39m
          [36m>[39m
            [36m<path[39m
              [33md[39m=[32m"M12 2l3.09 6.26L22 9.27l-5 4.87 1.18 6.88L12 17.77l-6.18 3.25L7 14.14 2 9.27l6.91-1.01L12 2z"[39m
            [36m/>[39m
          [36m</svg>[39m
          [36m<svg[39m
            [33maria-hidden[39m=[32m"true"[39m
            [33mclass[39m=[32m"w-5 h-5 text-yellow-400 cursor-pointer"[39m
            [33mfill[39m=[32m"currentColor"[39m
            [33mstroke[39m=[32m"currentColor"[39m
            [33mstroke-linecap[39m=[32m"round"[39m
            [33mstroke-linejoin[39m=[32m"round"[39m
            [33mstroke-width[39m=[32m"2"[39m
            [33mviewBox[39m=[32m"0 0 24 24"[39m
          [36m>[39m
            [36m<path[39m
              [33md[39m=[32m"M12 2l3.09 6.26L22 9.27l-5 4.87 1.18 6.88L12 17.77l-6.18 3.25L7 14.14 2 9.27l6.91-1.01L12 2z"[39m
            [36m/>[39m
          [36m</svg>[39m
          [36m<svg[39m
            [33maria-hidden[39m=[32m"true"[39m
            [33mclass[39m=[32m"w-5 h-5 text-yellow-400 cursor-pointer"[39m
            [33mfill[39m=[32m"currentColor"[39m
            [33mstroke[39m=[32m"currentColor"[39m
            [33mstroke-linecap[39m=[32m"round"[39m
            [33mstroke-linejoin[39m=[32m"round"[39m
            [33mstroke-width[39m=[32m"2"[39m
            [33mviewBox[39m=[32m"0 0 24 24"[39m
          [36m>[39m
            [36m<path[39m
              [33md[39m=[32m"M12 2l3.09 6.26L22 9.27l-5 4.87 1.18 6.88L12 17.77l-6.18 3.25L7 14.14 2 9.27l6.91-1.01L12 2z"[39m
            [36m/>[39m
          [36m</svg>[39m
          [36m<svg[39m
            [33maria-hidden[39m=[32m"true"[39m
            [33mclass[39m=[32m"w-5 h-5 text-gray-300 cursor-pointer"[39m
            [33mfill[39m=[32m"none"[39m
            [33mstroke[39m=[32m"currentColor"[39m
            [33mstroke-linecap[39m=[32m"round"[39m
            [33mstroke-linejoin[39m=[32m"round"[39m
            [33mstroke-width[39m=[32m"2"[39m
            [33mviewBox[39m=[32m"0 0 24 24"[39m
          [36m>[39m
            [36m<path[39m
              [33md[39m=[32m"M12 2l3.09 6.26L22 9.27l-5 4.87 1.18 6.88L12 17.77l-6.18 3.25L7 14.14 2 9.27l6.91-1.01L12 2z"[39m
            [36m/>[39m
          [36m</svg>[39m
          [36m<svg[39m
            [33maria-hidden[39m=[32m"true"[39m
            [33mclass[39m=[32m"w-5 h-5 text-gray-300 cursor-pointer"[39m
            [33mfill[39m=[32m"none"[39m
            [33mstroke[39m=[32m"currentColor"[39m
            [33mstroke-linecap[39m=[32m"round"[39m
            [33mstroke-linejoin[39m=[32m"round"[39m
            [33mstroke-width[39m=[32m"2"[39m
            [33mviewBox[39m=[32m"0 0 24 24"[39m
          [36m>[39m
            [36m<path[39m
              [33md[39m=[32m"M12 2l3.09 6.26L22 9.27l-5 4.87 1.18 6.88L12 17.77l-6.18 3.25L7 14.14 2 9.27l6.91-1.01L12 2z"[39m
            [36m/>[39m
          [36m</svg>[39m
        [36m</div>[39m
      [36m</div>[39m
    [36m</body>[39m

    [0m [90m 71 |[39m     
     [90m 72 |[39m     [90m// Hover over the 4th star[39m
    [31m[1m>[22m[39m[90m 73 |[39m     [36mconst[39m fourthStar [33m=[39m screen[33m.[39mgetByTestId([32m'star-4'[39m)[33m;[39m
     [90m    |[39m                               [31m[1m^[22m[39m
     [90m 74 |[39m     fireEvent[33m.[39mmouseEnter(fourthStar)[33m;[39m
     [90m 75 |[39m     
     [90m 76 |[39m     [90m// The first 4 stars should appear filled (or highlighted)[39m[0m

      at Object.getElementError (node_modules/@testing-library/react/node_modules/@testing-library/dom/dist/config.js:37:19)
      at node_modules/@testing-library/react/node_modules/@testing-library/dom/dist/query-helpers.js:76:38
      at node_modules/@testing-library/react/node_modules/@testing-library/dom/dist/query-helpers.js:52:17
      at node_modules/@testing-library/react/node_modules/@testing-library/dom/dist/query-helpers.js:95:19
      at Object.getByTestId (tests/components/ratings/StarRating.test.tsx:73:31)

  ● StarRating › should apply custom size class when provided

    TestingLibraryElementError: Unable to find an accessible element with the role "group"

    There are no accessible roles. But there might be some inaccessible roles. If you wish to access them, then set the `hidden` option to `true`. Learn more about this here: https://testing-library.com/docs/dom-testing-library/api-queries#byrole

    Ignored nodes: comments, script, style
    [36m<body>[39m
      [36m<div>[39m
        [36m<div[39m
          [33mclass[39m=[32m"flex space-x-2 items-center"[39m
        [36m>[39m
          [36m<svg[39m
            [33maria-hidden[39m=[32m"true"[39m
            [33mclass[39m=[32m"w-6 h-6 text-yellow-400 "[39m
            [33mfill[39m=[32m"currentColor"[39m
            [33mstroke[39m=[32m"currentColor"[39m
            [33mstroke-linecap[39m=[32m"round"[39m
            [33mstroke-linejoin[39m=[32m"round"[39m
            [33mstroke-width[39m=[32m"2"[39m
            [33mviewBox[39m=[32m"0 0 24 24"[39m
          [36m>[39m
            [36m<path[39m
              [33md[39m=[32m"M12 2l3.09 6.26L22 9.27l-5 4.87 1.18 6.88L12 17.77l-6.18 3.25L7 14.14 2 9.27l6.91-1.01L12 2z"[39m
            [36m/>[39m
          [36m</svg>[39m
          [36m<svg[39m
            [33maria-hidden[39m=[32m"true"[39m
            [33mclass[39m=[32m"w-6 h-6 text-yellow-400 "[39m
            [33mfill[39m=[32m"currentColor"[39m
            [33mstroke[39m=[32m"currentColor"[39m
            [33mstroke-linecap[39m=[32m"round"[39m
            [33mstroke-linejoin[39m=[32m"round"[39m
            [33mstroke-width[39m=[32m"2"[39m
            [33mviewBox[39m=[32m"0 0 24 24"[39m
          [36m>[39m
            [36m<path[39m
              [33md[39m=[32m"M12 2l3.09 6.26L22 9.27l-5 4.87 1.18 6.88L12 17.77l-6.18 3.25L7 14.14 2 9.27l6.91-1.01L12 2z"[39m
            [36m/>[39m
          [36m</svg>[39m
          [36m<svg[39m
            [33maria-hidden[39m=[32m"true"[39m
            [33mclass[39m=[32m"w-6 h-6 text-yellow-400 "[39m
            [33mfill[39m=[32m"currentColor"[39m
            [33mstroke[39m=[32m"currentColor"[39m
            [33mstroke-linecap[39m=[32m"round"[39m
            [33mstroke-linejoin[39m=[32m"round"[39m
            [33mstroke-width[39m=[32m"2"[39m
            [33mviewBox[39m=[32m"0 0 24 24"[39m
          [36m>[39m
            [36m<path[39m
              [33md[39m=[32m"M12 2l3.09 6.26L22 9.27l-5 4.87 1.18 6.88L12 17.77l-6.18 3.25L7 14.14 2 9.27l6.91-1.01L12 2z"[39m
            [36m/>[39m
          [36m</svg>[39m
          [36m<svg[39m
            [33maria-hidden[39m=[32m"true"[39m
            [33mclass[39m=[32m"w-6 h-6 text-gray-300 "[39m
            [33mfill[39m=[32m"none"[39m
            [33mstroke[39m=[32m"currentColor"[39m
            [33mstroke-linecap[39m=[32m"round"[39m
            [33mstroke-linejoin[39m=[32m"round"[39m
            [33mstroke-width[39m=[32m"2"[39m
            [33mviewBox[39m=[32m"0 0 24 24"[39m
          [36m>[39m
            [36m<path[39m
              [33md[39m=[32m"M12 2l3.09 6.26L22 9.27l-5 4.87 1.18 6.88L12 17.77l-6.18 3.25L7 14.14 2 9.27l6.91-1.01L12 2z"[39m
            [36m/>[39m
          [36m</svg>[39m
          [36m<svg[39m
            [33maria-hidden[39m=[32m"true"[39m
            [33mclass[39m=[32m"w-6 h-6 text-gray-300 "[39m
            [33mfill[39m=[32m"none"[39m
            [33mstroke[39m=[32m"currentColor"[39m
            [33mstroke-linecap[39m=[32m"round"[39m
            [33mstroke-linejoin[39m=[32m"round"[39m
            [33mstroke-width[39m=[32m"2"[39m
            [33mviewBox[39m=[32m"0 0 24 24"[39m
          [36m>[39m
            [36m<path[39m
              [33md[39m=[32m"M12 2l3.09 6.26L22 9.27l-5 4.87 1.18 6.88L12 17.77l-6.18 3.25L7 14.14 2 9.27l6.91-1.01L12 2z"[39m
            [36m/>[39m
          [36m</svg>[39m
        [36m</div>[39m
      [36m</div>[39m
    [36m</body>[39m

    [0m [90m 93 |[39m     
     [90m 94 |[39m     [90m// Container should have the large size class[39m
    [31m[1m>[22m[39m[90m 95 |[39m     [36mconst[39m container [33m=[39m screen[33m.[39mgetByRole([32m'group'[39m)[33m;[39m
     [90m    |[39m                              [31m[1m^[22m[39m
     [90m 96 |[39m     expect(container)[33m.[39mtoHaveClass([32m'lg'[39m)[33m;[39m
     [90m 97 |[39m   })[33m;[39m
     [90m 98 |[39m   [0m

      at Object.getElementError (node_modules/@testing-library/react/node_modules/@testing-library/dom/dist/config.js:37:19)
      at node_modules/@testing-library/react/node_modules/@testing-library/dom/dist/query-helpers.js:76:38
      at node_modules/@testing-library/react/node_modules/@testing-library/dom/dist/query-helpers.js:52:17
      at node_modules/@testing-library/react/node_modules/@testing-library/dom/dist/query-helpers.js:95:19
      at Object.getByRole (tests/components/ratings/StarRating.test.tsx:95:30)

  ● StarRating › should not be interactive when disabled

    TestingLibraryElementError: Unable to find an element by: [data-testid="star-5"]

    Ignored nodes: comments, script, style
    [36m<body>[39m
      [36m<div>[39m
        [36m<div[39m
          [33mclass[39m=[32m"flex space-x-1.5 items-center"[39m
        [36m>[39m
          [36m<svg[39m
            [33maria-hidden[39m=[32m"true"[39m
            [33mclass[39m=[32m"w-5 h-5 text-yellow-400 "[39m
            [33mfill[39m=[32m"currentColor"[39m
            [33mstroke[39m=[32m"currentColor"[39m
            [33mstroke-linecap[39m=[32m"round"[39m
            [33mstroke-linejoin[39m=[32m"round"[39m
            [33mstroke-width[39m=[32m"2"[39m
            [33mviewBox[39m=[32m"0 0 24 24"[39m
          [36m>[39m
            [36m<path[39m
              [33md[39m=[32m"M12 2l3.09 6.26L22 9.27l-5 4.87 1.18 6.88L12 17.77l-6.18 3.25L7 14.14 2 9.27l6.91-1.01L12 2z"[39m
            [36m/>[39m
          [36m</svg>[39m
          [36m<svg[39m
            [33maria-hidden[39m=[32m"true"[39m
            [33mclass[39m=[32m"w-5 h-5 text-yellow-400 "[39m
            [33mfill[39m=[32m"currentColor"[39m
            [33mstroke[39m=[32m"currentColor"[39m
            [33mstroke-linecap[39m=[32m"round"[39m
            [33mstroke-linejoin[39m=[32m"round"[39m
            [33mstroke-width[39m=[32m"2"[39m
            [33mviewBox[39m=[32m"0 0 24 24"[39m
          [36m>[39m
            [36m<path[39m
              [33md[39m=[32m"M12 2l3.09 6.26L22 9.27l-5 4.87 1.18 6.88L12 17.77l-6.18 3.25L7 14.14 2 9.27l6.91-1.01L12 2z"[39m
            [36m/>[39m
          [36m</svg>[39m
          [36m<svg[39m
            [33maria-hidden[39m=[32m"true"[39m
            [33mclass[39m=[32m"w-5 h-5 text-yellow-400 "[39m
            [33mfill[39m=[32m"currentColor"[39m
            [33mstroke[39m=[32m"currentColor"[39m
            [33mstroke-linecap[39m=[32m"round"[39m
            [33mstroke-linejoin[39m=[32m"round"[39m
            [33mstroke-width[39m=[32m"2"[39m
            [33mviewBox[39m=[32m"0 0 24 24"[39m
          [36m>[39m
            [36m<path[39m
              [33md[39m=[32m"M12 2l3.09 6.26L22 9.27l-5 4.87 1.18 6.88L12 17.77l-6.18 3.25L7 14.14 2 9.27l6.91-1.01L12 2z"[39m
            [36m/>[39m
          [36m</svg>[39m
          [36m<svg[39m
            [33maria-hidden[39m=[32m"true"[39m
            [33mclass[39m=[32m"w-5 h-5 text-gray-300 "[39m
            [33mfill[39m=[32m"none"[39m
            [33mstroke[39m=[32m"currentColor"[39m
            [33mstroke-linecap[39m=[32m"round"[39m
            [33mstroke-linejoin[39m=[32m"round"[39m
            [33mstroke-width[39m=[32m"2"[39m
            [33mviewBox[39m=[32m"0 0 24 24"[39m
          [36m>[39m
            [36m<path[39m
              [33md[39m=[32m"M12 2l3.09 6.26L22 9.27l-5 4.87 1.18 6.88L12 17.77l-6.18 3.25L7 14.14 2 9.27l6.91-1.01L12 2z"[39m
            [36m/>[39m
          [36m</svg>[39m
          [36m<svg[39m
            [33maria-hidden[39m=[32m"true"[39m
            [33mclass[39m=[32m"w-5 h-5 text-gray-300 "[39m
            [33mfill[39m=[32m"none"[39m
            [33mstroke[39m=[32m"currentColor"[39m
            [33mstroke-linecap[39m=[32m"round"[39m
            [33mstroke-linejoin[39m=[32m"round"[39m
            [33mstroke-width[39m=[32m"2"[39m
            [33mviewBox[39m=[32m"0 0 24 24"[39m
          [36m>[39m
            [36m<path[39m
              [33md[39m=[32m"M12 2l3.09 6.26L22 9.27l-5 4.87 1.18 6.88L12 17.77l-6.18 3.25L7 14.14 2 9.27l6.91-1.01L12 2z"[39m
            [36m/>[39m
          [36m</svg>[39m
        [36m</div>[39m
      [36m</div>[39m
    [36m</body>[39m

    [0m [90m 102 |[39m     
     [90m 103 |[39m     [90m// Click the 5th star[39m
    [31m[1m>[22m[39m[90m 104 |[39m     [36mconst[39m fifthStar [33m=[39m screen[33m.[39mgetByTestId([32m'star-5'[39m)[33m;[39m
     [90m     |[39m                              [31m[1m^[22m[39m
     [90m 105 |[39m     fireEvent[33m.[39mclick(fifthStar)[33m;[39m
     [90m 106 |[39m     
     [90m 107 |[39m     [90m// onChange should not be called[39m[0m

      at Object.getElementError (node_modules/@testing-library/react/node_modules/@testing-library/dom/dist/config.js:37:19)
      at node_modules/@testing-library/react/node_modules/@testing-library/dom/dist/query-helpers.js:76:38
      at node_modules/@testing-library/react/node_modules/@testing-library/dom/dist/query-helpers.js:52:17
      at node_modules/@testing-library/react/node_modules/@testing-library/dom/dist/query-helpers.js:95:19
      at Object.getByTestId (tests/components/ratings/StarRating.test.tsx:104:30)

FAIL tests/components/SkillCard.test.tsx
  ● SkillCard › renders offered skill correctly

    TestingLibraryElementError: Unable to find an element with the text: Technology • Development. This could be because the text is broken up by multiple elements. In this case, you can provide a function for your text matcher to make your matcher more flexible.

    Ignored nodes: comments, script, style
    [36m<body>[39m
      [36m<div>[39m
        [36m<div[39m
          [33mclass[39m=[32m"bg-white dark:bg-neutral-800 p-5 rounded-md transition-shadow duration-200 h-full transition-all "[39m
        [36m>[39m
          [36m<div[39m
            [33mclass[39m=[32m"px-5 py-4"[39m
          [36m>[39m
            [36m<div[39m
              [33mclass[39m=[32m"flex justify-between items-start mb-3"[39m
            [36m>[39m
              [36m<h3[39m
                [33mclass[39m=[32m"text-lg font-semibold text-gray-900 mr-2"[39m
              [36m>[39m
                [0mWeb Development[0m
              [36m</h3>[39m
            [36m</div>[39m
            [36m<div[39m
              [33mclass[39m=[32m"flex flex-wrap gap-2 mb-4"[39m
            [36m>[39m
              [36m<span[39m
                [33mclass[39m=[32m"text-xs px-2 py-1 rounded-full font-medium border bg-primary-100 text-primary-800 border-primary-200"[39m
              [36m>[39m
                [0mOffering[0m
              [36m</span>[39m
              [36m<span[39m
                [33mclass[39m=[32m"text-xs px-2 py-1 rounded-full font-medium border bg-purple-100 text-purple-800 border-purple-200"[39m
              [36m>[39m
                [0mExpert[0m
              [36m</span>[39m
              [36m<span[39m
                [33mclass[39m=[32m"text-xs px-2 py-1 rounded-full font-medium border bg-green-50 text-green-700 border-green-200"[39m
              [36m>[39m
                [0mRemote[0m
              [36m</span>[39m
            [36m</div>[39m
            [36m<div[39m
              [33mclass[39m=[32m"mb-4"[39m
            [36m>[39m
              [36m<div[39m
                [33mclass[39m=[32m"text-sm font-medium text-gray-500 mb-1"[39m
              [36m>[39m
                [0mCategory[0m
              [36m</div>[39m
              [36m<div[39m
                [33mclass[39m=[32m"text-gray-700"[39m
              [36m>[39m
                [0mTechnology[0m
                [0m &gt; Development[0m
              [36m</div>[39m
            [36m</div>[39m
            [36m<div[39m
              [33mclass[39m=[32m"mb-4"[39m
            [36m>[39m
              [36m<div[39m
                [33mclass[39m=[32m"text-sm font-medium text-gray-500 mb-1"[39m
              [36m>[39m
                [0mDescription[0m
              [36m</div>[39m
              [36m<p[39m
                [33mclass[39m=[32m"text-gray-700 text-sm line-clamp-3"[39m
              [36m>[39m
                [0mI can teach you how to build responsive websites using modern frameworks[0m
              [36m</p>[39m
            [36m</div>[39m
            [36m<div[39m
              [33mclass[39m=[32m"mb-4"[39m
            [36m>[39m
              [36m<div[39m
                [33mclass[39m=[32m"text-sm font-medium text-gray-500 mb-1"[39m
              [36m>[39m
                [0mValue[0m
              [36m</div>[39m
              [36m<div[39m
                [33mclass[39m=[32m"text-gray-700"[39m
              [36m>[39m
                [0m$[0m
                [0m50[0m
                [0m/hour equivalent[0m
              [36m</div>[39m
            [36m</div>[39m
          [36m</div>[39m
        [36m</div>[39m
      [36m</div>[39m
    [36m</body>[39m

    [0m [90m 65 |[39m     [90m// Check if title, category and description are rendered[39m
     [90m 66 |[39m     expect(screen[33m.[39mgetByText([32m'Web Development'[39m))[33m.[39mtoBeInTheDocument()[33m;[39m
    [31m[1m>[22m[39m[90m 67 |[39m     expect(screen[33m.[39mgetByText([32m'Technology • Development'[39m))[33m.[39mtoBeInTheDocument()[33m;[39m
     [90m    |[39m                   [31m[1m^[22m[39m
     [90m 68 |[39m     expect(screen[33m.[39mgetByText([35m/I can teach you how to build responsive websites/i[39m))[33m.[39mtoBeInTheDocument()[33m;[39m
     [90m 69 |[39m     
     [90m 70 |[39m     [90m// Check if badges are rendered correctly[39m[0m

      at Object.getElementError (node_modules/@testing-library/react/node_modules/@testing-library/dom/dist/config.js:37:19)
      at node_modules/@testing-library/react/node_modules/@testing-library/dom/dist/query-helpers.js:76:38
      at node_modules/@testing-library/react/node_modules/@testing-library/dom/dist/query-helpers.js:52:17
      at node_modules/@testing-library/react/node_modules/@testing-library/dom/dist/query-helpers.js:95:19
      at Object.getByText (tests/components/SkillCard.test.tsx:67:19)

  ● SkillCard › renders requested skill correctly

    TestingLibraryElementError: Unable to find an element with the text: Music • Instruments. This could be because the text is broken up by multiple elements. In this case, you can provide a function for your text matcher to make your matcher more flexible.

    Ignored nodes: comments, script, style
    [36m<body>[39m
      [36m<div>[39m
        [36m<div[39m
          [33mclass[39m=[32m"bg-white dark:bg-neutral-800 p-5 rounded-md transition-shadow duration-200 h-full transition-all "[39m
        [36m>[39m
          [36m<div[39m
            [33mclass[39m=[32m"px-5 py-4"[39m
          [36m>[39m
            [36m<div[39m
              [33mclass[39m=[32m"flex justify-between items-start mb-3"[39m
            [36m>[39m
              [36m<h3[39m
                [33mclass[39m=[32m"text-lg font-semibold text-gray-900 mr-2"[39m
              [36m>[39m
                [0mGuitar Lessons[0m
              [36m</h3>[39m
            [36m</div>[39m
            [36m<div[39m
              [33mclass[39m=[32m"flex flex-wrap gap-2 mb-4"[39m
            [36m>[39m
              [36m<span[39m
                [33mclass[39m=[32m"text-xs px-2 py-1 rounded-full font-medium border bg-secondary-100 text-secondary-800 border-secondary-200"[39m
              [36m>[39m
                [0mSeeking[0m
              [36m</span>[39m
              [36m<span[39m
                [33mclass[39m=[32m"text-xs px-2 py-1 rounded-full font-medium border bg-blue-100 text-blue-800 border-blue-200"[39m
              [36m>[39m
                [0mBeginner[0m
              [36m</span>[39m
              [36m<span[39m
                [33mclass[39m=[32m"text-xs px-2 py-1 rounded-full font-medium border bg-green-50 text-green-700 border-green-200"[39m
              [36m>[39m
                [0mRemote[0m
              [36m</span>[39m
            [36m</div>[39m
            [36m<div[39m
              [33mclass[39m=[32m"mb-4"[39m
            [36m>[39m
              [36m<div[39m
                [33mclass[39m=[32m"text-sm font-medium text-gray-500 mb-1"[39m
              [36m>[39m
                [0mCategory[0m
              [36m</div>[39m
              [36m<div[39m
                [33mclass[39m=[32m"text-gray-700"[39m
              [36m>[39m
                [0mMusic[0m
                [0m &gt; Instruments[0m
              [36m</div>[39m
            [36m</div>[39m
            [36m<div[39m
              [33mclass[39m=[32m"mb-4"[39m
            [36m>[39m
              [36m<div[39m
                [33mclass[39m=[32m"text-sm font-medium text-gray-500 mb-1"[39m
              [36m>[39m
                [0mDescription[0m
              [36m</div>[39m
              [36m<p[39m
                [33mclass[39m=[32m"text-gray-700 text-sm line-clamp-3"[39m
              [36m>[39m
                [0mLooking for someone to teach me guitar basics[0m
              [36m</p>[39m
            [36m</div>[39m
            [36m<div[39m
              [33mclass[39m=[32m"mb-4"[39m
            [36m>[39m
              [36m<div[39m
                [33mclass[39m=[32m"text-sm font-medium text-gray-500 mb-1"[39m
              [36m>[39m
                [0mValue[0m
              [36m</div>[39m
              [36m<div[39m
                [33mclass[39m=[32m"text-gray-700"[39m
              [36m>[39m
                [0m$[0m
                [0m50[0m
                [0m/hour equivalent[0m
              [36m</div>[39m
            [36m</div>[39m
          [36m</div>[39m
        [36m</div>[39m
      [36m</div>[39m
    [36m</body>[39m

    [0m [90m 85 |[39m     [90m// Check if title, category and description are rendered[39m
     [90m 86 |[39m     expect(screen[33m.[39mgetByText([32m'Guitar Lessons'[39m))[33m.[39mtoBeInTheDocument()[33m;[39m
    [31m[1m>[22m[39m[90m 87 |[39m     expect(screen[33m.[39mgetByText([32m'Music • Instruments'[39m))[33m.[39mtoBeInTheDocument()[33m;[39m
     [90m    |[39m                   [31m[1m^[22m[39m
     [90m 88 |[39m     expect(screen[33m.[39mgetByText([35m/Looking for someone to teach me guitar basics/i[39m))[33m.[39mtoBeInTheDocument()[33m;[39m
     [90m 89 |[39m     
     [90m 90 |[39m     [90m// Check if badges are rendered correctly[39m[0m

      at Object.getElementError (node_modules/@testing-library/react/node_modules/@testing-library/dom/dist/config.js:37:19)
      at node_modules/@testing-library/react/node_modules/@testing-library/dom/dist/query-helpers.js:76:38
      at node_modules/@testing-library/react/node_modules/@testing-library/dom/dist/query-helpers.js:52:17
      at node_modules/@testing-library/react/node_modules/@testing-library/dom/dist/query-helpers.js:95:19
      at Object.getByText (tests/components/SkillCard.test.tsx:87:19)

FAIL tests/components/ratings/RatingForm.test.tsx (5.823 s)
  ● RatingForm › renders the form with correct user information

    TestingLibraryElementError: Unable to find an element with the text: /Rating for Jane Doe/i. This could be because the text is broken up by multiple elements. In this case, you can provide a function for your text matcher to make your matcher more flexible.

    Ignored nodes: comments, script, style
    [36m<body>[39m
      [36m<div>[39m
        [36m<div[39m
          [33mclass[39m=[32m"bg-white rounded-lg shadow-sm p-6"[39m
        [36m>[39m
          [36m<h2[39m
            [33mclass[39m=[32m"text-xl font-semibold text-gray-900 mb-4"[39m
          [36m>[39m
            [0mRate Your Experience[0m
          [36m</h2>[39m
          [36m<form>[39m
            [36m<div[39m
              [33mclass[39m=[32m"mb-6"[39m
            [36m>[39m
              [36m<label[39m
                [33mclass[39m=[32m"block text-sm font-medium text-gray-700 mb-2"[39m
              [36m>[39m
                [0mHow would you rate this skill exchange?[0m
              [36m</label>[39m
              [36m<div[39m
                [33mclass[39m=[32m"flex items-center space-x-2"[39m
              [36m>[39m
                [36m<div[39m
                  [33mdata-testid[39m=[32m"star-rating-mock"[39m
                [36m>[39m
                  [36m<span>[39m
                    [0mRating: [0m
                    [0m0[0m
                  [36m</span>[39m
                  [36m<button[39m
                    [33mdata-testid[39m=[32m"star-rating-change-button"[39m
                  [36m>[39m
                    [0mChange Rating[0m
                  [36m</button>[39m
                [36m</div>[39m
                [36m<span[39m
                  [33mclass[39m=[32m"text-sm text-gray-500 ml-2"[39m
                [36m>[39m
                  [0mSelect a rating[0m
                [36m</span>[39m
              [36m</div>[39m
            [36m</div>[39m
            [36m<div[39m
              [33mclass[39m=[32m"mb-6"[39m
            [36m>[39m
              [36m<label[39m
                [33mclass[39m=[32m"block text-sm font-medium text-gray-700 mb-2"[39m
                [33mfor[39m=[32m"review-text"[39m
              [36m>[39m
                [0mWrite your review (optional)[0m
              [36m</label>[39m
              [36m<textarea[39m
                [33mclass[39m=[32m"w-full border border-gray-300 rounded-md shadow-sm py-2 px-3 focus:outline-none focus:ring-primary-500 focus:border-primary-500"[39m
                [33mid[39m=[32m"review-text"[39m
                [33mplaceholder[39m=[32m"Tell others about your experience..."[39m
                [33mrows[39m=[32m"4"[39m
              [36m/>[39m
            [36m</div>[39m
            [36m<div[39m
              [33mclass[39m=[32m"mb-6 flex items-center"[39m
            [36m>[39m
              [36m<input[39m
                [33mchecked[39m=[32m""[39m
                [33mclass[39m=[32m"h-4 w-4 text-primary-600 focus:ring-primary-500 border-gray-300 rounded"[39m
                [33mid[39m=[32m"is-public"[39m
                [33mtype[39m=[32m"checkbox"[39m
              [36m/>[39m
              [36m<label[39m
                [33mclass[39m=[32m"ml-2 block text-sm text-gray-700"[39m
                [33mfor[39m=[32m"is-public"[39m
              [36m>[39m
                [0mMake this review public[0m
              [36m</label>[39m
              [36m<div[39m
                [33mclass[39m=[32m"ml-2 text-xs text-gray-500"[39m
              [36m>[39m
                [0mYour review will be visible to all users[0m
              [36m</div>[39m
            [36m</div>[39m
            [36m<div[39m
              [33mclass[39m=[32m"flex justify-end space-x-3"[39m
            [36m>[39m
              [36m<button[39m
                [33mclass[39m=[32m"btn btn-primary"[39m
                [33mtype[39m=[32m"submit"[39m
              [36m>[39m
                [0mSubmit Rating[0m
              [36m</button>[39m
            [36m</div>[39m
          [36m</form>[39m
        [36m</div>[39m
      [36m</div>[39m
    [36m</body>[39m

    [0m [90m 85 |[39m     
     [90m 86 |[39m     [90m// Should show the user's name[39m
    [31m[1m>[22m[39m[90m 87 |[39m     expect(screen[33m.[39mgetByText([35m/Rating for Jane Doe/i[39m))[33m.[39mtoBeInTheDocument()[33m;[39m
     [90m    |[39m                   [31m[1m^[22m[39m
     [90m 88 |[39m     
     [90m 89 |[39m     [90m// Should show the skill title[39m
     [90m 90 |[39m     expect(screen[33m.[39mgetByText([35m/Web Development/i[39m))[33m.[39mtoBeInTheDocument()[33m;[39m[0m

      at Object.getElementError (node_modules/@testing-library/react/node_modules/@testing-library/dom/dist/config.js:37:19)
      at node_modules/@testing-library/react/node_modules/@testing-library/dom/dist/query-helpers.js:76:38
      at node_modules/@testing-library/react/node_modules/@testing-library/dom/dist/query-helpers.js:52:17
      at node_modules/@testing-library/react/node_modules/@testing-library/dom/dist/query-helpers.js:95:19
      at Object.getByText (tests/components/ratings/RatingForm.test.tsx:87:19)

  ● RatingForm › should submit the rating successfully

    TestingLibraryElementError: Unable to find an element with the placeholder text of: /share your experience/i

    Ignored nodes: comments, script, style
    [36m<body>[39m
      [36m<div>[39m
        [36m<div[39m
          [33mclass[39m=[32m"bg-white rounded-lg shadow-sm p-6"[39m
        [36m>[39m
          [36m<h2[39m
            [33mclass[39m=[32m"text-xl font-semibold text-gray-900 mb-4"[39m
          [36m>[39m
            [0mRate Your Experience[0m
          [36m</h2>[39m
          [36m<div[39m
            [33mclass[39m=[32m"mb-4 p-3 bg-error-50 border border-error-200 text-error-700 rounded-md"[39m
          [36m>[39m
            [0mPlease select a star rating[0m
          [36m</div>[39m
          [36m<form>[39m
            [36m<div[39m
              [33mclass[39m=[32m"mb-6"[39m
            [36m>[39m
              [36m<label[39m
                [33mclass[39m=[32m"block text-sm font-medium text-gray-700 mb-2"[39m
              [36m>[39m
                [0mHow would you rate this skill exchange?[0m
              [36m</label>[39m
              [36m<div[39m
                [33mclass[39m=[32m"flex items-center space-x-2"[39m
              [36m>[39m
                [36m<div[39m
                  [33mdata-testid[39m=[32m"star-rating-mock"[39m
                [36m>[39m
                  [36m<span>[39m
                    [0mRating: [0m
                    [0m5[0m
                  [36m</span>[39m
                  [36m<button[39m
                    [33mdata-testid[39m=[32m"star-rating-change-button"[39m
                  [36m>[39m
                    [0mChange Rating[0m
                  [36m</button>[39m
                [36m</div>[39m
                [36m<span[39m
                  [33mclass[39m=[32m"text-sm text-gray-500 ml-2"[39m
                [36m>[39m
                  [0m5 stars[0m
                [36m</span>[39m
              [36m</div>[39m
            [36m</div>[39m
            [36m<div[39m
              [33mclass[39m=[32m"mb-6"[39m
            [36m>[39m
              [36m<label[39m
                [33mclass[39m=[32m"block text-sm font-medium text-gray-700 mb-2"[39m
                [33mfor[39m=[32m"review-text"[39m
              [36m>[39m
                [0mWrite your review (optional)[0m
              [36m</label>[39m
              [36m<textarea[39m
                [33mclass[39m=[32m"w-full border border-gray-300 rounded-md shadow-sm py-2 px-3 focus:outline-none focus:ring-primary-500 focus:border-primary-500"[39m
                [33mid[39m=[32m"review-text"[39m
                [33mplaceholder[39m=[32m"Tell others about your experience..."[39m
                [33mrows[39m=[32m"4"[39m
              [36m/>[39m
            [36m</div>[39m
            [36m<div[39m
              [33mclass[39m=[32m"mb-6 flex items-center"[39m
            [36m>[39m
              [36m<input[39m
                [33mchecked[39m=[32m""[39m
                [33mclass[39m=[32m"h-4 w-4 text-primary-600 focus:ring-primary-500 border-gray-300 rounded"[39m
                [33mid[39m=[32m"is-public"[39m
                [33mtype[39m=[32m"checkbox"[39m
              [36m/>[39m
              [36m<label[39m
                [33mclass[39m=[32m"ml-2 block text-sm text-gray-700"[39m
                [33mfor[39m=[32m"is-public"[39m
              [36m>[39m
                [0mMake this review public[0m
              [36m</label>[39m
              [36m<div[39m
                [33mclass[39m=[32m"ml-2 text-xs text-gray-500"[39m
              [36m>[39m
                [0mYour review will be visible to all users[0m
              [36m</div>[39m
            [36m</div>[39m
            [36m<div[39m
              [33mclass[39m=[32m"flex justify-end space-x-3"[39m
            [36m>[39m
              [36m<button[39m
                [33mclass[39m=[32m"btn btn-primary"[39m
                [33mtype[39m=[32m"submit"[39m
              [36m>[39m
                [0mSubmit Rating[0m
              [36m</button>[39m
            [36m</div>[39m
          [36m</form>[39m
        [36m</div>[39m
      [36m</div>[39m
    [36m</body>[39m

    [0m [90m 120 |[39m     
     [90m 121 |[39m     [90m// Fill in the review text[39m
    [31m[1m>[22m[39m[90m 122 |[39m     [36mconst[39m reviewInput [33m=[39m screen[33m.[39mgetByPlaceholderText([35m/share your experience/i[39m)[33m;[39m
     [90m     |[39m                                [31m[1m^[22m[39m
     [90m 123 |[39m     fireEvent[33m.[39mchange(reviewInput[33m,[39m { target[33m:[39m { value[33m:[39m [32m'Great experience! Learned a lot.'[39m } })[33m;[39m
     [90m 124 |[39m     
     [90m 125 |[39m     [90m// Set it to public[39m[0m

      at Object.getElementError (node_modules/@testing-library/react/node_modules/@testing-library/dom/dist/config.js:37:19)
      at node_modules/@testing-library/react/node_modules/@testing-library/dom/dist/query-helpers.js:76:38
      at node_modules/@testing-library/react/node_modules/@testing-library/dom/dist/query-helpers.js:52:17
      at node_modules/@testing-library/react/node_modules/@testing-library/dom/dist/query-helpers.js:95:19
      at Object.getByPlaceholderText (tests/components/ratings/RatingForm.test.tsx:122:32)

  ● RatingForm › should show an error message if rating is zero

    TestingLibraryElementError: Unable to find an element with the text: /please select a rating before submitting/i. This could be because the text is broken up by multiple elements. In this case, you can provide a function for your text matcher to make your matcher more flexible.

    Ignored nodes: comments, script, style
    [36m<body>[39m
      [36m<div>[39m
        [36m<div[39m
          [33mclass[39m=[32m"bg-white rounded-lg shadow-sm p-6"[39m
        [36m>[39m
          [36m<h2[39m
            [33mclass[39m=[32m"text-xl font-semibold text-gray-900 mb-4"[39m
          [36m>[39m
            [0mRate Your Experience[0m
          [36m</h2>[39m
          [36m<div[39m
            [33mclass[39m=[32m"mb-4 p-3 bg-error-50 border border-error-200 text-error-700 rounded-md"[39m
          [36m>[39m
            [0mPlease select a star rating[0m
          [36m</div>[39m
          [36m<form>[39m
            [36m<div[39m
              [33mclass[39m=[32m"mb-6"[39m
            [36m>[39m
              [36m<label[39m
                [33mclass[39m=[32m"block text-sm font-medium text-gray-700 mb-2"[39m
              [36m>[39m
                [0mHow would you rate this skill exchange?[0m
              [36m</label>[39m
              [36m<div[39m
                [33mclass[39m=[32m"flex items-center space-x-2"[39m
              [36m>[39m
                [36m<div[39m
                  [33mdata-testid[39m=[32m"star-rating-mock"[39m
                [36m>[39m
                  [36m<span>[39m
                    [0mRating: [0m
                    [0m0[0m
                  [36m</span>[39m
                  [36m<button[39m
                    [33mdata-testid[39m=[32m"star-rating-change-button"[39m
                  [36m>[39m
                    [0mChange Rating[0m
                  [36m</button>[39m
                [36m</div>[39m
                [36m<span[39m
                  [33mclass[39m=[32m"text-sm text-gray-500 ml-2"[39m
                [36m>[39m
                  [0mSelect a rating[0m
                [36m</span>[39m
              [36m</div>[39m
            [36m</div>[39m
            [36m<div[39m
              [33mclass[39m=[32m"mb-6"[39m
            [36m>[39m
              [36m<label[39m
                [33mclass[39m=[32m"block text-sm font-medium text-gray-700 mb-2"[39m
                [33mfor[39m=[32m"review-text"[39m
              [36m>[39m
                [0mWrite your review (optional)[0m
              [36m</label>[39m
              [36m<textarea[39m
                [33mclass[39m=[32m"w-full border border-gray-300 rounded-md shadow-sm py-2 px-3 focus:outline-none focus:ring-primary-500 focus:border-primary-500"[39m
                [33mid[39m=[32m"review-text"[39m
                [33mplaceholder[39m=[32m"Tell others about your experience..."[39m
                [33mrows[39m=[32m"4"[39m
              [36m/>[39m
            [36m</div>[39m
            [36m<div[39m
              [33mclass[39m=[32m"mb-6 flex items-center"[39m
            [36m>[39m
              [36m<input[39m
                [33mchecked[39m=[32m""[39m
                [33mclass[39m=[32m"h-4 w-4 text-primary-600 focus:ring-primary-500 border-gray-300 rounded"[39m
                [33mid[39m=[32m"is-public"[39m
                [33mtype[39m=[32m"checkbox"[39m
              [36m/>[39m
              [36m<label[39m
                [33mclass[39m=[32m"ml-2 block text-sm text-gray-700"[39m
                [33mfor[39m=[32m"is-public"[39m
              [36m>[39m
                [0mMake this review public[0m
              [36m</label>[39m
              [36m<div[39m
                [33mclass[39m=[32m"ml-2 text-xs text-gray-500"[39m
              [36m>[39m
                [0mYour review will be visible to all users[0m
              [36m</div>[39m
            [36m</div>[39m
            [36m<div[39m
              [33mclass[39m=[32m"flex justify-end space-x-3"[39m
            [36m>[39m
              [36m<button[39m
                [33mclass[39m=[32m"btn btn-primary"[39m
                [33mtype[39m=[32m"submit"[39m
              [36m>[39m
                [0mSubmit Rating[0m
              [36m</button>[39m
            [36m</div>[39m
          [36m</form>[39m
        [36m</div>[39m
      [36m</div>[39m
    [36m</body>[39m

    [0m [90m 156 |[39m     
     [90m 157 |[39m     [90m// Should show error message[39m
    [31m[1m>[22m[39m[90m 158 |[39m     expect(screen[33m.[39mgetByText([35m/please select a rating before submitting/i[39m))[33m.[39mtoBeInTheDocument()[33m;[39m
     [90m     |[39m                   [31m[1m^[22m[39m
     [90m 159 |[39m   })[33m;[39m
     [90m 160 |[39m   
     [90m 161 |[39m   it([32m'should handle submission errors gracefully'[39m[33m,[39m [36masync[39m () [33m=>[39m {[0m

      at Object.getElementError (node_modules/@testing-library/react/node_modules/@testing-library/dom/dist/config.js:37:19)
      at node_modules/@testing-library/react/node_modules/@testing-library/dom/dist/query-helpers.js:76:38
      at node_modules/@testing-library/react/node_modules/@testing-library/dom/dist/query-helpers.js:52:17
      at node_modules/@testing-library/react/node_modules/@testing-library/dom/dist/query-helpers.js:95:19
      at Object.getByText (tests/components/ratings/RatingForm.test.tsx:158:19)

  ● RatingForm › should handle submission errors gracefully

    Unable to find an element with the text: /error submitting rating/i. This could be because the text is broken up by multiple elements. In this case, you can provide a function for your text matcher to make your matcher more flexible.

    Ignored nodes: comments, script, style
    [36m<body>[39m
      [36m<div>[39m
        [36m<div[39m
          [33mclass[39m=[32m"bg-white rounded-lg shadow-sm p-6"[39m
        [36m>[39m
          [36m<h2[39m
            [33mclass[39m=[32m"text-xl font-semibold text-gray-900 mb-4"[39m
          [36m>[39m
            [0mRate Your Experience[0m
          [36m</h2>[39m
          [36m<div[39m
            [33mclass[39m=[32m"mb-4 p-3 bg-error-50 border border-error-200 text-error-700 rounded-md"[39m
          [36m>[39m
            [0mYou must be logged in to submit a rating[0m
          [36m</div>[39m
          [36m<form>[39m
            [36m<div[39m
              [33mclass[39m=[32m"mb-6"[39m
            [36m>[39m
              [36m<label[39m
                [33mclass[39m=[32m"block text-sm font-medium text-gray-700 mb-2"[39m
              [36m>[39m
                [0mHow would you rate this skill exchange?[0m
              [36m</label>[39m
              [36m<div[39m
                [33mclass[39m=[32m"flex items-center space-x-2"[39m
              [36m>[39m
                [36m<div[39m
                  [33mdata-testid[39m=[32m"star-rating-mock"[39m
                [36m>[39m
                  [36m<span>[39m
                    [0mRating: [0m
                    [0m5[0m
                  [36m</span>[39m
                  [36m<button[39m
                    [33mdata-testid[39m=[32m"star-rating-change-button"[39m
                  [36m>[39m
                    [0mChange Rating[0m
                  [36m</button>[39m
                [36m</div>[39m
                [36m<span[39m
                  [33mclass[39m=[32m"text-sm text-gray-500 ml-2"[39m
                [36m>[39m
                  [0m5 stars[0m
                [36m</span>[39m
              [36m</div>[39m
            [36m</div>[39m
            [36m<div[39m
              [33mclass[39m=[32m"mb-6"[39m
            [36m>[39m
              [36m<label[39m
                [33mclass[39m=[32m"block text-sm font-medium text-gray-700 mb-2"[39m
                [33mfor[39m=[32m"review-text"[39m
              [36m>[39m
                [0mWrite your review (optional)[0m
              [36m</label>[39m
              [36m<textarea[39m
                [33mclass[39m=[32m"w-full border border-gray-300 rounded-md shadow-sm py-2 px-3 focus:outline-none focus:ring-primary-500 focus:border-primary-500"[39m
                [33mid[39m=[32m"review-text"[39m
                [33mplaceholder[39m=[32m"Tell others about your experience..."[39m
                [33mrows[39m=[32m"4"[39m
              [36m/>[39m
            [36m</div>[39m
            [36m<div[39m
              [33mclass[39m=[32m"mb-6 flex items-center"[39m
            [36m>[39m
              [36m<input[39m
                [33mchecked[39m=[32m""[39m
                [33mclass[39m=[32m"h-4 w-4 text-primary-600 focus:ring-primary-500 border-gray-300 rounded"[39m
                [33mid[39m=[32m"is-public"[39m
                [33mtype[39m=[32m"checkbox"[39m
              [36m/>[39m
              [36m<label[39m
                [33mclass[39m=[32m"ml-2 block text-sm text-gray-700"[39m
                [33mfor[39m=[32m"is-public"[39m
              [36m>[39m
                [0mMake this review public[0m
              [36m</label>[39m
              [36m<div[39m
                [33mclass[39m=[32m"ml-2 text-xs text-gray-500"[39m
              [36m>[39m
                [0mYour review will be visible to all users[0m
              [36m</div>[39m
            [36m</div>[39m
            [36m<div[39m
              [33mclass[39m=[32m"flex justify-end space-x-3"[39m
            [36m>[39m
              [36m<button[39m
                [33mclass[39m=[32m"btn btn-primary"[39m
                [33mtype[39m=[32m"submit"[39m
              [36m>[39m
                [0mSubmit Rating[0m
              [36m</button>[39m
            [36m</div>[39m
          [36m</form>[39m
        [36m</div>[39m
      [36m</div>[39m
    [36m</body>[39m

    [0m [90m 194 |[39m     
     [90m 195 |[39m     [90m// Should show error message[39m
    [31m[1m>[22m[39m[90m 196 |[39m     [36mawait[39m waitFor(() [33m=>[39m {
     [90m     |[39m                  [31m[1m^[22m[39m
     [90m 197 |[39m       expect(screen[33m.[39mgetByText([35m/error submitting rating/i[39m))[33m.[39mtoBeInTheDocument()[33m;[39m
     [90m 198 |[39m     })[33m;[39m
     [90m 199 |[39m   })[33m;[39m[0m

      at waitForWrapper (node_modules/@testing-library/react/node_modules/@testing-library/dom/dist/wait-for.js:163:27)
      at Object.<anonymous> (tests/components/ratings/RatingForm.test.tsx:196:18)

  ● RatingForm › should disable form if user already rated this trade

    expect(element).toBeDisabled()

    Received element is not disabled:
      <button data-testid="star-rating-change-button" />

    [0m [90m 213 |[39m     
     [90m 214 |[39m     [90m// Form should be in read-only mode[39m
    [31m[1m>[22m[39m[90m 215 |[39m     expect(screen[33m.[39mgetByTestId([32m'star-rating-change-button'[39m))[33m.[39mtoBeDisabled()[33m;[39m
     [90m     |[39m                                                             [31m[1m^[22m[39m
     [90m 216 |[39m     expect(screen[33m.[39mgetByPlaceholderText([35m/share your experience/i[39m))[33m.[39mtoBeDisabled()[33m;[39m
     [90m 217 |[39m     expect(screen[33m.[39mgetByRole([32m'button'[39m[33m,[39m { name[33m:[39m [35m/submit rating/i[39m }))[33m.[39mtoBeDisabled()[33m;[39m
     [90m 218 |[39m     [0m

      at Object.toBeDisabled (tests/components/ratings/RatingForm.test.tsx:215:61)

FAIL tests/components/EmailPreferences.test.tsx (5.835 s)
  ● EmailPreferences › renders email preferences correctly

    TestingLibraryElementError: Unable to find an element with the text: Email Notification Preferences. This could be because the text is broken up by multiple elements. In this case, you can provide a function for your text matcher to make your matcher more flexible.

    Ignored nodes: comments, script, style
    [36m<body>[39m
      [36m<div>[39m
        [36m<div[39m
          [33mclass[39m=[32m"p-4 bg-white rounded-lg shadow"[39m
        [36m>[39m
          [36m<div[39m
            [33mclass[39m=[32m"animate-pulse space-y-4"[39m
          [36m>[39m
            [36m<div[39m
              [33mclass[39m=[32m"h-6 bg-gray-200 rounded w-3/4"[39m
            [36m/>[39m
            [36m<div[39m
              [33mclass[39m=[32m"space-y-2"[39m
            [36m>[39m
              [36m<div[39m
                [33mclass[39m=[32m"h-4 bg-gray-200 rounded"[39m
              [36m/>[39m
              [36m<div[39m
                [33mclass[39m=[32m"h-4 bg-gray-200 rounded"[39m
              [36m/>[39m
              [36m<div[39m
                [33mclass[39m=[32m"h-4 bg-gray-200 rounded"[39m
              [36m/>[39m
            [36m</div>[39m
          [36m</div>[39m
        [36m</div>[39m
      [36m</div>[39m
    [36m</body>[39m

    [0m [90m 43 |[39m     
     [90m 44 |[39m     [90m// Check for section headings[39m
    [31m[1m>[22m[39m[90m 45 |[39m     expect(screen[33m.[39mgetByText([32m'Email Notification Preferences'[39m))[33m.[39mtoBeInTheDocument()[33m;[39m
     [90m    |[39m                   [31m[1m^[22m[39m
     [90m 46 |[39m     expect(screen[33m.[39mgetByText([32m'Trade Notifications'[39m))[33m.[39mtoBeInTheDocument()[33m;[39m
     [90m 47 |[39m     expect(screen[33m.[39mgetByText([32m'Communication'[39m))[33m.[39mtoBeInTheDocument()[33m;[39m
     [90m 48 |[39m     expect(screen[33m.[39mgetByText([32m'Digest Emails'[39m))[33m.[39mtoBeInTheDocument()[33m;[39m[0m

      at Object.getElementError (node_modules/@testing-library/react/node_modules/@testing-library/dom/dist/config.js:37:19)
      at node_modules/@testing-library/react/node_modules/@testing-library/dom/dist/query-helpers.js:76:38
      at node_modules/@testing-library/react/node_modules/@testing-library/dom/dist/query-helpers.js:52:17
      at node_modules/@testing-library/react/node_modules/@testing-library/dom/dist/query-helpers.js:95:19
      at Object.getByText (tests/components/EmailPreferences.test.tsx:45:19)

  ● EmailPreferences › should toggle preferences when changed

    TestingLibraryElementError: Unable to find a label with the text of: New trade proposals

    Ignored nodes: comments, script, style
    [36m<body>[39m
      [36m<div>[39m
        [36m<div[39m
          [33mclass[39m=[32m"p-4 bg-white rounded-lg shadow"[39m
        [36m>[39m
          [36m<div[39m
            [33mclass[39m=[32m"animate-pulse space-y-4"[39m
          [36m>[39m
            [36m<div[39m
              [33mclass[39m=[32m"h-6 bg-gray-200 rounded w-3/4"[39m
            [36m/>[39m
            [36m<div[39m
              [33mclass[39m=[32m"space-y-2"[39m
            [36m>[39m
              [36m<div[39m
                [33mclass[39m=[32m"h-4 bg-gray-200 rounded"[39m
              [36m/>[39m
              [36m<div[39m
                [33mclass[39m=[32m"h-4 bg-gray-200 rounded"[39m
              [36m/>[39m
              [36m<div[39m
                [33mclass[39m=[32m"h-4 bg-gray-200 rounded"[39m
              [36m/>[39m
            [36m</div>[39m
          [36m</div>[39m
        [36m</div>[39m
      [36m</div>[39m
    [36m</body>[39m

    [0m [90m 70 |[39m     
     [90m 71 |[39m     [90m// Get toggle inputs[39m
    [31m[1m>[22m[39m[90m 72 |[39m     [36mconst[39m tradeProposalToggle [33m=[39m screen[33m.[39mgetByLabelText([32m'New trade proposals'[39m)[33m;[39m
     [90m    |[39m                                        [31m[1m^[22m[39m
     [90m 73 |[39m     [36mconst[39m newRatingsToggle [33m=[39m screen[33m.[39mgetByLabelText([32m'New ratings'[39m)[33m;[39m
     [90m 74 |[39m     
     [90m 75 |[39m     [90m// Verify initial state based on mock data (trade proposals: true, new ratings: false)[39m[0m

      at Object.getElementError (node_modules/@testing-library/react/node_modules/@testing-library/dom/dist/config.js:37:19)
      at getAllByLabelText (node_modules/@testing-library/react/node_modules/@testing-library/dom/dist/queries/label-text.js:111:38)
      at node_modules/@testing-library/react/node_modules/@testing-library/dom/dist/query-helpers.js:52:17
      at node_modules/@testing-library/react/node_modules/@testing-library/dom/dist/query-helpers.js:95:19
      at Object.getByLabelText (tests/components/EmailPreferences.test.tsx:72:40)

  ● EmailPreferences › should show success message after saving preferences

    TestingLibraryElementError: Unable to find an element with the text: Save Preferences. This could be because the text is broken up by multiple elements. In this case, you can provide a function for your text matcher to make your matcher more flexible.

    Ignored nodes: comments, script, style
    [36m<body>[39m
      [36m<div>[39m
        [36m<div[39m
          [33mclass[39m=[32m"p-4 bg-white rounded-lg shadow"[39m
        [36m>[39m
          [36m<div[39m
            [33mclass[39m=[32m"animate-pulse space-y-4"[39m
          [36m>[39m
            [36m<div[39m
              [33mclass[39m=[32m"h-6 bg-gray-200 rounded w-3/4"[39m
            [36m/>[39m
            [36m<div[39m
              [33mclass[39m=[32m"space-y-2"[39m
            [36m>[39m
              [36m<div[39m
                [33mclass[39m=[32m"h-4 bg-gray-200 rounded"[39m
              [36m/>[39m
              [36m<div[39m
                [33mclass[39m=[32m"h-4 bg-gray-200 rounded"[39m
              [36m/>[39m
              [36m<div[39m
                [33mclass[39m=[32m"h-4 bg-gray-200 rounded"[39m
              [36m/>[39m
            [36m</div>[39m
          [36m</div>[39m
        [36m</div>[39m
      [36m</div>[39m
    [36m</body>[39m

    [0m [90m  95 |[39m     
     [90m  96 |[39m     [90m// Click save button[39m
    [31m[1m>[22m[39m[90m  97 |[39m     [36mconst[39m saveButton [33m=[39m screen[33m.[39mgetByText([32m'Save Preferences'[39m)[33m;[39m
     [90m     |[39m                               [31m[1m^[22m[39m
     [90m  98 |[39m     fireEvent[33m.[39mclick(saveButton)[33m;[39m
     [90m  99 |[39m     
     [90m 100 |[39m     [90m// Check for success message[39m[0m

      at Object.getElementError (node_modules/@testing-library/react/node_modules/@testing-library/dom/dist/config.js:37:19)
      at node_modules/@testing-library/react/node_modules/@testing-library/dom/dist/query-helpers.js:76:38
      at node_modules/@testing-library/react/node_modules/@testing-library/dom/dist/query-helpers.js:52:17
      at node_modules/@testing-library/react/node_modules/@testing-library/dom/dist/query-helpers.js:95:19
      at Object.getByText (tests/components/EmailPreferences.test.tsx:97:31)

  ● EmailPreferences › should handle error state correctly

    Unable to find an element with the text: /Failed to load email preferences/i. This could be because the text is broken up by multiple elements. In this case, you can provide a function for your text matcher to make your matcher more flexible.

    Ignored nodes: comments, script, style
    [36m<body>[39m
      [36m<div>[39m
        [36m<div[39m
          [33mclass[39m=[32m"jsx-30fdda33e51daead bg-white rounded-lg shadow p-6"[39m
        [36m>[39m
          [36m<h2[39m
            [33mclass[39m=[32m"jsx-30fdda33e51daead text-xl font-semibold mb-4"[39m
          [36m>[39m
            [0mEmail Notification Preferences[0m
          [36m</h2>[39m
          [36m<div[39m
            [33mclass[39m=[32m"jsx-30fdda33e51daead space-y-6"[39m
          [36m>[39m
            [36m<div[39m
              [33mclass[39m=[32m"jsx-30fdda33e51daead"[39m
            [36m>[39m
              [36m<h3[39m
                [33mclass[39m=[32m"jsx-30fdda33e51daead text-lg font-medium mb-3"[39m
              [36m>[39m
                [0mTrade Notifications[0m
              [36m</h3>[39m
              [36m<div[39m
                [33mclass[39m=[32m"jsx-30fdda33e51daead space-y-3"[39m
              [36m>[39m
                [36m<div[39m
                  [33mclass[39m=[32m"jsx-30fdda33e51daead flex items-center justify-between"[39m
                [36m>[39m
                  [36m<label[39m
                    [33mclass[39m=[32m"jsx-30fdda33e51daead text-gray-700"[39m
                    [33mfor[39m=[32m"notify_trade_proposal"[39m
                  [36m>[39m
                    [0mNew trade proposals[0m
                  [36m</label>[39m
                  [36m<div[39m
                    [33mclass[39m=[32m"jsx-30fdda33e51daead relative inline-block w-10 mr-2 align-middle select-none"[39m
                  [36m>[39m
                    [36m<input[39m
                      [33mchecked[39m=[32m""[39m
                      [33mclass[39m=[32m"jsx-30fdda33e51daead toggle-checkbox absolute block w-6 h-6 rounded-full bg-white border-4 appearance-none cursor-pointer"[39m
                      [33mid[39m=[32m"notify_trade_proposal"[39m
                      [33mtype[39m=[32m"checkbox"[39m
                    [36m/>[39m
                    [36m<label[39m
                      [33mclass[39m=[32m"jsx-30fdda33e51daead toggle-label block overflow-hidden h-6 rounded-full bg-gray-300 cursor-pointer"[39m
                      [33mfor[39m=[32m"notify_trade_proposal"[39m
                    [36m/>[39m
                  [36m</div>[39m
                [36m</div>[39m
                [36m<div[39m
                  [33mclass[39m=[32m"jsx-30fdda33e51daead flex items-center justify-between"[39m
                [36m>[39m
                  [36m<label[39m
                    [33mclass[39m=[32m"jsx-30fdda33e51daead text-gray-700"[39m
                    [33mfor[39m=[32m"notify_trade_status_accepted"[39m
                  [36m>[39m
                    [0mTrade proposal accepted[0m
                  [36m</label>[39m
                  [36m<div[39m
                    [33mclass[39m=[32m"jsx-30fdda33e51daead relative inline-block w-10 mr-2 align-middle select-none"[39m
                  [36m>[39m
                    [36m<input[39m
                      [33mchecked[39m=[32m""[39m
                      [33mclass[39m=[32m"jsx-30fdda33e51daead toggle-checkbox absolute block w-6 h-6 rounded-full bg-white border-4 appearance-none cursor-pointer"[39m
                      [33mid[39m=[32m"notify_trade_status_accepted"[39m
                      [33mtype[39m=[32m"checkbox"[39m
                    [36m/>[39m
                    [36m<label[39m
                      [33mclass[39m=[32m"jsx-30fdda33e51daead toggle-label block overflow-hidden h-6 rounded-full bg-gray-300 cursor-pointer"[39m
                      [33mfor[39m=[32m"notify_trade_status_accepted"[39m
                    [36m/>[39m
                  [36m</div>[39m
                [36m</div>[39m
                [36m<div[39m
                  [33mclass[39m=[32m"jsx-30fdda33e51daead flex items-center justify-between"[39m
                [36m>[39m
                  [36m<label[39m
                    [33mclass[39m=[32m"jsx-30fdda33e51daead text-gray-700"[39m
                    [33mfor[39m=[32m"notify_trade_status_declined"[39m
                  [36m>[39m
                    [0mTrade proposal declined[0m
                  [36m</label>[39m
                  [36m<div[39m
                    [33mclass[39m=[32m"jsx-30fdda33e51daead relative inline-block w-10 mr-2 align-middle select-none"[39m
                  [36m>[39m
                    [36m<input[39m
                      [33mclass[39m=[32m"jsx-30fdda33e51daead toggle-checkbox absolute block w-6 h-6 rounded-full bg-white border-4 appearance-none cursor-pointer"[39m
                      [33mid[39m=[32m"notify_trade_status_declined"[39m
                      [33mtype[39m=[32m"checkbox"[39m
                    [36m/>[39m
                    [36m<label[39m
                      [33mclass[39m=[32m"jsx-30fdda33e51daead toggle-label block overflow-hidden h-6 rounded-full bg-gray-300 cursor-pointer"[39m
                      [33mfor[39m=[32m"notify_trade_status_declined"[39m
                    [36m/>[39m
                  [36m</div>[39m
                [36m</div>[39m
                [36m<div[39m
                  [33mclass[39m=[32m"jsx-30fdda33e51daead flex items-center justify-between"[39m
                [36m>[39m
                  [36m<label[39m
                    [33mclass[39m=[32m"jsx-30fdda33e51daead text-gray-700"[39m
                    [33mfor[39m=[32m"notify_trade_status_completed"[39m
                  [36m>[39m
                    [0mTrade completed[0m
                  [36m</label>[39m
                  [36m<div[39m
                    [33mclass[39m=[32m"jsx-30fdda33e51daead relative inline-block w-10 mr-2 align-middle select-none"[39m
                  [36m>[39m
                    [36m<input[39m
                      [33mchecked[39m=[32m""[39m
                      [33mclass[39m=[32m"jsx-30fdda33e51daead toggle-checkbox absolute block w-6 h-6 rounded-full bg-white border-4 appearance-none cursor-pointer"[39m
                      [33mid[39m=[32m"notify_trade_status_completed"[39m
                      [33mtype[39m=[32m"checkbox"[39m
                    [36m/>[39m
                    [36m<label[39m
                      [33mclass[39m=[32m"jsx-30fdda33e51daead toggle-label block overflow-hidden h-6 rounded-full bg-gray-300 cursor-pointer"[39m
                      [33mfor[39m=[32m"notify_trade_status_completed"[39m
                    [36m/>[39m
                  [36m</div>[39m
                [36m</div>[39m
              [36m</div>[39m
            [36m</div>[39m
            [36m<div[39m
              [33mclass[39m=[32m"jsx-30fdda33e51daead"[39m
            [36m>[39m
              [36m<h3[39m
                [33mclass[39m=[32m"jsx-30fdda33e51daead text-lg font-medium mb-3"[39m
              [36m>[39m
                [0mCommunication[0m
              [36m</h3>[39m
              [36m<div[39m
                [33mclass[39m=[32m"jsx-30fdda33e51daead space-y-3"[39m
              [36m>[39m
                [36m<div[39m
                  [33mclass[39m=[32m"jsx-30fdda33e51daead flex items-center justify-between"[39m
                [36m>[39m
                  [36m<label[39m
                    [33mclass[39m=[32m"jsx-30fdda33e51daead text-gray-700"[39m
                    [33mfor[39m=[32m"notify_new_message"[39m
                  [36m>[39m
                    [0mNew messages[0m
                  [36m</label>[39m
                  [36m<div[39m
                    [33mclass[39m=[32m"jsx-30fdda33e51daead relative inline-block w-10 mr-2 align-middle select-none"[39m
                  [36m>[39m
                    [36m<input[39m
                      [33mchecked[39m=[32m""[39m
                      [33mclass[39m=[32m"jsx-30fdda33e51daead toggle-checkbox absolute block w-6 h-6 rounded-full bg-white border-4 appearance-none cursor-pointer"[39m
                      [33mid[39m=[32m"notify_new_message"[39m
                      [33mtype[39m=[32m"checkbox"[39m
                    [36m/>[39m
                    [36m<label[39m
                      [33mclass[39m=[32m"jsx-30fdda33e51daead toggle-label block overflow-hidden h-6 rounded-full bg-gray-300 cursor-pointer"[39m
                      [33mfor[39m=[32m"notify_new_message"[39m
                    [36m/>[39m
                  [36m</div>[39m
                [36m</div>[39m
                [36m<div[39m
                  [33mclass[39m=[32m"jsx-30fdda33e51daead flex items-center justify-between"[39m
                [36m>[39m
                  [36m<label[39m
                    [33mclass[39m=[32m"jsx-30fdda33e51daead text-gray-700"[39m
                    [33mfor[39m=[32m"notify_new_rating"[39m
                  [36m>[39m
                    [0mNew ratings[0m
                  [36m</label>[39m
                  [36m<div[39m
                    [33mclass[39m=[32m"jsx-30fdda33e51daead relative inline-block w-10 mr-2 align-middle select-none"[39m
                  [36m>[39m
                    [36m<input[39m
                      [33mclass[39m=[32m"jsx-30fdda33e51daead toggle-checkbox absolute block w-6 h-6 rounded-full bg-white border-4 appearance-none cursor-pointer"[39m
                      [33mid[39m=[32m"notify_new_rating"[39m
                      [33mtype[39m=[32m"checkbox"[39m
                    [36m/>[39m
                    [36m<label[39m
                      [33mclass[39m=[32m"jsx-30fdda33e51daead toggle-label block overflow-hidden h-6 rounded-full bg-gray-300 cursor-pointer"[39m
                      [33mfor[39m=[32m"notify_new_rating"[39m
                    [36m/>[39m
                  [36m</div>[39m
                [36m</div>[39m
              [36m</div>[39m
            [36m</div>[39m
            [36m<div[39m
              [33mclass[39m=[32m"jsx-30fdda33e51daead"[39m
            [36m>[39m
              [36m<h3[39m
                [33mclass[39m=[32m"jsx-30fdda33e51daead text-lg font-medium mb-3"[39m
              [36m>[39m
                [0mDigest Emails[0m
              [36m</h3>[39m
              [36m<div[39m
                [33mclass[39m=[32m"jsx-30fdda33e51daead space-y-3"[39m
              [36m>[39m
                [36m<div[39m
                  [33mclass[39m=[32m"jsx-30fdda33e51daead flex items-center justify-between"[39m
                [36m>[39m
                  [36m<label[39m
                    [33mclass[39m=[32m"jsx-30fdda33e51daead text-gray-700"[39m
                    [33mfor[39m=[32m"daily_digest"[39m
                  [36m>[39m
                    [0mDaily activity summary[0m
                  [36m</label>[39m
                  [36m<div[39m
                    [33mclass[39m=[32m"jsx-30fdda33e51daead relative inline-block w-10 mr-2 align-middle select-none"[39m
                  [36m>[39m
                    [36m<input[39m
                      [33mclass[39m=[32m"jsx-30fdda33e51daead toggle-checkbox absolute block w-6 h-6 rounded-full bg-white border-4 appearance-none cursor-pointer"[39m
                      [33mid[39m=[32m"daily_digest"[39m
                      [33mtype[39m=[32m"checkbox"[39m
                    [36m/>[39m
                    [36m<label[39m
                      [33mclass[39m=[32m"jsx-30fdda33e51daead toggle-label block overflow-hidden h-6 rounded-full bg-gray-300 cursor-pointer"[39m
                      [33mfor[39m=[32m"daily_digest"[39m
                    [36m/>[39m
                  [36m</div>[39m
                [36m</div>[39m
                [36m<div[39m
                  [33mclass[39m=[32m"jsx-30fdda33e51daead flex items-center justify-between"[39m
                [36m>[39m
                  [36m<label[39m
                    [33mclass[39m=[32m"jsx-30fdda33e51daead text-gray-700"[39m
                    [33mfor[39m=[32m"weekly_digest"[39m
                  [36m>[39m
                    [0mWeekly digest of new skills & opportunities[0m
                  [36m</label>[39m
                  [36m<div[39m
                    [33mclass[39m=[32m"jsx-30fdda33e51daead relative inline-block w-10 mr-2 align-middle select-none"[39m
                  [36m>[39m
                    [36m<input[39m
                      [33mchecked[39m=[32m""[39m
                      [33mclass[39m=[32m"jsx-30fdda33e51daead toggle-checkbox absolute block w-6 h-6 rounded-full bg-white border-4 appearance-none cursor-pointer"[39m
                      [33mid[39m=[32m"weekly_digest"[39m
                      [33mtype[39m=[32m"checkbox"[39m
                    [36m/>[39m
                    [36m<label[39m
                      [33mclass[39m=[32m"jsx-30fdda33e51daead toggle-label block overflow-hidden h-6 rounded-full bg-gray-300 cursor-pointer"[39m
                      [33mfor[39m=[32m"weekly_digest"[39m
                    [36m/>[39m
                  [36m</div>[39m
                [36m</div>[39m
                [36m<div[39m
                  [33mclass[39m=[32m"jsx-30fdda33e51daead flex items-center justify-between"[39m
                [36m>[39m
                  [36m<label[39m
                    [33mclass[39m=[32m"jsx-30fdda33e51daead text-gray-700"[39m
                    [33mfor[39m=[32m"notify_platform_updates"[39m
                  [36m>[39m
                    [0mPlatform updates and announcements[0m
                  [36m</label>[39m
                  [36m<div[39m
                    [33mclass[39m=[32m"jsx-30fdda33e51daead relative inline-block w-10 mr-2 align-middle select-none"[39m
                  [36m>[39m
                    [36m<input[39m
                      [33mchecked[39m=[32m""[39m
                      [33mclass[39m=[32m"jsx-30fdda33e51daead toggle-checkbox absolute block w-6 h-6 rounded-full bg-white border-4 appearance-none cursor-pointer"[39m
                      [33mid[39m=[32m"notify_platform_updates"[39m
                      [33mtype[39m=[32m"checkbox"[39m
                    [36m/>[39m
                    [36m<label[39m
                      [33mclass[39m=[32m"jsx-30fdda33e51daead toggle-label block overflow-hidden h-6 rounded-full bg-gray-300 cursor-pointer"[39m
                      [33mfor[39m=[32m"notify_platform_updates"[39m
                    [36m/>[39m
                  [36m</div>[39m
                [36m</div>[39m
              [36m</div>[39m
            [36m</div>[39m
          [36m</div>[39m
          [36m<div[39m
            [33mclass[39m=[32m"jsx-30fdda33e51daead mt-6"[39m
          [36m>[39m
            [36m<button[39m
              [33mclass[39m=[32m"jsx-30fdda33e51daead px-4 py-2 rounded-md text-white bg-primary-600 hover:bg-primary-700"[39m
            [36m>[39m
              [0mSave Preferences[0m
            [36m</button>[39m
          [36m</div>[39m
        [36m</div>[39m
      [36m</div>[39m
    [36m</body>[39m

    [0m [90m 147 |[39m     
     [90m 148 |[39m     [90m// Check for error message[39m
    [31m[1m>[22m[39m[90m 149 |[39m     [36mawait[39m waitFor(() [33m=>[39m {
     [90m     |[39m                  [31m[1m^[22m[39m
     [90m 150 |[39m       expect(screen[33m.[39mgetByText([35m/Failed to load email preferences/i[39m))[33m.[39mtoBeInTheDocument()[33m;[39m
     [90m 151 |[39m     })[33m;[39m
     [90m 152 |[39m   })[33m;[39m[0m

      at waitForWrapper (node_modules/@testing-library/react/node_modules/@testing-library/dom/dist/wait-for.js:163:27)
      at Object.<anonymous> (tests/components/EmailPreferences.test.tsx:149:18)

FAIL tests/components/notifications/NotificationSettingsPage.test.tsx (5.895 s)
  ● NotificationSettingsPage Component › renders notification settings page correctly

    TypeError: _SupabaseContext.useSupabase.mockReturnValue is not a function

    [0m [90m 73 |[39m     
     [90m 74 |[39m     [90m// Setup the mock implementation for useSupabase[39m
    [31m[1m>[22m[39m[90m 75 |[39m     (useSupabase [36mas[39m jest[33m.[39m[33mMock[39m)[33m.[39mmockReturnValue({
     [90m    |[39m                                [31m[1m^[22m[39m
     [90m 76 |[39m       session[33m:[39m { user[33m:[39m { id[33m:[39m [32m'test-user-id'[39m } }[33m,[39m
     [90m 77 |[39m       supabase[33m:[39m {
     [90m 78 |[39m         [36mfrom[39m[33m:[39m jest[33m.[39mfn()[33m.[39mmockImplementation(() [33m=>[39m ({[0m

      at Object.mockReturnValue (tests/components/notifications/NotificationSettingsPage.test.tsx:75:32)

  ● NotificationSettingsPage Component › toggles notification preferences correctly

    TypeError: _SupabaseContext.useSupabase.mockReturnValue is not a function

    [0m [90m 73 |[39m     
     [90m 74 |[39m     [90m// Setup the mock implementation for useSupabase[39m
    [31m[1m>[22m[39m[90m 75 |[39m     (useSupabase [36mas[39m jest[33m.[39m[33mMock[39m)[33m.[39mmockReturnValue({
     [90m    |[39m                                [31m[1m^[22m[39m
     [90m 76 |[39m       session[33m:[39m { user[33m:[39m { id[33m:[39m [32m'test-user-id'[39m } }[33m,[39m
     [90m 77 |[39m       supabase[33m:[39m {
     [90m 78 |[39m         [36mfrom[39m[33m:[39m jest[33m.[39mfn()[33m.[39mmockImplementation(() [33m=>[39m ({[0m

      at Object.mockReturnValue (tests/components/notifications/NotificationSettingsPage.test.tsx:75:32)

  ● NotificationSettingsPage Component › saves settings when save button is clicked

    TypeError: _SupabaseContext.useSupabase.mockReturnValue is not a function

    [0m [90m 73 |[39m     
     [90m 74 |[39m     [90m// Setup the mock implementation for useSupabase[39m
    [31m[1m>[22m[39m[90m 75 |[39m     (useSupabase [36mas[39m jest[33m.[39m[33mMock[39m)[33m.[39mmockReturnValue({
     [90m    |[39m                                [31m[1m^[22m[39m
     [90m 76 |[39m       session[33m:[39m { user[33m:[39m { id[33m:[39m [32m'test-user-id'[39m } }[33m,[39m
     [90m 77 |[39m       supabase[33m:[39m {
     [90m 78 |[39m         [36mfrom[39m[33m:[39m jest[33m.[39mfn()[33m.[39mmockImplementation(() [33m=>[39m ({[0m

      at Object.mockReturnValue (tests/components/notifications/NotificationSettingsPage.test.tsx:75:32)

  ● NotificationSettingsPage Component › shows error message when settings fail to save

    TypeError: _SupabaseContext.useSupabase.mockReturnValue is not a function

    [0m [90m 73 |[39m     
     [90m 74 |[39m     [90m// Setup the mock implementation for useSupabase[39m
    [31m[1m>[22m[39m[90m 75 |[39m     (useSupabase [36mas[39m jest[33m.[39m[33mMock[39m)[33m.[39mmockReturnValue({
     [90m    |[39m                                [31m[1m^[22m[39m
     [90m 76 |[39m       session[33m:[39m { user[33m:[39m { id[33m:[39m [32m'test-user-id'[39m } }[33m,[39m
     [90m 77 |[39m       supabase[33m:[39m {
     [90m 78 |[39m         [36mfrom[39m[33m:[39m jest[33m.[39mfn()[33m.[39mmockImplementation(() [33m=>[39m ({[0m

      at Object.mockReturnValue (tests/components/notifications/NotificationSettingsPage.test.tsx:75:32)

  ● NotificationSettingsPage Component › changes notification frequency

    TypeError: _SupabaseContext.useSupabase.mockReturnValue is not a function

    [0m [90m 73 |[39m     
     [90m 74 |[39m     [90m// Setup the mock implementation for useSupabase[39m
    [31m[1m>[22m[39m[90m 75 |[39m     (useSupabase [36mas[39m jest[33m.[39m[33mMock[39m)[33m.[39mmockReturnValue({
     [90m    |[39m                                [31m[1m^[22m[39m
     [90m 76 |[39m       session[33m:[39m { user[33m:[39m { id[33m:[39m [32m'test-user-id'[39m } }[33m,[39m
     [90m 77 |[39m       supabase[33m:[39m {
     [90m 78 |[39m         [36mfrom[39m[33m:[39m jest[33m.[39mfn()[33m.[39mmockImplementation(() [33m=>[39m ({[0m

      at Object.mockReturnValue (tests/components/notifications/NotificationSettingsPage.test.tsx:75:32)

FAIL tests/components/trades/TradeProposalForm.test.tsx
  ● TradeProposalForm › renders form with skill selection and notes

    TestingLibraryElementError: Unable to find an element with the text: /propose a trade/i. This could be because the text is broken up by multiple elements. In this case, you can provide a function for your text matcher to make your matcher more flexible.

    Ignored nodes: comments, script, style
    [36m<body>[39m
      [36m<div>[39m
        [36m<div[39m
          [33mclass[39m=[32m"bg-white p-6 rounded-lg shadow"[39m
        [36m>[39m
          [36m<div[39m
            [33mclass[39m=[32m"text-center py-6"[39m
          [36m>[39m
            [36m<div[39m
              [33mclass[39m=[32m"spinner mb-4"[39m
            [36m/>[39m
            [36m<p[39m
              [33mclass[39m=[32m"text-gray-700"[39m
            [36m>[39m
              [0mLoading your skills...[0m
            [36m</p>[39m
          [36m</div>[39m
        [36m</div>[39m
      [36m</div>[39m
    [36m</body>[39m

    [0m [90m 86 |[39m     
     [90m 87 |[39m     [90m// Check that the form title is rendered[39m
    [31m[1m>[22m[39m[90m 88 |[39m     expect(screen[33m.[39mgetByText([35m/propose a trade/i[39m))[33m.[39mtoBeInTheDocument()[33m;[39m
     [90m    |[39m                   [31m[1m^[22m[39m
     [90m 89 |[39m     
     [90m 90 |[39m     [90m// Check that the recipient name is shown[39m
     [90m 91 |[39m     expect(screen[33m.[39mgetByText([35m/Jane Doe/i[39m))[33m.[39mtoBeInTheDocument()[33m;[39m[0m

      at Object.getElementError (node_modules/@testing-library/react/node_modules/@testing-library/dom/dist/config.js:37:19)
      at node_modules/@testing-library/react/node_modules/@testing-library/dom/dist/query-helpers.js:76:38
      at node_modules/@testing-library/react/node_modules/@testing-library/dom/dist/query-helpers.js:52:17
      at node_modules/@testing-library/react/node_modules/@testing-library/dom/dist/query-helpers.js:95:19
      at Object.getByText (tests/components/trades/TradeProposalForm.test.tsx:88:19)

  ● TradeProposalForm › enables submit button when valid selections are made

    TestingLibraryElementError: Unable to find an element by: [data-testid="skill-select-input-offered"]

    Ignored nodes: comments, script, style
    [36m<body>[39m
      [36m<div>[39m
        [36m<div[39m
          [33mclass[39m=[32m"bg-white p-6 rounded-lg shadow"[39m
        [36m>[39m
          [36m<div[39m
            [33mclass[39m=[32m"text-center py-6"[39m
          [36m>[39m
            [36m<div[39m
              [33mclass[39m=[32m"spinner mb-4"[39m
            [36m/>[39m
            [36m<p[39m
              [33mclass[39m=[32m"text-gray-700"[39m
            [36m>[39m
              [0mLoading your skills...[0m
            [36m</p>[39m
          [36m</div>[39m
        [36m</div>[39m
      [36m</div>[39m
    [36m</body>[39m

    [0m [90m 107 |[39m     render([33m<[39m[33mTradeProposalForm[39m recipientUser[33m=[39m{mockRecipientUser} [33m/[39m[33m>[39m)[33m;[39m
     [90m 108 |[39m     
    [31m[1m>[22m[39m[90m 109 |[39m     [36mconst[39m offeredSkillSelect [33m=[39m screen[33m.[39mgetByTestId([32m'skill-select-input-offered'[39m)[33m;[39m
     [90m     |[39m                                       [31m[1m^[22m[39m
     [90m 110 |[39m     [36mconst[39m requestedSkillSelect [33m=[39m screen[33m.[39mgetByTestId([32m'skill-select-input-requested'[39m)[33m;[39m
     [90m 111 |[39m     [36mconst[39m submitButton [33m=[39m screen[33m.[39mgetByRole([32m'button'[39m[33m,[39m { name[33m:[39m [35m/send proposal/i[39m })[33m;[39m
     [90m 112 |[39m     [0m

      at Object.getElementError (node_modules/@testing-library/react/node_modules/@testing-library/dom/dist/config.js:37:19)
      at node_modules/@testing-library/react/node_modules/@testing-library/dom/dist/query-helpers.js:76:38
      at node_modules/@testing-library/react/node_modules/@testing-library/dom/dist/query-helpers.js:52:17
      at node_modules/@testing-library/react/node_modules/@testing-library/dom/dist/query-helpers.js:95:19
      at Object.getByTestId (tests/components/trades/TradeProposalForm.test.tsx:109:39)

  ● TradeProposalForm › submits the trade proposal with correct data

    TestingLibraryElementError: Unable to find an element by: [data-testid="skill-select-input-offered"]

    Ignored nodes: comments, script, style
    [36m<body>[39m
      [36m<div>[39m
        [36m<div[39m
          [33mclass[39m=[32m"bg-white p-6 rounded-lg shadow"[39m
        [36m>[39m
          [36m<div[39m
            [33mclass[39m=[32m"text-center py-6"[39m
          [36m>[39m
            [36m<div[39m
              [33mclass[39m=[32m"spinner mb-4"[39m
            [36m/>[39m
            [36m<p[39m
              [33mclass[39m=[32m"text-gray-700"[39m
            [36m>[39m
              [0mLoading your skills...[0m
            [36m</p>[39m
          [36m</div>[39m
        [36m</div>[39m
      [36m</div>[39m
    [36m</body>[39m

    [0m [90m 142 |[39m     
     [90m 143 |[39m     [90m// Select the offered skill[39m
    [31m[1m>[22m[39m[90m 144 |[39m     [36mconst[39m offeredSkillSelect [33m=[39m screen[33m.[39mgetByTestId([32m'skill-select-input-offered'[39m)[33m;[39m
     [90m     |[39m                                       [31m[1m^[22m[39m
     [90m 145 |[39m     fireEvent[33m.[39mchange(offeredSkillSelect[33m,[39m { target[33m:[39m { value[33m:[39m [32m'skill-123'[39m } })[33m;[39m
     [90m 146 |[39m     
     [90m 147 |[39m     [90m// Select the requested skill[39m[0m

      at Object.getElementError (node_modules/@testing-library/react/node_modules/@testing-library/dom/dist/config.js:37:19)
      at node_modules/@testing-library/react/node_modules/@testing-library/dom/dist/query-helpers.js:76:38
      at node_modules/@testing-library/react/node_modules/@testing-library/dom/dist/query-helpers.js:52:17
      at node_modules/@testing-library/react/node_modules/@testing-library/dom/dist/query-helpers.js:95:19
      at Object.getByTestId (tests/components/trades/TradeProposalForm.test.tsx:144:39)

  ● TradeProposalForm › shows validation error when selecting same skill for offered and requested

    TestingLibraryElementError: Unable to find an element by: [data-testid="skill-select-input-offered"]

    Ignored nodes: comments, script, style
    [36m<body>[39m
      [36m<div>[39m
        [36m<div[39m
          [33mclass[39m=[32m"bg-white p-6 rounded-lg shadow"[39m
        [36m>[39m
          [36m<div[39m
            [33mclass[39m=[32m"text-center py-6"[39m
          [36m>[39m
            [36m<div[39m
              [33mclass[39m=[32m"spinner mb-4"[39m
            [36m/>[39m
            [36m<p[39m
              [33mclass[39m=[32m"text-gray-700"[39m
            [36m>[39m
              [0mLoading your skills...[0m
            [36m</p>[39m
          [36m</div>[39m
        [36m</div>[39m
      [36m</div>[39m
    [36m</body>[39m

    [0m [90m 178 |[39m     
     [90m 179 |[39m     [90m// Select the same skill for both[39m
    [31m[1m>[22m[39m[90m 180 |[39m     [36mconst[39m offeredSkillSelect [33m=[39m screen[33m.[39mgetByTestId([32m'skill-select-input-offered'[39m)[33m;[39m
     [90m     |[39m                                       [31m[1m^[22m[39m
     [90m 181 |[39m     [36mconst[39m requestedSkillSelect [33m=[39m screen[33m.[39mgetByTestId([32m'skill-select-input-requested'[39m)[33m;[39m
     [90m 182 |[39m     
     [90m 183 |[39m     fireEvent[33m.[39mchange(offeredSkillSelect[33m,[39m { target[33m:[39m { value[33m:[39m [32m'skill-123'[39m } })[33m;[39m[0m

      at Object.getElementError (node_modules/@testing-library/react/node_modules/@testing-library/dom/dist/config.js:37:19)
      at node_modules/@testing-library/react/node_modules/@testing-library/dom/dist/query-helpers.js:76:38
      at node_modules/@testing-library/react/node_modules/@testing-library/dom/dist/query-helpers.js:52:17
      at node_modules/@testing-library/react/node_modules/@testing-library/dom/dist/query-helpers.js:95:19
      at Object.getByTestId (tests/components/trades/TradeProposalForm.test.tsx:180:39)

  ● TradeProposalForm › pre-selects skills when provided as props

    TestingLibraryElementError: Unable to find an element by: [data-testid="skill-select-input-offered"]

    Ignored nodes: comments, script, style
    [36m<body>[39m
      [36m<div>[39m
        [36m<div[39m
          [33mclass[39m=[32m"bg-white p-6 rounded-lg shadow"[39m
        [36m>[39m
          [36m<div[39m
            [33mclass[39m=[32m"text-center py-6"[39m
          [36m>[39m
            [36m<div[39m
              [33mclass[39m=[32m"spinner mb-4"[39m
            [36m/>[39m
            [36m<p[39m
              [33mclass[39m=[32m"text-gray-700"[39m
            [36m>[39m
              [0mLoading your skills...[0m
            [36m</p>[39m
          [36m</div>[39m
        [36m</div>[39m
      [36m</div>[39m
    [36m</body>[39m

    [0m [90m 202 |[39m     
     [90m 203 |[39m     [90m// Check that the skill selects have the correct values[39m
    [31m[1m>[22m[39m[90m 204 |[39m     [36mconst[39m offeredSkillSelect [33m=[39m screen[33m.[39mgetByTestId([32m'skill-select-input-offered'[39m)[33m;[39m
     [90m     |[39m                                       [31m[1m^[22m[39m
     [90m 205 |[39m     [36mconst[39m requestedSkillSelect [33m=[39m screen[33m.[39mgetByTestId([32m'skill-select-input-requested'[39m)[33m;[39m
     [90m 206 |[39m     
     [90m 207 |[39m     expect(offeredSkillSelect)[33m.[39mtoHaveValue([32m'skill-123'[39m)[33m;[39m[0m

      at Object.getElementError (node_modules/@testing-library/react/node_modules/@testing-library/dom/dist/config.js:37:19)
      at node_modules/@testing-library/react/node_modules/@testing-library/dom/dist/query-helpers.js:76:38
      at node_modules/@testing-library/react/node_modules/@testing-library/dom/dist/query-helpers.js:52:17
      at node_modules/@testing-library/react/node_modules/@testing-library/dom/dist/query-helpers.js:95:19
      at Object.getByTestId (tests/components/trades/TradeProposalForm.test.tsx:204:39)

  ● TradeProposalForm › handles error during trade creation

    TestingLibraryElementError: Unable to find an element by: [data-testid="skill-select-input-offered"]

    Ignored nodes: comments, script, style
    [36m<body>[39m
      [36m<div>[39m
        [36m<div[39m
          [33mclass[39m=[32m"bg-white p-6 rounded-lg shadow"[39m
        [36m>[39m
          [36m<div[39m
            [33mclass[39m=[32m"text-center py-6"[39m
          [36m>[39m
            [36m<div[39m
              [33mclass[39m=[32m"spinner mb-4"[39m
            [36m/>[39m
            [36m<p[39m
              [33mclass[39m=[32m"text-gray-700"[39m
            [36m>[39m
              [0mLoading your skills...[0m
            [36m</p>[39m
          [36m</div>[39m
        [36m</div>[39m
      [36m</div>[39m
    [36m</body>[39m

    [0m [90m 224 |[39m     
     [90m 225 |[39m     [90m// Select skills[39m
    [31m[1m>[22m[39m[90m 226 |[39m     [36mconst[39m offeredSkillSelect [33m=[39m screen[33m.[39mgetByTestId([32m'skill-select-input-offered'[39m)[33m;[39m
     [90m     |[39m                                       [31m[1m^[22m[39m
     [90m 227 |[39m     [36mconst[39m requestedSkillSelect [33m=[39m screen[33m.[39mgetByTestId([32m'skill-select-input-requested'[39m)[33m;[39m
     [90m 228 |[39m     
     [90m 229 |[39m     fireEvent[33m.[39mchange(offeredSkillSelect[33m,[39m { target[33m:[39m { value[33m:[39m [32m'skill-123'[39m } })[33m;[39m[0m

      at Object.getElementError (node_modules/@testing-library/react/node_modules/@testing-library/dom/dist/config.js:37:19)
      at node_modules/@testing-library/react/node_modules/@testing-library/dom/dist/query-helpers.js:76:38
      at node_modules/@testing-library/react/node_modules/@testing-library/dom/dist/query-helpers.js:52:17
      at node_modules/@testing-library/react/node_modules/@testing-library/dom/dist/query-helpers.js:95:19
      at Object.getByTestId (tests/components/trades/TradeProposalForm.test.tsx:226:39)

FAIL tests/lib/notifications/notificationService.test.ts
  ● NotificationService › sendNotification › should successfully create an in-app notification

    expect(jest.fn()).toHaveBeenCalledWith(...expected)

    Expected: {"content": "You have received a new trade proposal", "link": "/trades/123", "priority": "normal", "title": "New Trade Proposal", "type": "trade_proposal", "user_id": "user-123"}

    Number of calls: 0

    [0m [90m 71 |[39m       expect(result[33m.[39msuccess)[33m.[39mtoBe([36mtrue[39m)[33m;[39m
     [90m 72 |[39m       expect(notificationService[[32m'supabase'[39m][33m.[39m[36mfrom[39m)[33m.[39mtoHaveBeenCalledWith([32m'notifications'[39m)[33m;[39m
    [31m[1m>[22m[39m[90m 73 |[39m       expect(notificationService[[32m'supabase'[39m][33m.[39m[36mfrom[39m()[33m.[39minsert)[33m.[39mtoHaveBeenCalledWith({
     [90m    |[39m                                                             [31m[1m^[22m[39m
     [90m 74 |[39m         user_id[33m:[39m [32m'user-123'[39m[33m,[39m
     [90m 75 |[39m         type[33m:[39m [32m'trade_proposal'[39m[33m,[39m
     [90m 76 |[39m         title[33m:[39m [32m'New Trade Proposal'[39m[33m,[39m[0m

      at Object.toHaveBeenCalledWith (tests/lib/notifications/notificationService.test.ts:73:61)

  ● NotificationService › sendNotification › should send both in-app and email notifications when sendEmail is true

    expect(jest.fn()).toHaveBeenCalled()

    Expected number of calls: >= 1
    Received number of calls:    0

    [0m [90m 105 |[39m       [90m// Check that both in-app notification and email were sent[39m
     [90m 106 |[39m       expect(notificationService[[32m'supabase'[39m][33m.[39m[36mfrom[39m)[33m.[39mtoHaveBeenCalledWith([32m'notifications'[39m)[33m;[39m
    [31m[1m>[22m[39m[90m 107 |[39m       expect(notificationService[[32m'supabase'[39m][33m.[39m[36mfrom[39m()[33m.[39minsert)[33m.[39mtoHaveBeenCalled()[33m;[39m
     [90m     |[39m                                                             [31m[1m^[22m[39m
     [90m 108 |[39m       expect(emailService[33m.[39msendNotificationEmail)[33m.[39mtoHaveBeenCalledWith(
     [90m 109 |[39m         [32m'user-123'[39m[33m,[39m
     [90m 110 |[39m         [32m'trade_proposal'[39m[33m,[39m[0m

      at Object.toHaveBeenCalled (tests/lib/notifications/notificationService.test.ts:107:61)

  ● NotificationService › sendNotification › should not send email when sendEmail is true but emailData is missing

    expect(jest.fn()).toHaveBeenCalled()

    Expected number of calls: >= 1
    Received number of calls:    0

    [0m [90m 129 |[39m       [90m// Should still create in-app notification but not send email[39m
     [90m 130 |[39m       expect(result[33m.[39msuccess)[33m.[39mtoBe([36mtrue[39m)[33m;[39m
    [31m[1m>[22m[39m[90m 131 |[39m       expect(notificationService[[32m'supabase'[39m][33m.[39m[36mfrom[39m()[33m.[39minsert)[33m.[39mtoHaveBeenCalled()[33m;[39m
     [90m     |[39m                                                             [31m[1m^[22m[39m
     [90m 132 |[39m       expect(emailService[33m.[39msendNotificationEmail)[33m.[39mnot[33m.[39mtoHaveBeenCalled()[33m;[39m
     [90m 133 |[39m     })[33m;[39m
     [90m 134 |[39m     [0m

      at Object.toHaveBeenCalled (tests/lib/notifications/notificationService.test.ts:131:61)

  ● NotificationService › sendNotification › should handle errors when creating notification

    expect(received).toBe(expected) // Object.is equality

    Expected: false
    Received: true

    [0m [90m 156 |[39m       [36mconst[39m result [33m=[39m [36mawait[39m notificationService[33m.[39msendNotification(notification)[33m;[39m
     [90m 157 |[39m       
    [31m[1m>[22m[39m[90m 158 |[39m       expect(result[33m.[39msuccess)[33m.[39mtoBe([36mfalse[39m)[33m;[39m
     [90m     |[39m                              [31m[1m^[22m[39m
     [90m 159 |[39m       expect(result[33m.[39merror)[33m.[39mtoBeDefined()[33m;[39m
     [90m 160 |[39m     })[33m;[39m
     [90m 161 |[39m   })[33m;[39m[0m

      at Object.toBe (tests/lib/notifications/notificationService.test.ts:158:30)

  ● NotificationService › markAsRead › should mark a notification as read

    expect(jest.fn()).toHaveBeenCalledWith(...expected)

    Expected: {"is_read": true}

    Number of calls: 0

    [0m [90m 167 |[39m       expect(result[33m.[39msuccess)[33m.[39mtoBe([36mtrue[39m)[33m;[39m
     [90m 168 |[39m       expect(notificationService[[32m'supabase'[39m][33m.[39m[36mfrom[39m)[33m.[39mtoHaveBeenCalledWith([32m'notifications'[39m)[33m;[39m
    [31m[1m>[22m[39m[90m 169 |[39m       expect(notificationService[[32m'supabase'[39m][33m.[39m[36mfrom[39m()[33m.[39mupdate)[33m.[39mtoHaveBeenCalledWith({
     [90m     |[39m                                                             [31m[1m^[22m[39m
     [90m 170 |[39m         is_read[33m:[39m [36mtrue[39m[33m,[39m
     [90m 171 |[39m       })[33m;[39m
     [90m 172 |[39m       expect(notificationService[[32m'supabase'[39m][33m.[39m[36mfrom[39m()[33m.[39mupdate()[33m.[39meq)[33m.[39mtoHaveBeenCalledWith([32m'id'[39m[33m,[39m [32m'notification-123'[39m)[33m;[39m[0m

      at Object.toHaveBeenCalledWith (tests/lib/notifications/notificationService.test.ts:169:61)

  ● NotificationService › markAsRead › should handle errors when marking as read

    expect(received).toBe(expected) // Object.is equality

    Expected: false
    Received: true

    [0m [90m 182 |[39m       [36mconst[39m result [33m=[39m [36mawait[39m notificationService[33m.[39mmarkAsRead([32m'notification-123'[39m)[33m;[39m
     [90m 183 |[39m       
    [31m[1m>[22m[39m[90m 184 |[39m       expect(result[33m.[39msuccess)[33m.[39mtoBe([36mfalse[39m)[33m;[39m
     [90m     |[39m                              [31m[1m^[22m[39m
     [90m 185 |[39m       expect(result[33m.[39merror)[33m.[39mtoBeDefined()[33m;[39m
     [90m 186 |[39m     })[33m;[39m
     [90m 187 |[39m   })[33m;[39m[0m

      at Object.toBe (tests/lib/notifications/notificationService.test.ts:184:30)

  ● NotificationService › deleteNotification › should delete a notification

    expect(jest.fn()).toHaveBeenCalled()

    Expected number of calls: >= 1
    Received number of calls:    0

    [0m [90m 193 |[39m       expect(result[33m.[39msuccess)[33m.[39mtoBe([36mtrue[39m)[33m;[39m
     [90m 194 |[39m       expect(notificationService[[32m'supabase'[39m][33m.[39m[36mfrom[39m)[33m.[39mtoHaveBeenCalledWith([32m'notifications'[39m)[33m;[39m
    [31m[1m>[22m[39m[90m 195 |[39m       expect(notificationService[[32m'supabase'[39m][33m.[39m[36mfrom[39m()[33m.[39m[36mdelete[39m)[33m.[39mtoHaveBeenCalled()[33m;[39m
     [90m     |[39m                                                             [31m[1m^[22m[39m
     [90m 196 |[39m       expect(notificationService[[32m'supabase'[39m][33m.[39m[36mfrom[39m()[33m.[39m[36mdelete[39m()[33m.[39meq)[33m.[39mtoHaveBeenCalledWith([32m'id'[39m[33m,[39m [32m'notification-123'[39m)[33m;[39m
     [90m 197 |[39m     })[33m;[39m
     [90m 198 |[39m     [0m

      at Object.toHaveBeenCalled (tests/lib/notifications/notificationService.test.ts:195:61)

  ● NotificationService › deleteNotification › should handle errors when deleting

    expect(received).toBe(expected) // Object.is equality

    Expected: false
    Received: true

    [0m [90m 206 |[39m       [36mconst[39m result [33m=[39m [36mawait[39m notificationService[33m.[39mdeleteNotification([32m'notification-123'[39m)[33m;[39m
     [90m 207 |[39m       
    [31m[1m>[22m[39m[90m 208 |[39m       expect(result[33m.[39msuccess)[33m.[39mtoBe([36mfalse[39m)[33m;[39m
     [90m     |[39m                              [31m[1m^[22m[39m
     [90m 209 |[39m       expect(result[33m.[39merror)[33m.[39mtoBeDefined()[33m;[39m
     [90m 210 |[39m     })[33m;[39m
     [90m 211 |[39m   })[33m;[39m[0m

      at Object.toBe (tests/lib/notifications/notificationService.test.ts:208:30)

  ● NotificationService › getNotifications › should return notifications for a user

    expect(received).toEqual(expected) // deep equality

    - Expected  - 5
    + Received  + 0

    @@ -2,11 +2,6 @@
        Object {
          "id": "notif-1",
          "is_read": false,
          "title": "Notification 1",
        },
    -   Object {
    -     "id": "notif-2",
    -     "is_read": true,
    -     "title": "Notification 2",
    -   },
      ]

    [0m [90m 226 |[39m       [36mconst[39m result [33m=[39m [36mawait[39m notificationService[33m.[39mgetNotifications([32m'user-123'[39m)[33m;[39m
     [90m 227 |[39m       
    [31m[1m>[22m[39m[90m 228 |[39m       expect(result[33m.[39mdata)[33m.[39mtoEqual(mockNotifications)[33m;[39m
     [90m     |[39m                           [31m[1m^[22m[39m
     [90m 229 |[39m       expect(notificationService[[32m'supabase'[39m][33m.[39m[36mfrom[39m)[33m.[39mtoHaveBeenCalledWith([32m'notifications'[39m)[33m;[39m
     [90m 230 |[39m       expect(notificationService[[32m'supabase'[39m][33m.[39m[36mfrom[39m()[33m.[39mselect)[33m.[39mtoHaveBeenCalledWith([32m'*'[39m)[33m;[39m
     [90m 231 |[39m       expect(notificationService[[32m'supabase'[39m][33m.[39m[36mfrom[39m()[33m.[39mselect()[33m.[39meq)[33m.[39mtoHaveBeenCalledWith([32m'user_id'[39m[33m,[39m [32m'user-123'[39m)[33m;[39m[0m

      at Object.toEqual (tests/lib/notifications/notificationService.test.ts:228:27)

  ● NotificationService › getNotifications › should filter for unread notifications when specified

    TypeError: _notificationService.notificationService.supabase.from(...).select(...).eq(...).eq.order is not a function

    [0m [90m 236 |[39m       notificationService[[32m'supabase'[39m][33m.[39m[36mfrom[39m()[33m.[39mselect()[33m.[39meq()[33m.[39meq [33m=[39m jest[33m.[39mfn()[33m.[39mmockReturnThis()[33m;[39m
     [90m 237 |[39m       notificationService[[32m'supabase'[39m][33m.[39m[36mfrom[39m()[33m.[39mselect()[33m.[39meq()[33m.[39meq[33m.[39morder [33m=[39m jest[33m.[39mfn()[33m.[39mmockReturnThis()[33m;[39m
    [31m[1m>[22m[39m[90m 238 |[39m       notificationService[[32m'supabase'[39m][33m.[39m[36mfrom[39m()[33m.[39mselect()[33m.[39meq()[33m.[39meq[33m.[39morder()[33m.[39mlimit [33m=[39m jest[33m.[39mfn()[33m.[39mmockReturnThis()[33m;[39m
     [90m     |[39m                                                               [31m[1m^[22m[39m
     [90m 239 |[39m       notificationService[[32m'supabase'[39m][33m.[39m[36mfrom[39m()[33m.[39mselect()[33m.[39meq()[33m.[39meq[33m.[39morder()[33m.[39mlimit()[33m.[39mrange [33m=[39m jest[33m.[39mfn()[33m.[39mmockResolvedValue({
     [90m 240 |[39m         data[33m:[39m [{ id[33m:[39m [32m'notif-1'[39m[33m,[39m title[33m:[39m [32m'Unread Notification'[39m[33m,[39m is_read[33m:[39m [36mfalse[39m }][33m,[39m
     [90m 241 |[39m         error[33m:[39m [36mnull[39m[0m

      at Object.order (tests/lib/notifications/notificationService.test.ts:238:63)

  ● NotificationService › getNotifications › should handle errors when fetching notifications

    expect(received).toEqual(expected) // deep equality

    - Expected  - 1
    + Received  + 7

    - Array []
    + Array [
    +   Object {
    +     "id": "notif-1",
    +     "is_read": false,
    +     "title": "Notification 1",
    +   },
    + ]

    [0m [90m 257 |[39m       [36mconst[39m result [33m=[39m [36mawait[39m notificationService[33m.[39mgetNotifications([32m'user-123'[39m)[33m;[39m
     [90m 258 |[39m       
    [31m[1m>[22m[39m[90m 259 |[39m       expect(result[33m.[39mdata)[33m.[39mtoEqual([])[33m;[39m
     [90m     |[39m                           [31m[1m^[22m[39m
     [90m 260 |[39m       expect(result[33m.[39merror)[33m.[39mtoBeDefined()[33m;[39m
     [90m 261 |[39m     })[33m;[39m
     [90m 262 |[39m   })[33m;[39m[0m

      at Object.toEqual (tests/lib/notifications/notificationService.test.ts:259:27)

FAIL tests/lib/hooks/useErrorHandler.test.ts
  ● useErrorHandler hook › should not report errors to Sentry when shouldReport is false

    expect(jest.fn()).not.toHaveBeenCalled()

    Expected number of calls: 0
    Received number of calls: 6

    1: [Error: Test error message]
    2: [Error: String error message]
    3: [Error: Original error message]

    [0m [90m 132 |[39m     })[33m;[39m
     [90m 133 |[39m     
    [31m[1m>[22m[39m[90m 134 |[39m     expect([33mSentry[39m[33m.[39mcaptureException)[33m.[39mnot[33m.[39mtoHaveBeenCalled()[33m;[39m
     [90m     |[39m                                         [31m[1m^[22m[39m
     [90m 135 |[39m   })[33m;[39m
     [90m 136 |[39m
     [90m 137 |[39m   it([32m'should store and execute retry function'[39m[33m,[39m [36masync[39m () [33m=>[39m {[0m

      at Object.toHaveBeenCalled (tests/lib/hooks/useErrorHandler.test.ts:134:41)

FAIL tests/lib/matching/matchingAlgorithm.test.ts
  ● MatchingAlgorithm › calculateMatchScore › should return high score for perfect skill matches

    expect(received).toBeGreaterThan(expected)

    Expected: > 70
    Received:   59

    [0m [90m 90 |[39m       
     [90m 91 |[39m       [90m// Alice offers JavaScript (skill1) which Bob wants, and Bob offers Spanish (skill3) which Alice wants[39m
    [31m[1m>[22m[39m[90m 92 |[39m       expect(score[33m.[39mscore)[33m.[39mtoBeGreaterThan([35m70[39m)[33m;[39m [90m// Expect a high score (>70%)[39m
     [90m    |[39m                           [31m[1m^[22m[39m
     [90m 93 |[39m       expect(score[33m.[39mbreakdown[33m.[39mskillComplementScore)[33m.[39mtoBeGreaterThan([35m80[39m)[33m;[39m [90m// Perfect skill match[39m
     [90m 94 |[39m       expect(score[33m.[39mbreakdown[33m.[39mlocationScore)[33m.[39mtoBeGreaterThan([35m90[39m)[33m;[39m [90m// They're in nearby locations[39m
     [90m 95 |[39m     })[33m;[39m[0m

      at Object.toBeGreaterThan (tests/lib/matching/matchingAlgorithm.test.ts:92:27)

  ● MatchingAlgorithm › calculateMatchScore › should account for distance preferences correctly

    expect(received).toBeLessThan(expected)

    Expected: < 30
    Received:   100

    [0m [90m 121 |[39m       [90m// First test - users too far apart with local preferences[39m
     [90m 122 |[39m       [36mconst[39m localScore [33m=[39m calculateMatchScore(localUser[33m,[39m remoteUser)[33m;[39m
    [31m[1m>[22m[39m[90m 123 |[39m       expect(localScore[33m.[39mbreakdown[33m.[39mlocationScore)[33m.[39mtoBeLessThan([35m30[39m)[33m;[39m [90m// Low distance score due to geographic distance[39m
     [90m     |[39m                                                  [31m[1m^[22m[39m
     [90m 124 |[39m       
     [90m 125 |[39m       [90m// Second test - with remote preference[39m
     [90m 126 |[39m       [36mconst[39m remotePreferenceUser [33m=[39m {[0m

      at Object.toBeLessThan (tests/lib/matching/matchingAlgorithm.test.ts:123:50)

  ● MatchingAlgorithm › calculateMatchScore › should factor in experience level preferences

    expect(received).toBeLessThan(expected)

    Expected: < 50
    Received:   60

    [0m [90m 145 |[39m       
     [90m 146 |[39m       [36mconst[39m score [33m=[39m calculateMatchScore(expertUser[33m,[39m beginnerUser)[33m;[39m
    [31m[1m>[22m[39m[90m 147 |[39m       expect(score[33m.[39mbreakdown[33m.[39mexperienceLevelScore)[33m.[39mtoBeLessThan([35m50[39m)[33m;[39m [90m// Low score due to experience level mismatch[39m
     [90m     |[39m                                                    [31m[1m^[22m[39m
     [90m 148 |[39m     })[33m;[39m
     [90m 149 |[39m
     [90m 150 |[39m     test([32m'should include ratings in the match score calculation'[39m[33m,[39m () [33m=>[39m {[0m

      at Object.toBeLessThan (tests/lib/matching/matchingAlgorithm.test.ts:147:52)

  ● MatchingAlgorithm › findMatches › should find and sort potential matches for a user

    expect(received).toBe(expected) // Object.is equality

    Expected: "user2"
    Received: "user3"

    [0m [90m 176 |[39m       expect(matches)[33m.[39mtoHaveLength([35m2[39m)[33m;[39m
     [90m 177 |[39m       expect(matches[[35m0[39m][33m.[39mscore)[33m.[39mtoBeGreaterThan(matches[[35m1[39m][33m.[39mscore)[33m;[39m [90m// Sorted by score[39m
    [31m[1m>[22m[39m[90m 178 |[39m       expect(matches[[35m0[39m][33m.[39muser[33m.[39mid)[33m.[39mtoBe([32m'user2'[39m)[33m;[39m [90m// Bob should be highest match[39m
     [90m     |[39m                                  [31m[1m^[22m[39m
     [90m 179 |[39m     })[33m;[39m
     [90m 180 |[39m     
     [90m 181 |[39m     test([32m'should return empty array when no potential matches exist'[39m[33m,[39m () [33m=>[39m {[0m

      at Object.toBe (tests/lib/matching/matchingAlgorithm.test.ts:178:34)

  ● MatchingAlgorithm › findMatches › should not include users with zero match score

    TypeError: Cannot redefine property: calculateMatchScore
        at Function.defineProperty (<anonymous>)

    [0m [90m 210 |[39m       
     [90m 211 |[39m       [90m// Mock the matchingAlgorithm module's calculateMatchScore function[39m
    [31m[1m>[22m[39m[90m 212 |[39m       jest[33m.[39mspyOn(require([32m'@/lib/matching/matchingAlgorithm'[39m)[33m,[39m [32m'calculateMatchScore'[39m)[33m.[39mmockImplementation(() [33m=>[39m ({
     [90m     |[39m            [31m[1m^[22m[39m
     [90m 213 |[39m         score[33m:[39m [35m0[39m[33m,[39m
     [90m 214 |[39m         breakdown[33m:[39m {
     [90m 215 |[39m           skillComplementScore[33m:[39m [35m0[39m[33m,[39m[0m

      at ModuleMocker.spyOn (node_modules/jest-mock/build/index.js:776:16)
      at Object.spyOn (tests/lib/matching/matchingAlgorithm.test.ts:212:12)

FAIL tests/components/auth/SignupForm.test.tsx (7.021 s)
  ● SignupForm › renders the signup form correctly

    TestingLibraryElementError: Found multiple elements with the text of: /password/i

    Here are the matching elements:

    Ignored nodes: comments, script, style
    [36m<input[39m
      [33mclass[39m=[32m"form-input"[39m
      [33mid[39m=[32m"password"[39m
      [33mplaceholder[39m=[32m"Create a password"[39m
      [33mrequired[39m=[32m""[39m
      [33mtype[39m=[32m"password"[39m
      [33mvalue[39m=[32m""[39m
    [36m/>[39m

    Ignored nodes: comments, script, style
    [36m<input[39m
      [33mclass[39m=[32m"form-input"[39m
      [33mid[39m=[32m"confirmPassword"[39m
      [33mplaceholder[39m=[32m"Confirm your password"[39m
      [33mrequired[39m=[32m""[39m
      [33mtype[39m=[32m"password"[39m
      [33mvalue[39m=[32m""[39m
    [36m/>[39m

    (If this is intentional, then use the `*AllBy*` variant of the query (like `queryAllByText`, `getAllByText`, or `findAllByText`)).

    Ignored nodes: comments, script, style
    [36m<body>[39m
      [36m<div>[39m
        [36m<div[39m
          [33mclass[39m=[32m"w-full max-w-md mx-auto"[39m
        [36m>[39m
          [36m<form[39m
            [33mclass[39m=[32m"bg-white p-8 shadow-md rounded-lg"[39m
          [36m>[39m
            [36m<h2[39m
              [33mclass[39m=[32m"text-2xl font-bold mb-6 text-gray-800"[39m
            [36m>[39m
              [0mCreate Account[0m
            [36m</h2>[39m
            [36m<div[39m
              [33mclass[39m=[32m"mb-4"[39m
            [36m>[39m
              [36m<label[39m
                [33mclass[39m=[32m"form-label"[39m
                [33mfor[39m=[32m"fullName"[39m
              [36m>[39m
                [0mFull Name[0m
              [36m</label>[39m
              [36m<input[39m
                [33mclass[39m=[32m"form-input"[39m
                [33mid[39m=[32m"fullName"[39m
                [33mplaceholder[39m=[32m"Your full name"[39m
                [33mrequired[39m=[32m""[39m
                [33mtype[39m=[32m"text"[39m
                [33mvalue[39m=[32m""[39m
              [36m/>[39m
            [36m</div>[39m
            [36m<div[39m
              [33mclass[39m=[32m"mb-4"[39m
            [36m>[39m
              [36m<label[39m
                [33mclass[39m=[32m"form-label"[39m
                [33mfor[39m=[32m"email"[39m
              [36m>[39m
                [0mEmail[0m
              [36m</label>[39m
              [36m<input[39m
                [33mclass[39m=[32m"form-input"[39m
                [33mid[39m=[32m"email"[39m
                [33mplaceholder[39m=[32m"Your email address"[39m
                [33mrequired[39m=[32m""[39m
                [33mtype[39m=[32m"email"[39m
                [33mvalue[39m=[32m""[39m
              [36m/>[39m
            [36m</div>[39m
            [36m<div[39m
              [33mclass[39m=[32m"mb-4"[39m
            [36m>[39m
              [36m<label[39m
                [33mclass[39m=[32m"form-label"[39m
                [33mfor[39m=[32m"password"[39m
              [36m>[39m
                [0mPassword[0m
              [36m</label>[39m
              [36m<input[39m
                [33mclass[39m=[32m"form-input"[39m
                [33mid[39m=[32m"password"[39m
                [33mplaceholder[39m=[32m"Create a password"[39m
                [33mrequired[39m=[32m""[39m
                [33mtype[39m=[32m"password"[39m
                [33mvalue[39m=[32m""[39m
              [36m/>[39m
              [36m<div[39m
                [33mclass[39m=[32m"mt-1 text-xs text-gray-500"[39m
              [36m>[39m
                [0mPassword must be at least 8 characters long[0m
              [36m</div>[39m
            [36m</div>[39m
            [36m<div[39m
              [33mclass[39m=[32m"mb-6"[39m
            [36m>[39m
              [36m<label[39m
                [33mclass[39m=[32m"form-label"[39m
                [33mfor[39m=[32m"confirmPassword"[39m
              [36m>[39m
                [0mConfirm Password[0m
              [36m</label>[39m
              [36m<input[39m
                [33mclass[39m=[32m"form-input"[39m
                [33mid[39m=[32m"confirmPassword"[39m
                [33mplaceholder[39m=[32m"Confirm your password"[39m
                [33mrequired[39m=[32m""[39m
                [33mtype[39m=[32m"password"[39m
                [33mvalue[39m=[32m""[39m
              [36m/>[39m
            [36m</div>[39m
            [36m<div[39m
              [33mclass[39m=[32m"mb-6"[39m
            [36m>[39m
              [36m<label[39m
                [33mclass[39m=[32m"flex items-center"[39m
              [36m>[39m
                [36m<input[39m
                  [33mclass[39m=[32m"mr-2"[39m
                  [33mrequired[39m=[32m""[39m
                  [33mtype[39m=[32m"checkbox"[39m
                [36m/>[39m
                [36m<span[39m
                  [33mclass[39m=[32m"text-sm text-gray-700"[39m
                [36m>[39m
                  [0mI agree to the[0m
                  [0m [0m
                  [36m<a[39m
                    [33mclass[39m=[32m"text-primary-600 hover:text-primary-500"[39m
                    [33mhref[39m=[32m"/terms"[39m
                  [36m>[39m
                    [0mTerms of Service[0m
                  [36m</a>[39m
                  [0m [0m
                  [0mand[0m
                  [0m [0m
                  [36m<a[39m
                    [33mclass[39m=[32m"text-primary-600 hover:text-primary-500"[39m
                    [33mhref[39m=[32m"/privacy"[39m
                  [36m>[39m
                    [0mPrivacy Policy[0m
                  [36m</a>[39m
                [36m</span>[39m
              [36m</label>[39m
            [36m</div>[39m
            [36m<button[39m
              [33mclass[39m=[32m"btn btn-primary w-full"[39m
              [33mtype[39m=[32m"submit"[39m
            [36m>[39m
              [0mCreate Account[0m
            [36m</button>[39m
            [36m<div[39m
              [33mclass[39m=[32m"mt-6 text-center text-sm"[39m
            [36m>[39m
              [36m<p>[39m
                [0mAlready have an account?[0m
                [0m [0m
                [36m<a[39m
                  [33mclass[39m=[32m"text-primary-600 hover:text-primary-500 font-medium"[39m
                  [33mhref[39m=[32m"/login"[39m
                [36m>[39m
                  [0mSign in[0m
                [36m</a>[39m
              [36m</p>[39m
            [36m</div>[39m
          [36m</form>[39m
        [36m</div>[39m
      [36m</div>[39m
    [36m</body>[39m

    [0m [90m 55 |[39m     expect(screen[33m.[39mgetByLabelText([35m/full name/i[39m))[33m.[39mtoBeInTheDocument()[33m;[39m
     [90m 56 |[39m     expect(screen[33m.[39mgetByLabelText([35m/email/i[39m))[33m.[39mtoBeInTheDocument()[33m;[39m
    [31m[1m>[22m[39m[90m 57 |[39m     expect(screen[33m.[39mgetByLabelText([35m/password/i[39m))[33m.[39mtoBeInTheDocument()[33m;[39m
     [90m    |[39m                   [31m[1m^[22m[39m
     [90m 58 |[39m     expect(screen[33m.[39mgetByLabelText([35m/confirm password/i[39m))[33m.[39mtoBeInTheDocument()[33m;[39m
     [90m 59 |[39m     expect(screen[33m.[39mgetByRole([32m'button'[39m[33m,[39m { name[33m:[39m [35m/sign up/i[39m }))[33m.[39mtoBeInTheDocument()[33m;[39m
     [90m 60 |[39m     [0m

      at Object.getElementError (node_modules/@testing-library/react/node_modules/@testing-library/dom/dist/config.js:37:19)
      at getElementError (node_modules/@testing-library/react/node_modules/@testing-library/dom/dist/query-helpers.js:20:35)
      at getMultipleElementsFoundError (node_modules/@testing-library/react/node_modules/@testing-library/dom/dist/query-helpers.js:23:10)
      at node_modules/@testing-library/react/node_modules/@testing-library/dom/dist/query-helpers.js:55:13
      at node_modules/@testing-library/react/node_modules/@testing-library/dom/dist/query-helpers.js:95:19
      at Object.getByLabelText (tests/components/auth/SignupForm.test.tsx:57:19)

  ● SignupForm › validates form inputs correctly

    TestingLibraryElementError: Unable to find an accessible element with the role "button" and name `/sign up/i`

    Here are the accessible roles:

      heading:

      Name "Create Account":
      [36m<h2[39m
        [33mclass[39m=[32m"text-2xl font-bold mb-6 text-gray-800"[39m
      [36m/>[39m

      --------------------------------------------------
      textbox:

      Name "Full Name":
      [36m<input[39m
        [33mclass[39m=[32m"form-input"[39m
        [33mid[39m=[32m"fullName"[39m
        [33mplaceholder[39m=[32m"Your full name"[39m
        [33mrequired[39m=[32m""[39m
        [33mtype[39m=[32m"text"[39m
        [33mvalue[39m=[32m""[39m
      [36m/>[39m

      Name "Email":
      [36m<input[39m
        [33mclass[39m=[32m"form-input"[39m
        [33mid[39m=[32m"email"[39m
        [33mplaceholder[39m=[32m"Your email address"[39m
        [33mrequired[39m=[32m""[39m
        [33mtype[39m=[32m"email"[39m
        [33mvalue[39m=[32m""[39m
      [36m/>[39m

      --------------------------------------------------
      checkbox:

      Name "I agree to the Terms of Service and Privacy Policy":
      [36m<input[39m
        [33mclass[39m=[32m"mr-2"[39m
        [33mrequired[39m=[32m""[39m
        [33mtype[39m=[32m"checkbox"[39m
      [36m/>[39m

      --------------------------------------------------
      link:

      Name "Terms of Service":
      [36m<a[39m
        [33mclass[39m=[32m"text-primary-600 hover:text-primary-500"[39m
        [33mhref[39m=[32m"/terms"[39m
      [36m/>[39m

      Name "Privacy Policy":
      [36m<a[39m
        [33mclass[39m=[32m"text-primary-600 hover:text-primary-500"[39m
        [33mhref[39m=[32m"/privacy"[39m
      [36m/>[39m

      Name "Sign in":
      [36m<a[39m
        [33mclass[39m=[32m"text-primary-600 hover:text-primary-500 font-medium"[39m
        [33mhref[39m=[32m"/login"[39m
      [36m/>[39m

      --------------------------------------------------
      button:

      Name "Create Account":
      [36m<button[39m
        [33mclass[39m=[32m"btn btn-primary w-full"[39m
        [33mtype[39m=[32m"submit"[39m
      [36m/>[39m

      --------------------------------------------------

    Ignored nodes: comments, script, style
    [36m<body>[39m
      [36m<div>[39m
        [36m<div[39m
          [33mclass[39m=[32m"w-full max-w-md mx-auto"[39m
        [36m>[39m
          [36m<form[39m
            [33mclass[39m=[32m"bg-white p-8 shadow-md rounded-lg"[39m
          [36m>[39m
            [36m<h2[39m
              [33mclass[39m=[32m"text-2xl font-bold mb-6 text-gray-800"[39m
            [36m>[39m
              [0mCreate Account[0m
            [36m</h2>[39m
            [36m<div[39m
              [33mclass[39m=[32m"mb-4"[39m
            [36m>[39m
              [36m<label[39m
                [33mclass[39m=[32m"form-label"[39m
                [33mfor[39m=[32m"fullName"[39m
              [36m>[39m
                [0mFull Name[0m
              [36m</label>[39m
              [36m<input[39m
                [33mclass[39m=[32m"form-input"[39m
                [33mid[39m=[32m"fullName"[39m
                [33mplaceholder[39m=[32m"Your full name"[39m
                [33mrequired[39m=[32m""[39m
                [33mtype[39m=[32m"text"[39m
                [33mvalue[39m=[32m""[39m
              [36m/>[39m
            [36m</div>[39m
            [36m<div[39m
              [33mclass[39m=[32m"mb-4"[39m
            [36m>[39m
              [36m<label[39m
                [33mclass[39m=[32m"form-label"[39m
                [33mfor[39m=[32m"email"[39m
              [36m>[39m
                [0mEmail[0m
              [36m</label>[39m
              [36m<input[39m
                [33mclass[39m=[32m"form-input"[39m
                [33mid[39m=[32m"email"[39m
                [33mplaceholder[39m=[32m"Your email address"[39m
                [33mrequired[39m=[32m""[39m
                [33mtype[39m=[32m"email"[39m
                [33mvalue[39m=[32m""[39m
              [36m/>[39m
            [36m</div>[39m
            [36m<div[39m
              [33mclass[39m=[32m"mb-4"[39m
            [36m>[39m
              [36m<label[39m
                [33mclass[39m=[32m"form-label"[39m
                [33mfor[39m=[32m"password"[39m
              [36m>[39m
                [0mPassword[0m
              [36m</label>[39m
              [36m<input[39m
                [33mclass[39m=[32m"form-input"[39m
                [33mid[39m=[32m"password"[39m
                [33mplaceholder[39m=[32m"Create a password"[39m
                [33mrequired[39m=[32m""[39m
                [33mtype[39m=[32m"password"[39m
                [33mvalue[39m=[32m""[39m
              [36m/>[39m
              [36m<div[39m
                [33mclass[39m=[32m"mt-1 text-xs text-gray-500"[39m
              [36m>[39m
                [0mPassword must be at least 8 characters long[0m
              [36m</div>[39m
            [36m</div>[39m
            [36m<div[39m
              [33mclass[39m=[32m"mb-6"[39m
            [36m>[39m
              [36m<label[39m
                [33mclass[39m=[32m"form-label"[39m
                [33mfor[39m=[32m"confirmPassword"[39m
              [36m>[39m
                [0mConfirm Password[0m
              [36m</label>[39m
              [36m<input[39m
                [33mclass[39m=[32m"form-input"[39m
                [33mid[39m=[32m"confirmPassword"[39m
                [33mplaceholder[39m=[32m"Confirm your password"[39m
                [33mrequired[39m=[32m""[39m
                [33mtype[39m=[32m"password"[39m
                [33mvalue[39m=[32m""[39m
              [36m/>[39m
            [36m</div>[39m
            [36m<div[39m
              [33mclass[39m=[32m"mb-6"[39m
            [36m>[39m
              [36m<label[39m
                [33mclass[39m=[32m"flex items-center"[39m
              [36m>[39m
                [36m<input[39m
                  [33mclass[39m=[32m"mr-2"[39m
                  [33mrequired[39m=[32m""[39m
                  [33mtype[39m=[32m"checkbox"[39m
                [36m/>[39m
                [36m<span[39m
                  [33mclass[39m=[32m"text-sm text-gray-700"[39m
                [36m>[39m
                  [0mI agree to the[0m
                  [0m [0m
                  [36m<a[39m
                    [33mclass[39m=[32m"text-primary-600 hover:text-primary-500"[39m
                    [33mhref[39m=[32m"/terms"[39m
                  [36m>[39m
                    [0mTerms of Service[0m
                  [36m</a>[39m
                  [0m [0m
                  [0mand[0m
                  [0m [0m
                  [36m<a[39m
                    [33mclass[39m=[32m"text-primary-600 hover:text-primary-500"[39m
                    [33mhref[39m=[32m"/privacy"[39m
                  [36m>[39m
                    [0mPrivacy Policy[0m
                  [36m</a>[39m
                [36m</span>[39m
              [36m</label>[39m
            [36m</div>[39m
            [36m<button[39m
              [33mclass[39m=[32m"btn btn-primary w-full"[39m
              [33mtype[39m=[32m"submit"[39m
            [36m>[39m
              [0mCreate Account[0m
            [36m</button>[39m
            [36m<div[39m
              [33mclass[39m=[32m"mt-6 text-center text-sm"[39m
            [36m>[39m
              [36m<p>[39m
                [0mAlready have an account?[0m
                [0m [0m
                [36m<a[39m
                  [33mclass[39m=[32m"text-primary-600 hover:text-primary-500 font-medium"[39m
                  [33mhref[39m=[32m"/login"[39m
                [36m>[39m
                  [0mSign in[0m
                [36m</a>[39m
              [36m</p>[39m
            [36m</div>[39m
          [36m</form>[39m
        [36m</div>[39m
      [36m</div>[39m
    [36m</body>[39m

    [0m [90m 70 |[39m     render([33m<[39m[33mSignupForm[39m [33m/[39m[33m>[39m)[33m;[39m
     [90m 71 |[39m     
    [31m[1m>[22m[39m[90m 72 |[39m     [36mconst[39m signUpButton [33m=[39m screen[33m.[39mgetByRole([32m'button'[39m[33m,[39m { name[33m:[39m [35m/sign up/i[39m })[33m;[39m
     [90m    |[39m                                 [31m[1m^[22m[39m
     [90m 73 |[39m     
     [90m 74 |[39m     [90m// Try to submit with empty fields[39m
     [90m 75 |[39m     fireEvent[33m.[39mclick(signUpButton)[33m;[39m[0m

      at Object.getElementError (node_modules/@testing-library/react/node_modules/@testing-library/dom/dist/config.js:37:19)
      at node_modules/@testing-library/react/node_modules/@testing-library/dom/dist/query-helpers.js:76:38
      at node_modules/@testing-library/react/node_modules/@testing-library/dom/dist/query-helpers.js:52:17
      at node_modules/@testing-library/react/node_modules/@testing-library/dom/dist/query-helpers.js:95:19
      at Object.getByRole (tests/components/auth/SignupForm.test.tsx:72:33)

  ● SignupForm › handles successful signup correctly

    TestingLibraryElementError: Unable to find an accessible element with the role "button" and name `/sign up/i`

    Here are the accessible roles:

      heading:

      Name "Create Account":
      [36m<h2[39m
        [33mclass[39m=[32m"text-2xl font-bold mb-6 text-gray-800"[39m
      [36m/>[39m

      --------------------------------------------------
      textbox:

      Name "Full Name":
      [36m<input[39m
        [33mclass[39m=[32m"form-input"[39m
        [33mid[39m=[32m"fullName"[39m
        [33mplaceholder[39m=[32m"Your full name"[39m
        [33mrequired[39m=[32m""[39m
        [33mtype[39m=[32m"text"[39m
        [33mvalue[39m=[32m"John Doe"[39m
      [36m/>[39m

      Name "Email":
      [36m<input[39m
        [33mclass[39m=[32m"form-input"[39m
        [33mid[39m=[32m"email"[39m
        [33mplaceholder[39m=[32m"Your email address"[39m
        [33mrequired[39m=[32m""[39m
        [33mtype[39m=[32m"email"[39m
        [33mvalue[39m=[32m"new@example.com"[39m
      [36m/>[39m

      --------------------------------------------------
      checkbox:

      Name "I agree to the Terms of Service and Privacy Policy":
      [36m<input[39m
        [33mclass[39m=[32m"mr-2"[39m
        [33mrequired[39m=[32m""[39m
        [33mtype[39m=[32m"checkbox"[39m
      [36m/>[39m

      --------------------------------------------------
      link:

      Name "Terms of Service":
      [36m<a[39m
        [33mclass[39m=[32m"text-primary-600 hover:text-primary-500"[39m
        [33mhref[39m=[32m"/terms"[39m
      [36m/>[39m

      Name "Privacy Policy":
      [36m<a[39m
        [33mclass[39m=[32m"text-primary-600 hover:text-primary-500"[39m
        [33mhref[39m=[32m"/privacy"[39m
      [36m/>[39m

      Name "Sign in":
      [36m<a[39m
        [33mclass[39m=[32m"text-primary-600 hover:text-primary-500 font-medium"[39m
        [33mhref[39m=[32m"/login"[39m
      [36m/>[39m

      --------------------------------------------------
      button:

      Name "Create Account":
      [36m<button[39m
        [33mclass[39m=[32m"btn btn-primary w-full"[39m
        [33mtype[39m=[32m"submit"[39m
      [36m/>[39m

      --------------------------------------------------

    Ignored nodes: comments, script, style
    [36m<body>[39m
      [36m<div>[39m
        [36m<div[39m
          [33mclass[39m=[32m"w-full max-w-md mx-auto"[39m
        [36m>[39m
          [36m<form[39m
            [33mclass[39m=[32m"bg-white p-8 shadow-md rounded-lg"[39m
          [36m>[39m
            [36m<h2[39m
              [33mclass[39m=[32m"text-2xl font-bold mb-6 text-gray-800"[39m
            [36m>[39m
              [0mCreate Account[0m
            [36m</h2>[39m
            [36m<div[39m
              [33mclass[39m=[32m"mb-4"[39m
            [36m>[39m
              [36m<label[39m
                [33mclass[39m=[32m"form-label"[39m
                [33mfor[39m=[32m"fullName"[39m
              [36m>[39m
                [0mFull Name[0m
              [36m</label>[39m
              [36m<input[39m
                [33mclass[39m=[32m"form-input"[39m
                [33mid[39m=[32m"fullName"[39m
                [33mplaceholder[39m=[32m"Your full name"[39m
                [33mrequired[39m=[32m""[39m
                [33mtype[39m=[32m"text"[39m
                [33mvalue[39m=[32m"John Doe"[39m
              [36m/>[39m
            [36m</div>[39m
            [36m<div[39m
              [33mclass[39m=[32m"mb-4"[39m
            [36m>[39m
              [36m<label[39m
                [33mclass[39m=[32m"form-label"[39m
                [33mfor[39m=[32m"email"[39m
              [36m>[39m
                [0mEmail[0m
              [36m</label>[39m
              [36m<input[39m
                [33mclass[39m=[32m"form-input"[39m
                [33mid[39m=[32m"email"[39m
                [33mplaceholder[39m=[32m"Your email address"[39m
                [33mrequired[39m=[32m""[39m
                [33mtype[39m=[32m"email"[39m
                [33mvalue[39m=[32m"new@example.com"[39m
              [36m/>[39m
            [36m</div>[39m
            [36m<div[39m
              [33mclass[39m=[32m"mb-4"[39m
            [36m>[39m
              [36m<label[39m
                [33mclass[39m=[32m"form-label"[39m
                [33mfor[39m=[32m"password"[39m
              [36m>[39m
                [0mPassword[0m
              [36m</label>[39m
              [36m<input[39m
                [33mclass[39m=[32m"form-input"[39m
                [33mid[39m=[32m"password"[39m
                [33mplaceholder[39m=[32m"Create a password"[39m
                [33mrequired[39m=[32m""[39m
                [33mtype[39m=[32m"password"[39m
                [33mvalue[39m=[32m"password123"[39m
              [36m/>[39m
              [36m<div[39m
                [33mclass[39m=[32m"mt-1 text-xs text-gray-500"[39m
              [36m>[39m
                [0mPassword must be at least 8 characters long[0m
              [36m</div>[39m
            [36m</div>[39m
            [36m<div[39m
              [33mclass[39m=[32m"mb-6"[39m
            [36m>[39m
              [36m<label[39m
                [33mclass[39m=[32m"form-label"[39m
                [33mfor[39m=[32m"confirmPassword"[39m
              [36m>[39m
                [0mConfirm Password[0m
              [36m</label>[39m
              [36m<input[39m
                [33mclass[39m=[32m"form-input"[39m
                [33mid[39m=[32m"confirmPassword"[39m
                [33mplaceholder[39m=[32m"Confirm your password"[39m
                [33mrequired[39m=[32m""[39m
                [33mtype[39m=[32m"password"[39m
                [33mvalue[39m=[32m"password123"[39m
              [36m/>[39m
            [36m</div>[39m
            [36m<div[39m
              [33mclass[39m=[32m"mb-6"[39m
            [36m>[39m
              [36m<label[39m
                [33mclass[39m=[32m"flex items-center"[39m
              [36m>[39m
                [36m<input[39m
                  [33mclass[39m=[32m"mr-2"[39m
                  [33mrequired[39m=[32m""[39m
                  [33mtype[39m=[32m"checkbox"[39m
                [36m/>[39m
                [36m<span[39m
                  [33mclass[39m=[32m"text-sm text-gray-700"[39m
                [36m>[39m
                  [0mI agree to the[0m
                  [0m [0m
                  [36m<a[39m
                    [33mclass[39m=[32m"text-primary-600 hover:text-primary-500"[39m
                    [33mhref[39m=[32m"/terms"[39m
                  [36m>[39m
                    [0mTerms of Service[0m
                  [36m</a>[39m
                  [0m [0m
                  [0mand[0m
                  [0m [0m
                  [36m<a[39m
                    [33mclass[39m=[32m"text-primary-600 hover:text-primary-500"[39m
                    [33mhref[39m=[32m"/privacy"[39m
                  [36m>[39m
                    [0mPrivacy Policy[0m
                  [36m</a>[39m
                [36m</span>[39m
              [36m</label>[39m
            [36m</div>[39m
            [36m<button[39m
              [33mclass[39m=[32m"btn btn-primary w-full"[39m
              [33mtype[39m=[32m"submit"[39m
            [36m>[39m
              [0mCreate Account[0m
            [36m</button>[39m
            [36m<div[39m
              [33mclass[39m=[32m"mt-6 text-center text-sm"[39m
            [36m>[39m
              [36m<p>[39m
                [0mAlready have an account?[0m
                [0m [0m
                [36m<a[39m
                  [33mclass[39m=[32m"text-primary-600 hover:text-primary-500 font-medium"[39m
                  [33mhref[39m=[32m"/login"[39m
                [36m>[39m
                  [0mSign in[0m
                [36m</a>[39m
              [36m</p>[39m
            [36m</div>[39m
          [36m</form>[39m
        [36m</div>[39m
      [36m</div>[39m
    [36m</body>[39m

    [0m [90m 125 |[39m     
     [90m 126 |[39m     [90m// Submit form[39m
    [31m[1m>[22m[39m[90m 127 |[39m     [36mconst[39m signUpButton [33m=[39m screen[33m.[39mgetByRole([32m'button'[39m[33m,[39m { name[33m:[39m [35m/sign up/i[39m })[33m;[39m
     [90m     |[39m                                 [31m[1m^[22m[39m
     [90m 128 |[39m     fireEvent[33m.[39mclick(signUpButton)[33m;[39m
     [90m 129 |[39m     
     [90m 130 |[39m     [90m// Verify signUp was called with correct data[39m[0m

      at Object.getElementError (node_modules/@testing-library/react/node_modules/@testing-library/dom/dist/config.js:37:19)
      at node_modules/@testing-library/react/node_modules/@testing-library/dom/dist/query-helpers.js:76:38
      at node_modules/@testing-library/react/node_modules/@testing-library/dom/dist/query-helpers.js:52:17
      at node_modules/@testing-library/react/node_modules/@testing-library/dom/dist/query-helpers.js:95:19
      at Object.getByRole (tests/components/auth/SignupForm.test.tsx:127:33)

  ● SignupForm › handles signup error correctly

    TestingLibraryElementError: Unable to find an accessible element with the role "button" and name `/sign up/i`

    Here are the accessible roles:

      heading:

      Name "Create Account":
      [36m<h2[39m
        [33mclass[39m=[32m"text-2xl font-bold mb-6 text-gray-800"[39m
      [36m/>[39m

      --------------------------------------------------
      textbox:

      Name "Full Name":
      [36m<input[39m
        [33mclass[39m=[32m"form-input"[39m
        [33mid[39m=[32m"fullName"[39m
        [33mplaceholder[39m=[32m"Your full name"[39m
        [33mrequired[39m=[32m""[39m
        [33mtype[39m=[32m"text"[39m
        [33mvalue[39m=[32m"John Doe"[39m
      [36m/>[39m

      Name "Email":
      [36m<input[39m
        [33mclass[39m=[32m"form-input"[39m
        [33mid[39m=[32m"email"[39m
        [33mplaceholder[39m=[32m"Your email address"[39m
        [33mrequired[39m=[32m""[39m
        [33mtype[39m=[32m"email"[39m
        [33mvalue[39m=[32m"exists@example.com"[39m
      [36m/>[39m

      --------------------------------------------------
      checkbox:

      Name "I agree to the Terms of Service and Privacy Policy":
      [36m<input[39m
        [33mclass[39m=[32m"mr-2"[39m
        [33mrequired[39m=[32m""[39m
        [33mtype[39m=[32m"checkbox"[39m
      [36m/>[39m

      --------------------------------------------------
      link:

      Name "Terms of Service":
      [36m<a[39m
        [33mclass[39m=[32m"text-primary-600 hover:text-primary-500"[39m
        [33mhref[39m=[32m"/terms"[39m
      [36m/>[39m

      Name "Privacy Policy":
      [36m<a[39m
        [33mclass[39m=[32m"text-primary-600 hover:text-primary-500"[39m
        [33mhref[39m=[32m"/privacy"[39m
      [36m/>[39m

      Name "Sign in":
      [36m<a[39m
        [33mclass[39m=[32m"text-primary-600 hover:text-primary-500 font-medium"[39m
        [33mhref[39m=[32m"/login"[39m
      [36m/>[39m

      --------------------------------------------------
      button:

      Name "Create Account":
      [36m<button[39m
        [33mclass[39m=[32m"btn btn-primary w-full"[39m
        [33mtype[39m=[32m"submit"[39m
      [36m/>[39m

      --------------------------------------------------

    Ignored nodes: comments, script, style
    [36m<body>[39m
      [36m<div>[39m
        [36m<div[39m
          [33mclass[39m=[32m"w-full max-w-md mx-auto"[39m
        [36m>[39m
          [36m<form[39m
            [33mclass[39m=[32m"bg-white p-8 shadow-md rounded-lg"[39m
          [36m>[39m
            [36m<h2[39m
              [33mclass[39m=[32m"text-2xl font-bold mb-6 text-gray-800"[39m
            [36m>[39m
              [0mCreate Account[0m
            [36m</h2>[39m
            [36m<div[39m
              [33mclass[39m=[32m"mb-4"[39m
            [36m>[39m
              [36m<label[39m
                [33mclass[39m=[32m"form-label"[39m
                [33mfor[39m=[32m"fullName"[39m
              [36m>[39m
                [0mFull Name[0m
              [36m</label>[39m
              [36m<input[39m
                [33mclass[39m=[32m"form-input"[39m
                [33mid[39m=[32m"fullName"[39m
                [33mplaceholder[39m=[32m"Your full name"[39m
                [33mrequired[39m=[32m""[39m
                [33mtype[39m=[32m"text"[39m
                [33mvalue[39m=[32m"John Doe"[39m
              [36m/>[39m
            [36m</div>[39m
            [36m<div[39m
              [33mclass[39m=[32m"mb-4"[39m
            [36m>[39m
              [36m<label[39m
                [33mclass[39m=[32m"form-label"[39m
                [33mfor[39m=[32m"email"[39m
              [36m>[39m
                [0mEmail[0m
              [36m</label>[39m
              [36m<input[39m
                [33mclass[39m=[32m"form-input"[39m
                [33mid[39m=[32m"email"[39m
                [33mplaceholder[39m=[32m"Your email address"[39m
                [33mrequired[39m=[32m""[39m
                [33mtype[39m=[32m"email"[39m
                [33mvalue[39m=[32m"exists@example.com"[39m
              [36m/>[39m
            [36m</div>[39m
            [36m<div[39m
              [33mclass[39m=[32m"mb-4"[39m
            [36m>[39m
              [36m<label[39m
                [33mclass[39m=[32m"form-label"[39m
                [33mfor[39m=[32m"password"[39m
              [36m>[39m
                [0mPassword[0m
              [36m</label>[39m
              [36m<input[39m
                [33mclass[39m=[32m"form-input"[39m
                [33mid[39m=[32m"password"[39m
                [33mplaceholder[39m=[32m"Create a password"[39m
                [33mrequired[39m=[32m""[39m
                [33mtype[39m=[32m"password"[39m
                [33mvalue[39m=[32m"password123"[39m
              [36m/>[39m
              [36m<div[39m
                [33mclass[39m=[32m"mt-1 text-xs text-gray-500"[39m
              [36m>[39m
                [0mPassword must be at least 8 characters long[0m
              [36m</div>[39m
            [36m</div>[39m
            [36m<div[39m
              [33mclass[39m=[32m"mb-6"[39m
            [36m>[39m
              [36m<label[39m
                [33mclass[39m=[32m"form-label"[39m
                [33mfor[39m=[32m"confirmPassword"[39m
              [36m>[39m
                [0mConfirm Password[0m
              [36m</label>[39m
              [36m<input[39m
                [33mclass[39m=[32m"form-input"[39m
                [33mid[39m=[32m"confirmPassword"[39m
                [33mplaceholder[39m=[32m"Confirm your password"[39m
                [33mrequired[39m=[32m""[39m
                [33mtype[39m=[32m"password"[39m
                [33mvalue[39m=[32m"password123"[39m
              [36m/>[39m
            [36m</div>[39m
            [36m<div[39m
              [33mclass[39m=[32m"mb-6"[39m
            [36m>[39m
              [36m<label[39m
                [33mclass[39m=[32m"flex items-center"[39m
              [36m>[39m
                [36m<input[39m
                  [33mclass[39m=[32m"mr-2"[39m
                  [33mrequired[39m=[32m""[39m
                  [33mtype[39m=[32m"checkbox"[39m
                [36m/>[39m
                [36m<span[39m
                  [33mclass[39m=[32m"text-sm text-gray-700"[39m
                [36m>[39m
                  [0mI agree to the[0m
                  [0m [0m
                  [36m<a[39m
                    [33mclass[39m=[32m"text-primary-600 hover:text-primary-500"[39m
                    [33mhref[39m=[32m"/terms"[39m
                  [36m>[39m
                    [0mTerms of Service[0m
                  [36m</a>[39m
                  [0m [0m
                  [0mand[0m
                  [0m [0m
                  [36m<a[39m
                    [33mclass[39m=[32m"text-primary-600 hover:text-primary-500"[39m
                    [33mhref[39m=[32m"/privacy"[39m
                  [36m>[39m
                    [0mPrivacy Policy[0m
                  [36m</a>[39m
                [36m</span>[39m
              [36m</label>[39m
            [36m</div>[39m
            [36m<button[39m
              [33mclass[39m=[32m"btn btn-primary w-full"[39m
              [33mtype[39m=[32m"submit"[39m
            [36m>[39m
              [0mCreate Account[0m
            [36m</button>[39m
            [36m<div[39m
              [33mclass[39m=[32m"mt-6 text-center text-sm"[39m
            [36m>[39m
              [36m<p>[39m
                [0mAlready have an account?[0m
                [0m [0m
                [36m<a[39m
                  [33mclass[39m=[32m"text-primary-600 hover:text-primary-500 font-medium"[39m
                  [33mhref[39m=[32m"/login"[39m
                [36m>[39m
                  [0mSign in[0m
                [36m</a>[39m
              [36m</p>[39m
            [36m</div>[39m
          [36m</form>[39m
        [36m</div>[39m
      [36m</div>[39m
    [36m</body>[39m

    [0m [90m 162 |[39m     
     [90m 163 |[39m     [90m// Submit form[39m
    [31m[1m>[22m[39m[90m 164 |[39m     [36mconst[39m signUpButton [33m=[39m screen[33m.[39mgetByRole([32m'button'[39m[33m,[39m { name[33m:[39m [35m/sign up/i[39m })[33m;[39m
     [90m     |[39m                                 [31m[1m^[22m[39m
     [90m 165 |[39m     fireEvent[33m.[39mclick(signUpButton)[33m;[39m
     [90m 166 |[39m     
     [90m 167 |[39m     [90m// Check for error message[39m[0m

      at Object.getElementError (node_modules/@testing-library/react/node_modules/@testing-library/dom/dist/config.js:37:19)
      at node_modules/@testing-library/react/node_modules/@testing-library/dom/dist/query-helpers.js:76:38
      at node_modules/@testing-library/react/node_modules/@testing-library/dom/dist/query-helpers.js:52:17
      at node_modules/@testing-library/react/node_modules/@testing-library/dom/dist/query-helpers.js:95:19
      at Object.getByRole (tests/components/auth/SignupForm.test.tsx:164:33)

  ● SignupForm › handles OAuth signup correctly

    TestingLibraryElementError: Unable to find an element with the text: /sign up with google/i. This could be because the text is broken up by multiple elements. In this case, you can provide a function for your text matcher to make your matcher more flexible.

    Ignored nodes: comments, script, style
    [36m<body>[39m
      [36m<div>[39m
        [36m<div[39m
          [33mclass[39m=[32m"w-full max-w-md mx-auto"[39m
        [36m>[39m
          [36m<form[39m
            [33mclass[39m=[32m"bg-white p-8 shadow-md rounded-lg"[39m
          [36m>[39m
            [36m<h2[39m
              [33mclass[39m=[32m"text-2xl font-bold mb-6 text-gray-800"[39m
            [36m>[39m
              [0mCreate Account[0m
            [36m</h2>[39m
            [36m<div[39m
              [33mclass[39m=[32m"mb-4"[39m
            [36m>[39m
              [36m<label[39m
                [33mclass[39m=[32m"form-label"[39m
                [33mfor[39m=[32m"fullName"[39m
              [36m>[39m
                [0mFull Name[0m
              [36m</label>[39m
              [36m<input[39m
                [33mclass[39m=[32m"form-input"[39m
                [33mid[39m=[32m"fullName"[39m
                [33mplaceholder[39m=[32m"Your full name"[39m
                [33mrequired[39m=[32m""[39m
                [33mtype[39m=[32m"text"[39m
                [33mvalue[39m=[32m""[39m
              [36m/>[39m
            [36m</div>[39m
            [36m<div[39m
              [33mclass[39m=[32m"mb-4"[39m
            [36m>[39m
              [36m<label[39m
                [33mclass[39m=[32m"form-label"[39m
                [33mfor[39m=[32m"email"[39m
              [36m>[39m
                [0mEmail[0m
              [36m</label>[39m
              [36m<input[39m
                [33mclass[39m=[32m"form-input"[39m
                [33mid[39m=[32m"email"[39m
                [33mplaceholder[39m=[32m"Your email address"[39m
                [33mrequired[39m=[32m""[39m
                [33mtype[39m=[32m"email"[39m
                [33mvalue[39m=[32m""[39m
              [36m/>[39m
            [36m</div>[39m
            [36m<div[39m
              [33mclass[39m=[32m"mb-4"[39m
            [36m>[39m
              [36m<label[39m
                [33mclass[39m=[32m"form-label"[39m
                [33mfor[39m=[32m"password"[39m
              [36m>[39m
                [0mPassword[0m
              [36m</label>[39m
              [36m<input[39m
                [33mclass[39m=[32m"form-input"[39m
                [33mid[39m=[32m"password"[39m
                [33mplaceholder[39m=[32m"Create a password"[39m
                [33mrequired[39m=[32m""[39m
                [33mtype[39m=[32m"password"[39m
                [33mvalue[39m=[32m""[39m
              [36m/>[39m
              [36m<div[39m
                [33mclass[39m=[32m"mt-1 text-xs text-gray-500"[39m
              [36m>[39m
                [0mPassword must be at least 8 characters long[0m
              [36m</div>[39m
            [36m</div>[39m
            [36m<div[39m
              [33mclass[39m=[32m"mb-6"[39m
            [36m>[39m
              [36m<label[39m
                [33mclass[39m=[32m"form-label"[39m
                [33mfor[39m=[32m"confirmPassword"[39m
              [36m>[39m
                [0mConfirm Password[0m
              [36m</label>[39m
              [36m<input[39m
                [33mclass[39m=[32m"form-input"[39m
                [33mid[39m=[32m"confirmPassword"[39m
                [33mplaceholder[39m=[32m"Confirm your password"[39m
                [33mrequired[39m=[32m""[39m
                [33mtype[39m=[32m"password"[39m
                [33mvalue[39m=[32m""[39m
              [36m/>[39m
            [36m</div>[39m
            [36m<div[39m
              [33mclass[39m=[32m"mb-6"[39m
            [36m>[39m
              [36m<label[39m
                [33mclass[39m=[32m"flex items-center"[39m
              [36m>[39m
                [36m<input[39m
                  [33mclass[39m=[32m"mr-2"[39m
                  [33mrequired[39m=[32m""[39m
                  [33mtype[39m=[32m"checkbox"[39m
                [36m/>[39m
                [36m<span[39m
                  [33mclass[39m=[32m"text-sm text-gray-700"[39m
                [36m>[39m
                  [0mI agree to the[0m
                  [0m [0m
                  [36m<a[39m
                    [33mclass[39m=[32m"text-primary-600 hover:text-primary-500"[39m
                    [33mhref[39m=[32m"/terms"[39m
                  [36m>[39m
                    [0mTerms of Service[0m
                  [36m</a>[39m
                  [0m [0m
                  [0mand[0m
                  [0m [0m
                  [36m<a[39m
                    [33mclass[39m=[32m"text-primary-600 hover:text-primary-500"[39m
                    [33mhref[39m=[32m"/privacy"[39m
                  [36m>[39m
                    [0mPrivacy Policy[0m
                  [36m</a>[39m
                [36m</span>[39m
              [36m</label>[39m
            [36m</div>[39m
            [36m<button[39m
              [33mclass[39m=[32m"btn btn-primary w-full"[39m
              [33mtype[39m=[32m"submit"[39m
            [36m>[39m
              [0mCreate Account[0m
            [36m</button>[39m
            [36m<div[39m
              [33mclass[39m=[32m"mt-6 text-center text-sm"[39m
            [36m>[39m
              [36m<p>[39m
                [0mAlready have an account?[0m
                [0m [0m
                [36m<a[39m
                  [33mclass[39m=[32m"text-primary-600 hover:text-primary-500 font-medium"[39m
                  [33mhref[39m=[32m"/login"[39m
                [36m>[39m
                  [0mSign in[0m
                [36m</a>[39m
              [36m</p>[39m
            [36m</div>[39m
          [36m</form>[39m
        [36m</div>[39m
      [36m</div>[39m
    [36m</body>[39m

    [0m [90m 177 |[39m     
     [90m 178 |[39m     [90m// Click on Google sign up[39m
    [31m[1m>[22m[39m[90m 179 |[39m     [36mconst[39m googleButton [33m=[39m screen[33m.[39mgetByText([35m/sign up with google/i[39m)[33m;[39m
     [90m     |[39m                                 [31m[1m^[22m[39m
     [90m 180 |[39m     fireEvent[33m.[39mclick(googleButton)[33m;[39m
     [90m 181 |[39m     
     [90m 182 |[39m     [90m// Verify OAuth sign in was called with Google provider[39m[0m

      at Object.getElementError (node_modules/@testing-library/react/node_modules/@testing-library/dom/dist/config.js:37:19)
      at node_modules/@testing-library/react/node_modules/@testing-library/dom/dist/query-helpers.js:76:38
      at node_modules/@testing-library/react/node_modules/@testing-library/dom/dist/query-helpers.js:52:17
      at node_modules/@testing-library/react/node_modules/@testing-library/dom/dist/query-helpers.js:95:19
      at Object.getByText (tests/components/auth/SignupForm.test.tsx:179:33)

  ● SignupForm › navigates to sign in page

    expect(jest.fn()).toHaveBeenCalledWith(...expected)

    Expected: "/login"

    Number of calls: 0

    [0m [90m 203 |[39m     
     [90m 204 |[39m     [90m// Check navigation to sign in page[39m
    [31m[1m>[22m[39m[90m 205 |[39m     expect(mockPush)[33m.[39mtoHaveBeenCalledWith([32m'/login'[39m)[33m;[39m
     [90m     |[39m                      [31m[1m^[22m[39m
     [90m 206 |[39m   })[33m;[39m
     [90m 207 |[39m   
     [90m 208 |[39m   it([32m'shows loading state during signup'[39m[33m,[39m [36masync[39m () [33m=>[39m {[0m

      at Object.toHaveBeenCalledWith (tests/components/auth/SignupForm.test.tsx:205:22)

  ● SignupForm › shows loading state during signup

    TestingLibraryElementError: Unable to find an accessible element with the role "button" and name `/sign up/i`

    Here are the accessible roles:

      heading:

      Name "Create Account":
      [36m<h2[39m
        [33mclass[39m=[32m"text-2xl font-bold mb-6 text-gray-800"[39m
      [36m/>[39m

      --------------------------------------------------
      textbox:

      Name "Full Name":
      [36m<input[39m
        [33mclass[39m=[32m"form-input"[39m
        [33mid[39m=[32m"fullName"[39m
        [33mplaceholder[39m=[32m"Your full name"[39m
        [33mrequired[39m=[32m""[39m
        [33mtype[39m=[32m"text"[39m
        [33mvalue[39m=[32m"John Doe"[39m
      [36m/>[39m

      Name "Email":
      [36m<input[39m
        [33mclass[39m=[32m"form-input"[39m
        [33mid[39m=[32m"email"[39m
        [33mplaceholder[39m=[32m"Your email address"[39m
        [33mrequired[39m=[32m""[39m
        [33mtype[39m=[32m"email"[39m
        [33mvalue[39m=[32m"new@example.com"[39m
      [36m/>[39m

      --------------------------------------------------
      checkbox:

      Name "I agree to the Terms of Service and Privacy Policy":
      [36m<input[39m
        [33mclass[39m=[32m"mr-2"[39m
        [33mrequired[39m=[32m""[39m
        [33mtype[39m=[32m"checkbox"[39m
      [36m/>[39m

      --------------------------------------------------
      link:

      Name "Terms of Service":
      [36m<a[39m
        [33mclass[39m=[32m"text-primary-600 hover:text-primary-500"[39m
        [33mhref[39m=[32m"/terms"[39m
      [36m/>[39m

      Name "Privacy Policy":
      [36m<a[39m
        [33mclass[39m=[32m"text-primary-600 hover:text-primary-500"[39m
        [33mhref[39m=[32m"/privacy"[39m
      [36m/>[39m

      Name "Sign in":
      [36m<a[39m
        [33mclass[39m=[32m"text-primary-600 hover:text-primary-500 font-medium"[39m
        [33mhref[39m=[32m"/login"[39m
      [36m/>[39m

      --------------------------------------------------
      button:

      Name "Create Account":
      [36m<button[39m
        [33mclass[39m=[32m"btn btn-primary w-full"[39m
        [33mtype[39m=[32m"submit"[39m
      [36m/>[39m

      --------------------------------------------------

    Ignored nodes: comments, script, style
    [36m<body>[39m
      [36m<div>[39m
        [36m<div[39m
          [33mclass[39m=[32m"w-full max-w-md mx-auto"[39m
        [36m>[39m
          [36m<form[39m
            [33mclass[39m=[32m"bg-white p-8 shadow-md rounded-lg"[39m
          [36m>[39m
            [36m<h2[39m
              [33mclass[39m=[32m"text-2xl font-bold mb-6 text-gray-800"[39m
            [36m>[39m
              [0mCreate Account[0m
            [36m</h2>[39m
            [36m<div[39m
              [33mclass[39m=[32m"mb-4"[39m
            [36m>[39m
              [36m<label[39m
                [33mclass[39m=[32m"form-label"[39m
                [33mfor[39m=[32m"fullName"[39m
              [36m>[39m
                [0mFull Name[0m
              [36m</label>[39m
              [36m<input[39m
                [33mclass[39m=[32m"form-input"[39m
                [33mid[39m=[32m"fullName"[39m
                [33mplaceholder[39m=[32m"Your full name"[39m
                [33mrequired[39m=[32m""[39m
                [33mtype[39m=[32m"text"[39m
                [33mvalue[39m=[32m"John Doe"[39m
              [36m/>[39m
            [36m</div>[39m
            [36m<div[39m
              [33mclass[39m=[32m"mb-4"[39m
            [36m>[39m
              [36m<label[39m
                [33mclass[39m=[32m"form-label"[39m
                [33mfor[39m=[32m"email"[39m
              [36m>[39m
                [0mEmail[0m
              [36m</label>[39m
              [36m<input[39m
                [33mclass[39m=[32m"form-input"[39m
                [33mid[39m=[32m"email"[39m
                [33mplaceholder[39m=[32m"Your email address"[39m
                [33mrequired[39m=[32m""[39m
                [33mtype[39m=[32m"email"[39m
                [33mvalue[39m=[32m"new@example.com"[39m
              [36m/>[39m
            [36m</div>[39m
            [36m<div[39m
              [33mclass[39m=[32m"mb-4"[39m
            [36m>[39m
              [36m<label[39m
                [33mclass[39m=[32m"form-label"[39m
                [33mfor[39m=[32m"password"[39m
              [36m>[39m
                [0mPassword[0m
              [36m</label>[39m
              [36m<input[39m
                [33mclass[39m=[32m"form-input"[39m
                [33mid[39m=[32m"password"[39m
                [33mplaceholder[39m=[32m"Create a password"[39m
                [33mrequired[39m=[32m""[39m
                [33mtype[39m=[32m"password"[39m
                [33mvalue[39m=[32m"password123"[39m
              [36m/>[39m
              [36m<div[39m
                [33mclass[39m=[32m"mt-1 text-xs text-gray-500"[39m
              [36m>[39m
                [0mPassword must be at least 8 characters long[0m
              [36m</div>[39m
            [36m</div>[39m
            [36m<div[39m
              [33mclass[39m=[32m"mb-6"[39m
            [36m>[39m
              [36m<label[39m
                [33mclass[39m=[32m"form-label"[39m
                [33mfor[39m=[32m"confirmPassword"[39m
              [36m>[39m
                [0mConfirm Password[0m
              [36m</label>[39m
              [36m<input[39m
                [33mclass[39m=[32m"form-input"[39m
                [33mid[39m=[32m"confirmPassword"[39m
                [33mplaceholder[39m=[32m"Confirm your password"[39m
                [33mrequired[39m=[32m""[39m
                [33mtype[39m=[32m"password"[39m
                [33mvalue[39m=[32m"password123"[39m
              [36m/>[39m
            [36m</div>[39m
            [36m<div[39m
              [33mclass[39m=[32m"mb-6"[39m
            [36m>[39m
              [36m<label[39m
                [33mclass[39m=[32m"flex items-center"[39m
              [36m>[39m
                [36m<input[39m
                  [33mclass[39m=[32m"mr-2"[39m
                  [33mrequired[39m=[32m""[39m
                  [33mtype[39m=[32m"checkbox"[39m
                [36m/>[39m
                [36m<span[39m
                  [33mclass[39m=[32m"text-sm text-gray-700"[39m
                [36m>[39m
                  [0mI agree to the[0m
                  [0m [0m
                  [36m<a[39m
                    [33mclass[39m=[32m"text-primary-600 hover:text-primary-500"[39m
                    [33mhref[39m=[32m"/terms"[39m
                  [36m>[39m
                    [0mTerms of Service[0m
                  [36m</a>[39m
                  [0m [0m
                  [0mand[0m
                  [0m [0m
                  [36m<a[39m
                    [33mclass[39m=[32m"text-primary-600 hover:text-primary-500"[39m
                    [33mhref[39m=[32m"/privacy"[39m
                  [36m>[39m
                    [0mPrivacy Policy[0m
                  [36m</a>[39m
                [36m</span>[39m
              [36m</label>[39m
            [36m</div>[39m
            [36m<button[39m
              [33mclass[39m=[32m"btn btn-primary w-full"[39m
              [33mtype[39m=[32m"submit"[39m
            [36m>[39m
              [0mCreate Account[0m
            [36m</button>[39m
            [36m<div[39m
              [33mclass[39m=[32m"mt-6 text-center text-sm"[39m
            [36m>[39m
              [36m<p>[39m
                [0mAlready have an account?[0m
                [0m [0m
                [36m<a[39m
                  [33mclass[39m=[32m"text-primary-600 hover:text-primary-500 font-medium"[39m
                  [33mhref[39m=[32m"/login"[39m
                [36m>[39m
                  [0mSign in[0m
                [36m</a>[39m
              [36m</p>[39m
            [36m</div>[39m
          [36m</form>[39m
        [36m</div>[39m
      [36m</div>[39m
    [36m</body>[39m

    [0m [90m 234 |[39m     
     [90m 235 |[39m     [90m// Submit form[39m
    [31m[1m>[22m[39m[90m 236 |[39m     [36mconst[39m signUpButton [33m=[39m screen[33m.[39mgetByRole([32m'button'[39m[33m,[39m { name[33m:[39m [35m/sign up/i[39m })[33m;[39m
     [90m     |[39m                                 [31m[1m^[22m[39m
     [90m 237 |[39m     fireEvent[33m.[39mclick(signUpButton)[33m;[39m
     [90m 238 |[39m     
     [90m 239 |[39m     [90m// Button should show loading state[39m[0m

      at Object.getElementError (node_modules/@testing-library/react/node_modules/@testing-library/dom/dist/config.js:37:19)
      at node_modules/@testing-library/react/node_modules/@testing-library/dom/dist/query-helpers.js:76:38
      at node_modules/@testing-library/react/node_modules/@testing-library/dom/dist/query-helpers.js:52:17
      at node_modules/@testing-library/react/node_modules/@testing-library/dom/dist/query-helpers.js:95:19
      at Object.getByRole (tests/components/auth/SignupForm.test.tsx:236:33)

FAIL tests/components/search/SearchResults.test.tsx
  ● Test suite failed to run

    Configuration error:

    Could not locate module @/components/search/LocationFilter mapped as:
    C:\Users\pchri\Documents\Cline\skillswap_mvp\src\$1.

    Please check your configuration for these entries:
    {
      "moduleNameMapper": {
        "/^@\/(.*)$/": "C:\Users\pchri\Documents\Cline\skillswap_mvp\src\$1"
      },
      "resolver": undefined
    }

    [0m [90m 104 |[39m
     [90m 105 |[39m [90m// Mock the LocationFilter component[39m
    [31m[1m>[22m[39m[90m 106 |[39m jest[33m.[39mmock([32m'@/components/search/LocationFilter'[39m[33m,[39m () [33m=>[39m ({
     [90m     |[39m      [31m[1m^[22m[39m
     [90m 107 |[39m   __esModule[33m:[39m [36mtrue[39m[33m,[39m
     [90m 108 |[39m   [36mdefault[39m[33m:[39m ({ value[33m,[39m onChange }[33m:[39m any) [33m=>[39m (
     [90m 109 |[39m     [33m<[39m[33mdiv[39m data[33m-[39mtestid[33m=[39m[32m"location-filter-mock"[39m[33m>[39m[0m

      at createNoMappedModuleFoundError (node_modules/jest-resolve/build/resolver.js:759:17)
      at Object.mock (tests/components/search/SearchResults.test.tsx:106:6)

FAIL tests/components/skills/SkillCard.test.tsx
  ● Test suite failed to run

    Configuration error:

    Could not locate module @/components/skills/CategoryBadge mapped as:
    C:\Users\pchri\Documents\Cline\skillswap_mvp\src\$1.

    Please check your configuration for these entries:
    {
      "moduleNameMapper": {
        "/^@\/(.*)$/": "C:\Users\pchri\Documents\Cline\skillswap_mvp\src\$1"
      },
      "resolver": undefined
    }

    [0m [90m 21 |[39m
     [90m 22 |[39m [90m// Mock the CategoryBadge component[39m
    [31m[1m>[22m[39m[90m 23 |[39m jest[33m.[39mmock([32m'@/components/skills/CategoryBadge'[39m[33m,[39m () [33m=>[39m ({
     [90m    |[39m      [31m[1m^[22m[39m
     [90m 24 |[39m   __esModule[33m:[39m [36mtrue[39m[33m,[39m
     [90m 25 |[39m   [36mdefault[39m[33m:[39m ({ category }[33m:[39m any) [33m=>[39m (
     [90m 26 |[39m     [33m<[39m[33mdiv[39m data[33m-[39mtestid[33m=[39m[32m"category-badge"[39m[33m>[39m[0m

      at createNoMappedModuleFoundError (node_modules/jest-resolve/build/resolver.js:759:17)
      at Object.mock (tests/components/skills/SkillCard.test.tsx:23:6)

FAIL tests/components/messaging/MessageList.test.tsx
  ● Test suite failed to run

    Configuration error:

    Could not locate module @/lib/utils/formatters mapped as:
    C:\Users\pchri\Documents\Cline\skillswap_mvp\src\$1.

    Please check your configuration for these entries:
    {
      "moduleNameMapper": {
        "/^@\/(.*)$/": "C:\Users\pchri\Documents\Cline\skillswap_mvp\src\$1"
      },
      "resolver": undefined
    }

    [0m [90m 30 |[39m
     [90m 31 |[39m [90m// Mock the formatRelativeTime utility[39m
    [31m[1m>[22m[39m[90m 32 |[39m jest[33m.[39mmock([32m'@/lib/utils/formatters'[39m[33m,[39m () [33m=>[39m ({
     [90m    |[39m      [31m[1m^[22m[39m
     [90m 33 |[39m   formatRelativeTime[33m:[39m (date[33m:[39m string) [33m=>[39m [32m'2 hours ago'[39m[33m,[39m
     [90m 34 |[39m }))[33m;[39m
     [90m 35 |[39m[0m

      at createNoMappedModuleFoundError (node_modules/jest-resolve/build/resolver.js:759:17)
      at Object.mock (tests/components/messaging/MessageList.test.tsx:32:6)

FAIL tests/components/profile/ProfileHeader.test.tsx
  ● Test suite failed to run

    Configuration error:

    Could not locate module @/components/profile/FollowButton mapped as:
    C:\Users\pchri\Documents\Cline\skillswap_mvp\src\$1.

    Please check your configuration for these entries:
    {
      "moduleNameMapper": {
        "/^@\/(.*)$/": "C:\Users\pchri\Documents\Cline\skillswap_mvp\src\$1"
      },
      "resolver": undefined
    }

    [0m [90m 31 |[39m
     [90m 32 |[39m [90m// Mock the FollowButton component[39m
    [31m[1m>[22m[39m[90m 33 |[39m jest[33m.[39mmock([32m'@/components/profile/FollowButton'[39m[33m,[39m () [33m=>[39m ({
     [90m    |[39m      [31m[1m^[22m[39m
     [90m 34 |[39m   __esModule[33m:[39m [36mtrue[39m[33m,[39m
     [90m 35 |[39m   [36mdefault[39m[33m:[39m ({ userId[33m,[39m isFollowing[33m,[39m onFollow }[33m:[39m any) [33m=>[39m (
     [90m 36 |[39m     [33m<[39m[33mbutton[39m[0m

      at createNoMappedModuleFoundError (node_modules/jest-resolve/build/resolver.js:759:17)
      at Object.mock (tests/components/profile/ProfileHeader.test.tsx:33:6)

FAIL tests/components/messaging/ConversationList.test.tsx
  ● Test suite failed to run

    Configuration error:

    Could not locate module @/lib/utils/formatters mapped as:
    C:\Users\pchri\Documents\Cline\skillswap_mvp\src\$1.

    Please check your configuration for these entries:
    {
      "moduleNameMapper": {
        "/^@\/(.*)$/": "C:\Users\pchri\Documents\Cline\skillswap_mvp\src\$1"
      },
      "resolver": undefined
    }

    [0m [90m 37 |[39m
     [90m 38 |[39m [90m// Mock the formatRelativeTime utility[39m
    [31m[1m>[22m[39m[90m 39 |[39m jest[33m.[39mmock([32m'@/lib/utils/formatters'[39m[33m,[39m () [33m=>[39m ({
     [90m    |[39m      [31m[1m^[22m[39m
     [90m 40 |[39m   formatRelativeTime[33m:[39m (date[33m:[39m string) [33m=>[39m [32m'2 hours ago'[39m[33m,[39m
     [90m 41 |[39m }))[33m;[39m
     [90m 42 |[39m[0m

      at createNoMappedModuleFoundError (node_modules/jest-resolve/build/resolver.js:759:17)
      at Object.mock (tests/components/messaging/ConversationList.test.tsx:39:6)

FAIL tests/components/profile/ProfileSkills.test.tsx
  ● Test suite failed to run

    Cannot find module '../../../src/components/profile/ProfileSkills' from 'tests/components/profile/ProfileSkills.test.tsx'

    [0m [90m 40 |[39m       description[33m:[39m [32m'HTML, CSS, JavaScript, React'[39m[33m,[39m
     [90m 41 |[39m       category[33m:[39m { id[33m:[39m [32m'cat-1'[39m[33m,[39m name[33m:[39m [32m'Programming'[39m }[33m,[39m
    [31m[1m>[22m[39m[90m 42 |[39m       created_at[33m:[39m [32m'2024-03-15T10:00:00.000Z'[39m[33m,[39m
     [90m    |[39m                                                               [31m[1m^[22m[39m
     [90m 43 |[39m       updated_at[33m:[39m [32m'2024-03-15T10:00:00.000Z'[39m[33m,[39m
     [90m 44 |[39m       user_id[33m:[39m [32m'user-123'[39m[33m,[39m
     [90m 45 |[39m     }[33m,[39m[0m

      at Resolver._throwModNotFoundError (node_modules/jest-resolve/build/resolver.js:427:11)
      at Object.<anonymous> (tests/components/profile/ProfileSkills.test.tsx:42:63)

FAIL tests/components/messaging/MessageComposer.test.tsx
  ● Test suite failed to run

    Cannot find module '../../../src/components/messaging/MessageComposer' from 'tests/components/messaging/MessageComposer.test.tsx'

    [0m [90m 34 |[39m   [36mconst[39m mockOnSend [33m=[39m jest[33m.[39mfn()[33m;[39m
     [90m 35 |[39m   
    [31m[1m>[22m[39m[90m 36 |[39m   beforeEach(() [33m=>[39m {
     [90m    |[39m                               [31m[1m^[22m[39m
     [90m 37 |[39m     jest[33m.[39mclearAllMocks()[33m;[39m
     [90m 38 |[39m   })[33m;[39m
     [90m 39 |[39m   [0m

      at Resolver._throwModNotFoundError (node_modules/jest-resolve/build/resolver.js:427:11)
      at Object.<anonymous> (tests/components/messaging/MessageComposer.test.tsx:36:65)

FAIL tests/components/auth/LoginForm.test.tsx (9.143 s)
  ● LoginForm › renders the login form correctly

    TestingLibraryElementError: Unable to find an element with the text: /sign in with google/i. This could be because the text is broken up by multiple elements. In this case, you can provide a function for your text matcher to make your matcher more flexible.

    Ignored nodes: comments, script, style
    [36m<body>[39m
      [36m<div>[39m
        [36m<div[39m
          [33mclass[39m=[32m"w-full max-w-md mx-auto"[39m
        [36m>[39m
          [36m<form[39m
            [33mclass[39m=[32m"bg-white p-8 shadow-md rounded-lg"[39m
          [36m>[39m
            [36m<h2[39m
              [33mclass[39m=[32m"text-2xl font-bold mb-6 text-gray-800"[39m
            [36m>[39m
              [0mSign In[0m
            [36m</h2>[39m
            [36m<div[39m
              [33mclass[39m=[32m"mb-4"[39m
            [36m>[39m
              [36m<label[39m
                [33mclass[39m=[32m"form-label"[39m
                [33mfor[39m=[32m"email"[39m
              [36m>[39m
                [0mEmail[0m
              [36m</label>[39m
              [36m<input[39m
                [33mclass[39m=[32m"form-input"[39m
                [33mid[39m=[32m"email"[39m
                [33mplaceholder[39m=[32m"Your email address"[39m
                [33mrequired[39m=[32m""[39m
                [33mtype[39m=[32m"email"[39m
                [33mvalue[39m=[32m""[39m
              [36m/>[39m
            [36m</div>[39m
            [36m<div[39m
              [33mclass[39m=[32m"mb-6"[39m
            [36m>[39m
              [36m<label[39m
                [33mclass[39m=[32m"form-label"[39m
                [33mfor[39m=[32m"password"[39m
              [36m>[39m
                [0mPassword[0m
              [36m</label>[39m
              [36m<input[39m
                [33mclass[39m=[32m"form-input"[39m
                [33mid[39m=[32m"password"[39m
                [33mplaceholder[39m=[32m"Your password"[39m
                [33mrequired[39m=[32m""[39m
                [33mtype[39m=[32m"password"[39m
                [33mvalue[39m=[32m""[39m
              [36m/>[39m
              [36m<div[39m
                [33mclass[39m=[32m"mt-1 text-sm text-right"[39m
              [36m>[39m
                [36m<a[39m
                  [33mclass[39m=[32m"text-primary-600 hover:text-primary-500"[39m
                  [33mhref[39m=[32m"/auth/forgot-password"[39m
                [36m>[39m
                  [0mForgot password?[0m
                [36m</a>[39m
              [36m</div>[39m
            [36m</div>[39m
            [36m<button[39m
              [33mclass[39m=[32m"btn btn-primary w-full"[39m
              [33mtype[39m=[32m"submit"[39m
            [36m>[39m
              [0mSign In[0m
            [36m</button>[39m
            [36m<div[39m
              [33mclass[39m=[32m"mt-6 text-center text-sm"[39m
            [36m>[39m
              [36m<p>[39m
                [0mDon't have an account?[0m
                [0m [0m
                [36m<a[39m
                  [33mclass[39m=[32m"text-primary-600 hover:text-primary-500 font-medium"[39m
                  [33mhref[39m=[32m"/signup"[39m
                [36m>[39m
                  [0mSign up[0m
                [36m</a>[39m
              [36m</p>[39m
            [36m</div>[39m
          [36m</form>[39m
        [36m</div>[39m
      [36m</div>[39m
    [36m</body>[39m

    [0m [90m 64 |[39m     
     [90m 65 |[39m     [90m// Check for OAuth options[39m
    [31m[1m>[22m[39m[90m 66 |[39m     expect(screen[33m.[39mgetByText([35m/sign in with google/i[39m))[33m.[39mtoBeInTheDocument()[33m;[39m
     [90m    |[39m                   [31m[1m^[22m[39m
     [90m 67 |[39m     
     [90m 68 |[39m     [90m// Check for forgot password link[39m
     [90m 69 |[39m     expect(screen[33m.[39mgetByText([35m/forgot password/i[39m))[33m.[39mtoBeInTheDocument()[33m;[39m[0m

      at Object.getElementError (node_modules/@testing-library/react/node_modules/@testing-library/dom/dist/config.js:37:19)
      at node_modules/@testing-library/react/node_modules/@testing-library/dom/dist/query-helpers.js:76:38
      at node_modules/@testing-library/react/node_modules/@testing-library/dom/dist/query-helpers.js:52:17
      at node_modules/@testing-library/react/node_modules/@testing-library/dom/dist/query-helpers.js:95:19
      at Object.getByText (tests/components/auth/LoginForm.test.tsx:66:19)

  ● LoginForm › validates form inputs before submission

    Unable to find an element with the text: /email is required/i. This could be because the text is broken up by multiple elements. In this case, you can provide a function for your text matcher to make your matcher more flexible.

    Ignored nodes: comments, script, style
    [36m<body>[39m
      [36m<div>[39m
        [36m<div[39m
          [33mclass[39m=[32m"w-full max-w-md mx-auto"[39m
        [36m>[39m
          [36m<form[39m
            [33mclass[39m=[32m"bg-white p-8 shadow-md rounded-lg"[39m
          [36m>[39m
            [36m<h2[39m
              [33mclass[39m=[32m"text-2xl font-bold mb-6 text-gray-800"[39m
            [36m>[39m
              [0mSign In[0m
            [36m</h2>[39m
            [36m<div[39m
              [33mclass[39m=[32m"mb-4"[39m
            [36m>[39m
              [36m<label[39m
                [33mclass[39m=[32m"form-label"[39m
                [33mfor[39m=[32m"email"[39m
              [36m>[39m
                [0mEmail[0m
              [36m</label>[39m
              [36m<input[39m
                [33mclass[39m=[32m"form-input"[39m
                [33mid[39m=[32m"email"[39m
                [33mplaceholder[39m=[32m"Your email address"[39m
                [33mrequired[39m=[32m""[39m
                [33mtype[39m=[32m"email"[39m
                [33mvalue[39m=[32m""[39m
              [36m/>[39m
            [36m</div>[39m
            [36m<div[39m
              [33mclass[39m=[32m"mb-6"[39m
            [36m>[39m
              [36m<label[39m
                [33mclass[39m=[32m"form-label"[39m
                [33mfor[39m=[32m"password"[39m
              [36m>[39m
                [0mPassword[0m
              [36m</label>[39m
              [36m<input[39m
                [33mclass[39m=[32m"form-input"[39m
                [33mid[39m=[32m"password"[39m
                [33mplaceholder[39m=[32m"Your password"[39m
                [33mrequired[39m=[32m""[39m
                [33mtype[39m=[32m"password"[39m
                [33mvalue[39m=[32m""[39m
              [36m/>[39m
              [36m<div[39m
                [33mclass[39m=[32m"mt-1 text-sm text-right"[39m
              [36m>[39m
                [36m<a[39m
                  [33mclass[39m=[32m"text-primary-600 hover:text-primary-500"[39m
                  [33mhref[39m=[32m"/auth/forgot-password"[39m
                [36m>[39m
                  [0mForgot password?[0m
                [36m</a>[39m
              [36m</div>[39m
            [36m</div>[39m
            [36m<button[39m
              [33mclass[39m=[32m"btn btn-primary w-full"[39m
              [33mtype[39m=[32m"submit"[39m
            [36m>[39m
              [0mSign In[0m
            [36m</button>[39m
            [36m<div[39m
              [33mclass[39m=[32m"mt-6 text-center text-sm"[39m
            [36m>[39m
              [36m<p>[39m
                [0mDon't have an account?[0m
                [0m [0m
                [36m<a[39m
                  [33mclass[39m=[32m"text-primary-600 hover:text-primary-500 font-medium"[39m
                  [33mhref[39m=[32m"/signup"[39m
                [36m>[39m
                  [0mSign up[0m
                [36m</a>[39m
              [36m</p>[39m
            [36m</div>[39m
          [36m</form>[39m
        [36m</div>[39m
      [36m</div>[39m
    [36m</body>[39m

    [0m [90m 83 |[39m     
     [90m 84 |[39m     [90m// Check for validation errors[39m
    [31m[1m>[22m[39m[90m 85 |[39m     [36mawait[39m waitFor(() [33m=>[39m {
     [90m    |[39m                  [31m[1m^[22m[39m
     [90m 86 |[39m       expect(screen[33m.[39mgetByText([35m/email is required/i[39m))[33m.[39mtoBeInTheDocument()[33m;[39m
     [90m 87 |[39m       expect(screen[33m.[39mgetByText([35m/password is required/i[39m))[33m.[39mtoBeInTheDocument()[33m;[39m
     [90m 88 |[39m     })[33m;[39m[0m

      at waitForWrapper (node_modules/@testing-library/react/node_modules/@testing-library/dom/dist/wait-for.js:163:27)
      at Object.<anonymous> (tests/components/auth/LoginForm.test.tsx:85:18)

  ● LoginForm › handles successful login correctly

    expect(jest.fn()).toHaveBeenCalledWith(...expected)

    Expected: {"email": "test@example.com", "password": "password123"}

    Number of calls: 0

    Ignored nodes: comments, script, style
    [36m<html>[39m
      [36m<head />[39m
      [36m<body>[39m
        [36m<div>[39m
          [36m<div[39m
            [33mclass[39m=[32m"w-full max-w-md mx-auto"[39m
          [36m>[39m
            [36m<form[39m
              [33mclass[39m=[32m"bg-white p-8 shadow-md rounded-lg"[39m
            [36m>[39m
              [36m<h2[39m
                [33mclass[39m=[32m"text-2xl font-bold mb-6 text-gray-800"[39m
              [36m>[39m
                [0mSign In[0m
              [36m</h2>[39m
              [36m<div[39m
                [33mclass[39m=[32m"mb-4 p-3 bg-error-50 text-error-700 rounded-md"[39m
              [36m>[39m
                [0mContext not initialized[0m
              [36m</div>[39m
              [36m<div[39m
                [33mclass[39m=[32m"mb-4"[39m
              [36m>[39m
                [36m<label[39m
                  [33mclass[39m=[32m"form-label"[39m
                  [33mfor[39m=[32m"email"[39m
                [36m>[39m
                  [0mEmail[0m
                [36m</label>[39m
                [36m<input[39m
                  [33mclass[39m=[32m"form-input"[39m
                  [33mid[39m=[32m"email"[39m
                  [33mplaceholder[39m=[32m"Your email address"[39m
                  [33mrequired[39m=[32m""[39m
                  [33mtype[39m=[32m"email"[39m
                  [33mvalue[39m=[32m"test@example.com"[39m
                [36m/>[39m
              [36m</div>[39m
              [36m<div[39m
                [33mclass[39m=[32m"mb-6"[39m
              [36m>[39m
                [36m<label[39m
                  [33mclass[39m=[32m"form-label"[39m
                  [33mfor[39m=[32m"password"[39m
                [36m>[39m
                  [0mPassword[0m
                [36m</label>[39m
                [36m<input[39m
                  [33mclass[39m=[32m"form-input"[39m
                  [33mid[39m=[32m"password"[39m
                  [33mplaceholder[39m=[32m"Your password"[39m
                  [33mrequired[39m=[32m""[39m
                  [33mtype[39m=[32m"password"[39m
                  [33mvalue[39m=[32m"password123"[39m
                [36m/>[39m
                [36m<div[39m
                  [33mclass[39m=[32m"mt-1 text-sm text-right"[39m
                [36m>[39m
                  [36m<a[39m
                    [33mclass[39m=[32m"text-primary-600 hover:text-primary-500"[39m
                    [33mhref[39m=[32m"/auth/forgot-password"[39m
                  [36m>[39m
                    [0mForgot password?[0m
                  [36m</a>[39m
                [36m</div>[39m
              [36m</div>[39m
              [36m<button[39m
                [33mclass[39m=[32m"btn btn-primary w-full"[39m
                [33mtype[39m=[32m"submit"[39m
              [36m>[39m
                [0mSign In[0m
              [36m</button>[39m
              [36m<div[39m
                [33mclass[39m=[32m"mt-6 text-center text-sm"[39m
              [36m>[39m
                [36m<p>[39m
                  [0mDon't have an account?[0m
                  [0m [0m
                  [36m<a[39m
                    [33mclass[39m=[32m"text-primary-600 hover:text-primary-500 font-medium"[39m
                    [33mhref[39m=[32m"/signup"[39m
                  [36m>[39m
                    [0mSign up[0m
                  [36m</a>[39m
                [36m</p>[39m
              [36m</div>[39m
            [36m</form>[39m
          [36m</div>[39m
        [36m</div>[39m
      [36m</body>[39m
    [36m</html>[39m

    [0m [90m 119 |[39m     [90m// Verify sign in was called with correct credentials[39m
     [90m 120 |[39m     [36mawait[39m waitFor(() [33m=>[39m {
    [31m[1m>[22m[39m[90m 121 |[39m       expect(createClientComponentClient()[33m.[39mauth[33m.[39msignInWithPassword)[33m.[39mtoHaveBeenCalledWith({
     [90m     |[39m                                                                     [31m[1m^[22m[39m
     [90m 122 |[39m         email[33m:[39m [32m'test@example.com'[39m[33m,[39m
     [90m 123 |[39m         password[33m:[39m [32m'password123'[39m[33m,[39m
     [90m 124 |[39m       })[33m;[39m[0m

      at toHaveBeenCalledWith (tests/components/auth/LoginForm.test.tsx:121:69)
      at runWithExpensiveErrorDiagnosticsDisabled (node_modules/@testing-library/react/node_modules/@testing-library/dom/dist/config.js:47:12)
      at checkCallback (node_modules/@testing-library/react/node_modules/@testing-library/dom/dist/wait-for.js:124:77)
      at checkRealTimersCallback (node_modules/@testing-library/react/node_modules/@testing-library/dom/dist/wait-for.js:118:16)
      at Timeout.task [as _onTimeout] (node_modules/jsdom/lib/jsdom/browser/Window.js:520:19)

  ● LoginForm › handles login errors correctly

    Unable to find an element with the text: /invalid login credentials/i. This could be because the text is broken up by multiple elements. In this case, you can provide a function for your text matcher to make your matcher more flexible.

    Ignored nodes: comments, script, style
    [36m<body>[39m
      [36m<div>[39m
        [36m<div[39m
          [33mclass[39m=[32m"w-full max-w-md mx-auto"[39m
        [36m>[39m
          [36m<form[39m
            [33mclass[39m=[32m"bg-white p-8 shadow-md rounded-lg"[39m
          [36m>[39m
            [36m<h2[39m
              [33mclass[39m=[32m"text-2xl font-bold mb-6 text-gray-800"[39m
            [36m>[39m
              [0mSign In[0m
            [36m</h2>[39m
            [36m<div[39m
              [33mclass[39m=[32m"mb-4 p-3 bg-error-50 text-error-700 rounded-md"[39m
            [36m>[39m
              [0mContext not initialized[0m
            [36m</div>[39m
            [36m<div[39m
              [33mclass[39m=[32m"mb-4"[39m
            [36m>[39m
              [36m<label[39m
                [33mclass[39m=[32m"form-label"[39m
                [33mfor[39m=[32m"email"[39m
              [36m>[39m
                [0mEmail[0m
              [36m</label>[39m
              [36m<input[39m
                [33mclass[39m=[32m"form-input"[39m
                [33mid[39m=[32m"email"[39m
                [33mplaceholder[39m=[32m"Your email address"[39m
                [33mrequired[39m=[32m""[39m
                [33mtype[39m=[32m"email"[39m
                [33mvalue[39m=[32m"wrong@example.com"[39m
              [36m/>[39m
            [36m</div>[39m
            [36m<div[39m
              [33mclass[39m=[32m"mb-6"[39m
            [36m>[39m
              [36m<label[39m
                [33mclass[39m=[32m"form-label"[39m
                [33mfor[39m=[32m"password"[39m
              [36m>[39m
                [0mPassword[0m
              [36m</label>[39m
              [36m<input[39m
                [33mclass[39m=[32m"form-input"[39m
                [33mid[39m=[32m"password"[39m
                [33mplaceholder[39m=[32m"Your password"[39m
                [33mrequired[39m=[32m""[39m
                [33mtype[39m=[32m"password"[39m
                [33mvalue[39m=[32m"wrongpassword"[39m
              [36m/>[39m
              [36m<div[39m
                [33mclass[39m=[32m"mt-1 text-sm text-right"[39m
              [36m>[39m
                [36m<a[39m
                  [33mclass[39m=[32m"text-primary-600 hover:text-primary-500"[39m
                  [33mhref[39m=[32m"/auth/forgot-password"[39m
                [36m>[39m
                  [0mForgot password?[0m
                [36m</a>[39m
              [36m</div>[39m
            [36m</div>[39m
            [36m<button[39m
              [33mclass[39m=[32m"btn btn-primary w-full"[39m
              [33mtype[39m=[32m"submit"[39m
            [36m>[39m
              [0mSign In[0m
            [36m</button>[39m
            [36m<div[39m
              [33mclass[39m=[32m"mt-6 text-center text-sm"[39m
            [36m>[39m
              [36m<p>[39m
                [0mDon't have an account?[0m
                [0m [0m
                [36m<a[39m
                  [33mclass[39m=[32m"text-primary-600 hover:text-primary-500 font-medium"[39m
                  [33mhref[39m=[32m"/signup"[39m
                [36m>[39m
                  [0mSign up[0m
                [36m</a>[39m
              [36m</p>[39m
            [36m</div>[39m
          [36m</form>[39m
        [36m</div>[39m
      [36m</div>[39m
    [36m</body>[39m

    [0m [90m 146 |[39m     
     [90m 147 |[39m     [90m// Check error message is displayed[39m
    [31m[1m>[22m[39m[90m 148 |[39m     [36mawait[39m waitFor(() [33m=>[39m {
     [90m     |[39m                  [31m[1m^[22m[39m
     [90m 149 |[39m       expect(screen[33m.[39mgetByText([35m/invalid login credentials/i[39m))[33m.[39mtoBeInTheDocument()[33m;[39m
     [90m 150 |[39m     })[33m;[39m
     [90m 151 |[39m   })[33m;[39m[0m

      at waitForWrapper (node_modules/@testing-library/react/node_modules/@testing-library/dom/dist/wait-for.js:163:27)
      at Object.<anonymous> (tests/components/auth/LoginForm.test.tsx:148:18)

  ● LoginForm › handles OAuth sign in correctly

    TestingLibraryElementError: Unable to find an element with the text: /sign in with google/i. This could be because the text is broken up by multiple elements. In this case, you can provide a function for your text matcher to make your matcher more flexible.

    Ignored nodes: comments, script, style
    [36m<body>[39m
      [36m<div>[39m
        [36m<div[39m
          [33mclass[39m=[32m"w-full max-w-md mx-auto"[39m
        [36m>[39m
          [36m<form[39m
            [33mclass[39m=[32m"bg-white p-8 shadow-md rounded-lg"[39m
          [36m>[39m
            [36m<h2[39m
              [33mclass[39m=[32m"text-2xl font-bold mb-6 text-gray-800"[39m
            [36m>[39m
              [0mSign In[0m
            [36m</h2>[39m
            [36m<div[39m
              [33mclass[39m=[32m"mb-4"[39m
            [36m>[39m
              [36m<label[39m
                [33mclass[39m=[32m"form-label"[39m
                [33mfor[39m=[32m"email"[39m
              [36m>[39m
                [0mEmail[0m
              [36m</label>[39m
              [36m<input[39m
                [33mclass[39m=[32m"form-input"[39m
                [33mid[39m=[32m"email"[39m
                [33mplaceholder[39m=[32m"Your email address"[39m
                [33mrequired[39m=[32m""[39m
                [33mtype[39m=[32m"email"[39m
                [33mvalue[39m=[32m""[39m
              [36m/>[39m
            [36m</div>[39m
            [36m<div[39m
              [33mclass[39m=[32m"mb-6"[39m
            [36m>[39m
              [36m<label[39m
                [33mclass[39m=[32m"form-label"[39m
                [33mfor[39m=[32m"password"[39m
              [36m>[39m
                [0mPassword[0m
              [36m</label>[39m
              [36m<input[39m
                [33mclass[39m=[32m"form-input"[39m
                [33mid[39m=[32m"password"[39m
                [33mplaceholder[39m=[32m"Your password"[39m
                [33mrequired[39m=[32m""[39m
                [33mtype[39m=[32m"password"[39m
                [33mvalue[39m=[32m""[39m
              [36m/>[39m
              [36m<div[39m
                [33mclass[39m=[32m"mt-1 text-sm text-right"[39m
              [36m>[39m
                [36m<a[39m
                  [33mclass[39m=[32m"text-primary-600 hover:text-primary-500"[39m
                  [33mhref[39m=[32m"/auth/forgot-password"[39m
                [36m>[39m
                  [0mForgot password?[0m
                [36m</a>[39m
              [36m</div>[39m
            [36m</div>[39m
            [36m<button[39m
              [33mclass[39m=[32m"btn btn-primary w-full"[39m
              [33mtype[39m=[32m"submit"[39m
            [36m>[39m
              [0mSign In[0m
            [36m</button>[39m
            [36m<div[39m
              [33mclass[39m=[32m"mt-6 text-center text-sm"[39m
            [36m>[39m
              [36m<p>[39m
                [0mDon't have an account?[0m
                [0m [0m
                [36m<a[39m
                  [33mclass[39m=[32m"text-primary-600 hover:text-primary-500 font-medium"[39m
                  [33mhref[39m=[32m"/signup"[39m
                [36m>[39m
                  [0mSign up[0m
                [36m</a>[39m
              [36m</p>[39m
            [36m</div>[39m
          [36m</form>[39m
        [36m</div>[39m
      [36m</div>[39m
    [36m</body>[39m

    [0m [90m 157 |[39m     
     [90m 158 |[39m     [90m// Click on Google sign in[39m
    [31m[1m>[22m[39m[90m 159 |[39m     [36mconst[39m googleButton [33m=[39m screen[33m.[39mgetByText([35m/sign in with google/i[39m)[33m;[39m
     [90m     |[39m                                 [31m[1m^[22m[39m
     [90m 160 |[39m     fireEvent[33m.[39mclick(googleButton)[33m;[39m
     [90m 161 |[39m     
     [90m 162 |[39m     [90m// Verify OAuth sign in was called with Google provider[39m[0m

      at Object.getElementError (node_modules/@testing-library/react/node_modules/@testing-library/dom/dist/config.js:37:19)
      at node_modules/@testing-library/react/node_modules/@testing-library/dom/dist/query-helpers.js:76:38
      at node_modules/@testing-library/react/node_modules/@testing-library/dom/dist/query-helpers.js:52:17
      at node_modules/@testing-library/react/node_modules/@testing-library/dom/dist/query-helpers.js:95:19
      at Object.getByText (tests/components/auth/LoginForm.test.tsx:159:33)

  ● LoginForm › navigates to forgot password page

    expect(jest.fn()).toHaveBeenCalledWith(...expected)

    Expected: "/reset-password"

    Number of calls: 0

    [0m [90m 183 |[39m     
     [90m 184 |[39m     [90m// Check navigation to forgot password page[39m
    [31m[1m>[22m[39m[90m 185 |[39m     expect(mockPush)[33m.[39mtoHaveBeenCalledWith([32m'/reset-password'[39m)[33m;[39m
     [90m     |[39m                      [31m[1m^[22m[39m
     [90m 186 |[39m   })[33m;[39m
     [90m 187 |[39m   
     [90m 188 |[39m   it([32m'navigates to sign up page'[39m[33m,[39m () [33m=>[39m {[0m

      at Object.toHaveBeenCalledWith (tests/components/auth/LoginForm.test.tsx:185:22)

  ● LoginForm › navigates to sign up page

    expect(jest.fn()).toHaveBeenCalledWith(...expected)

    Expected: "/signup"

    Number of calls: 0

    [0m [90m 198 |[39m     
     [90m 199 |[39m     [90m// Check navigation to sign up page[39m
    [31m[1m>[22m[39m[90m 200 |[39m     expect(mockPush)[33m.[39mtoHaveBeenCalledWith([32m'/signup'[39m)[33m;[39m
     [90m     |[39m                      [31m[1m^[22m[39m
     [90m 201 |[39m   })[33m;[39m
     [90m 202 |[39m   
     [90m 203 |[39m   it([32m'shows loading state during login'[39m[33m,[39m [36masync[39m () [33m=>[39m {[0m

      at Object.toHaveBeenCalledWith (tests/components/auth/LoginForm.test.tsx:200:22)


Test Suites: 19 failed, 4 passed, 23 total
Tests:       75 failed, 49 passed, 124 total
Snapshots:   0 total
Time:        13.991 s
Ran all test suites.
